Archive member included because of file (symbol)

d:/altera13.0sp1/nios2eds/bin/gnu/h-i686-mingw32/bin/../lib/gcc/nios2-elf/4.1.2\libgcc.a(lib2-divmod.o)
                              obj/default/main.o (__udivsi3)
d:/altera13.0sp1/nios2eds/bin/gnu/h-i686-mingw32/bin/../lib/gcc/nios2-elf/4.1.2/../../../../nios2-elf/lib\libc.a(lib_a-memcpy.o)
                              obj/default/mem_verify.o (memcpy)
d:/altera13.0sp1/nios2eds/bin/gnu/h-i686-mingw32/bin/../lib/gcc/nios2-elf/4.1.2/../../../../nios2-elf/lib\libc.a(lib_a-printf.o)
                              obj/default/main.o (printf)
d:/altera13.0sp1/nios2eds/bin/gnu/h-i686-mingw32/bin/../lib/gcc/nios2-elf/4.1.2/../../../../nios2-elf/lib\libc.a(lib_a-putchar.o)
                              obj/default/mem_verify.o (putchar)
d:/altera13.0sp1/nios2eds/bin/gnu/h-i686-mingw32/bin/../lib/gcc/nios2-elf/4.1.2/../../../../nios2-elf/lib\libc.a(lib_a-puts.o)
                              obj/default/main.o (puts)
d:/altera13.0sp1/nios2eds/bin/gnu/h-i686-mingw32/bin/../lib/gcc/nios2-elf/4.1.2/../../../../nios2-elf/lib\libc.a(lib_a-rand.o)
                              obj/default/mem_verify.o (srand)
d:/altera13.0sp1/nios2eds/bin/gnu/h-i686-mingw32/bin/../lib/gcc/nios2-elf/4.1.2/../../../../nios2-elf/lib\libc.a(lib_a-strlen.o)
                              d:/altera13.0sp1/nios2eds/bin/gnu/h-i686-mingw32/bin/../lib/gcc/nios2-elf/4.1.2/../../../../nios2-elf/lib\libc.a(lib_a-puts.o) (strlen)
d:/altera13.0sp1/nios2eds/bin/gnu/h-i686-mingw32/bin/../lib/gcc/nios2-elf/4.1.2/../../../../nios2-elf/lib\libc.a(lib_a-vfprintf.o)
                              d:/altera13.0sp1/nios2eds/bin/gnu/h-i686-mingw32/bin/../lib/gcc/nios2-elf/4.1.2/../../../../nios2-elf/lib\libc.a(lib_a-printf.o) (___vfprintf_internal_r)
d:/altera13.0sp1/nios2eds/bin/gnu/h-i686-mingw32/bin/../lib/gcc/nios2-elf/4.1.2/../../../../nios2-elf/lib\libc.a(lib_a-wsetup.o)
                              d:/altera13.0sp1/nios2eds/bin/gnu/h-i686-mingw32/bin/../lib/gcc/nios2-elf/4.1.2/../../../../nios2-elf/lib\libc.a(lib_a-vfprintf.o) (__swsetup_r)
d:/altera13.0sp1/nios2eds/bin/gnu/h-i686-mingw32/bin/../lib/gcc/nios2-elf/4.1.2/../../../../nios2-elf/lib\libc.a(lib_a-dtoa.o)
                              d:/altera13.0sp1/nios2eds/bin/gnu/h-i686-mingw32/bin/../lib/gcc/nios2-elf/4.1.2/../../../../nios2-elf/lib\libc.a(lib_a-vfprintf.o) (_dtoa_r)
d:/altera13.0sp1/nios2eds/bin/gnu/h-i686-mingw32/bin/../lib/gcc/nios2-elf/4.1.2/../../../../nios2-elf/lib\libc.a(lib_a-fflush.o)
                              d:/altera13.0sp1/nios2eds/bin/gnu/h-i686-mingw32/bin/../lib/gcc/nios2-elf/4.1.2/../../../../nios2-elf/lib\libc.a(lib_a-vfprintf.o) (_fflush_r)
d:/altera13.0sp1/nios2eds/bin/gnu/h-i686-mingw32/bin/../lib/gcc/nios2-elf/4.1.2/../../../../nios2-elf/lib\libc.a(lib_a-findfp.o)
                              d:/altera13.0sp1/nios2eds/bin/gnu/h-i686-mingw32/bin/../lib/gcc/nios2-elf/4.1.2/../../../../nios2-elf/lib\libc.a(lib_a-vfprintf.o) (__sinit)
d:/altera13.0sp1/nios2eds/bin/gnu/h-i686-mingw32/bin/../lib/gcc/nios2-elf/4.1.2/../../../../nios2-elf/lib\libc.a(lib_a-freer.o)
                              d:/altera13.0sp1/nios2eds/bin/gnu/h-i686-mingw32/bin/../lib/gcc/nios2-elf/4.1.2/../../../../nios2-elf/lib\libc.a(lib_a-wsetup.o) (_free_r)
d:/altera13.0sp1/nios2eds/bin/gnu/h-i686-mingw32/bin/../lib/gcc/nios2-elf/4.1.2/../../../../nios2-elf/lib\libc.a(lib_a-fvwrite.o)
                              d:/altera13.0sp1/nios2eds/bin/gnu/h-i686-mingw32/bin/../lib/gcc/nios2-elf/4.1.2/../../../../nios2-elf/lib\libc.a(lib_a-puts.o) (__sfvwrite_r)
d:/altera13.0sp1/nios2eds/bin/gnu/h-i686-mingw32/bin/../lib/gcc/nios2-elf/4.1.2/../../../../nios2-elf/lib\libc.a(lib_a-fwalk.o)
                              d:/altera13.0sp1/nios2eds/bin/gnu/h-i686-mingw32/bin/../lib/gcc/nios2-elf/4.1.2/../../../../nios2-elf/lib\libc.a(lib_a-fflush.o) (_fwalk_reent)
d:/altera13.0sp1/nios2eds/bin/gnu/h-i686-mingw32/bin/../lib/gcc/nios2-elf/4.1.2/../../../../nios2-elf/lib\libc.a(lib_a-impure.o)
                              d:/altera13.0sp1/nios2eds/bin/gnu/h-i686-mingw32/bin/../lib/gcc/nios2-elf/4.1.2/../../../../nios2-elf/lib\libc.a(lib_a-printf.o) (_impure_ptr)
d:/altera13.0sp1/nios2eds/bin/gnu/h-i686-mingw32/bin/../lib/gcc/nios2-elf/4.1.2/../../../../nios2-elf/lib\libc.a(lib_a-locale.o)
                              d:/altera13.0sp1/nios2eds/bin/gnu/h-i686-mingw32/bin/../lib/gcc/nios2-elf/4.1.2/../../../../nios2-elf/lib\libc.a(lib_a-vfprintf.o) (_localeconv_r)
d:/altera13.0sp1/nios2eds/bin/gnu/h-i686-mingw32/bin/../lib/gcc/nios2-elf/4.1.2/../../../../nios2-elf/lib\libc.a(lib_a-makebuf.o)
                              d:/altera13.0sp1/nios2eds/bin/gnu/h-i686-mingw32/bin/../lib/gcc/nios2-elf/4.1.2/../../../../nios2-elf/lib\libc.a(lib_a-wsetup.o) (__smakebuf_r)
d:/altera13.0sp1/nios2eds/bin/gnu/h-i686-mingw32/bin/../lib/gcc/nios2-elf/4.1.2/../../../../nios2-elf/lib\libc.a(lib_a-mallocr.o)
[...]
Memory Configuration

Name             Origin             Length             Attributes
reset            0x00000000         0x00000020
sdram            0x00000020         0x0001ffe0
*default*        0x00000000         0xffffffff

Linker script and memory map

LOAD ../DE0_NANO_SDRAM_Nios_Test_bsp//obj/HAL/src/crt0.o
LOAD obj/default/main.o
LOAD obj/default/mem_verify.o
LOAD d:/altera13.0sp1/nios2eds/bin/gnu/h-i686-mingw32/bin/../lib/gcc/nios2-elf/4.1.2/../../../../nios2-elf/lib\libstdc++.a
LOAD d:/altera13.0sp1/nios2eds/bin/gnu/h-i686-mingw32/bin/../lib/gcc/nios2-elf/4.1.2/../../../../nios2-elf/lib\libm.a
LOAD d:/altera13.0sp1/nios2eds/bin/gnu/h-i686-mingw32/bin/../lib/gcc/nios2-elf/4.1.2\libgcc.a
START GROUP
LOAD d:/altera13.0sp1/nios2eds/bin/gnu/h-i686-mingw32/bin/../lib/gcc/nios2-elf/4.1.2/../../../../nios2-elf/lib\libc.a
LOAD d:/altera13.0sp1/nios2eds/bin/gnu/h-i686-mingw32/bin/../lib/gcc/nios2-elf/4.1.2\libgcc.a
LOAD ../DE0_NANO_SDRAM_Nios_Test_bsp/\libhal_bsp.a
END GROUP
LOAD d:/altera13.0sp1/nios2eds/bin/gnu/h-i686-mingw32/bin/../lib/gcc/nios2-elf/4.1.2\libgcc.a
                0x00000000                __alt_mem_sdram = 0x0

.entry          0x00000000       0x20
 *(.entry)
 .entry         0x00000000       0x20 ../DE0_NANO_SDRAM_Nios_Test_bsp//obj/HAL/src/crt0.o
                0x00000000                __reset

.exceptions     0x00000020      0x194
                0x00000020                PROVIDE (__ram_exceptions_start, ABSOLUTE (.))
                0x00000020                . = ALIGN (0x20)
 *(.irq)
 *(.exceptions.entry.label)
 .exceptions.entry.label
                0x00000020        0x0 ../DE0_NANO_SDRAM_Nios_Test_bsp/\libhal_bsp.a(alt_irq_entry.o)
                0x00000020                alt_irq_entry
 .exceptions.entry.label
                0x00000020        0x0 ../DE0_NANO_SDRAM_Nios_Test_bsp/\libhal_bsp.a(alt_exception_entry.o)
                0x00000020                alt_exception
 *(.exceptions.entry.user)
 *(.exceptions.entry)
 .exceptions.entry
                0x00000020       0x54 ../DE0_NANO_SDRAM_Nios_Test_bsp/\libhal_bsp.a(alt_exception_entry.o)
 *(.exceptions.irqtest.user)
 *(.exceptions.irqtest)
 .exceptions.irqtest
                0x00000074       0x10 ../DE0_NANO_SDRAM_Nios_Test_bsp/\libhal_bsp.a(alt_irq_entry.o)
 *(.exceptions.irqhandler.user)
 *(.exceptions.irqhandler)
 .exceptions.irqhandler
                0x00000084        0x4 ../DE0_NANO_SDRAM_Nios_Test_bsp/\libhal_bsp.a(alt_irq_entry.o)
 *(.exceptions.irqreturn.user)
 *(.exceptions.irqreturn)
 .exceptions.irqreturn
                0x00000088        0x4 ../DE0_NANO_SDRAM_Nios_Test_bsp/\libhal_bsp.a(alt_irq_entry.o)
 *(.exceptions.notirq.label)
 .exceptions.notirq.label
                0x0000008c        0x0 ../DE0_NANO_SDRAM_Nios_Test_bsp/\libhal_bsp.a(alt_irq_entry.o)
 *(.exceptions.notirq.user)
 *(.exceptions.notirq)
 .exceptions.notirq
                0x0000008c        0x8 ../DE0_NANO_SDRAM_Nios_Test_bsp/\libhal_bsp.a(alt_exception_entry.o)
 *(.exceptions.soft.user)
 *(.exceptions.soft)
 *(.exceptions.unknown.user)
 *(.exceptions.unknown)
 .exceptions.unknown
                0x00000094        0x4 ../DE0_NANO_SDRAM_Nios_Test_bsp/\libhal_bsp.a(alt_exception_entry.o)
 *(.exceptions.exit.label)
 .exceptions.exit.label
                0x00000098        0x0 ../DE0_NANO_SDRAM_Nios_Test_bsp/\libhal_bsp.a(alt_irq_entry.o)
 .exceptions.exit.label
                0x00000098        0x0 ../DE0_NANO_SDRAM_Nios_Test_bsp/\libhal_bsp.a(alt_exception_entry.o)
 *(.exceptions.exit.user)
 *(.exceptions.exit)
 .exceptions.exit
                0x00000098       0x54 ../DE0_NANO_SDRAM_Nios_Test_bsp/\libhal_bsp.a(alt_exception_entry.o)
 *(.exceptions)
 .exceptions    0x000000ec       0xc8 ../DE0_NANO_SDRAM_Nios_Test_bsp/\libhal_bsp.a(alt_irq_handler.o)
                0x000000ec                alt_irq_handler
                0x000001b4                PROVIDE (__ram_exceptions_end, ABSOLUTE (.))
                0x00000020                PROVIDE (__flash_exceptions_start, LOADADDR (.exceptions))

.text           0x000001b4     0xd100
                0x000001b4                PROVIDE (stext, ABSOLUTE (.))
 *(.interp)
 *(.hash)
 *(.dynsym)
 *(.dynstr)
 *(.gnu.version)
 *(.gnu.version_d)
 *(.gnu.version_r)
 *(.rel.init)
 *(.rela.init)
 *(.rel.text .rel.text.* .rel.gnu.linkonce.t.*)
 *(.rela.text .rela.text.* .rela.gnu.linkonce.t.*)
 *(.rel.fini)
 *(.rela.fini)
 *(.rel.rodata .rel.rodata.* .rel.gnu.linkonce.r.*)
 *(.rela.rodata .rela.rodata.* .rela.gnu.linkonce.r.*)
 *(.rel.data .rel.data.* .rel.gnu.linkonce.d.*)
 *(.rela.data .rela.data.* .rela.gnu.linkonce.d.*)
 *(.rel.tdata .rel.tdata.* .rel.gnu.linkonce.td.*)
 *(.rela.tdata .rela.tdata.* .rela.gnu.linkonce.td.*)
 *(.rel.tbss .rel.tbss.* .rel.gnu.linkonce.tb.*)
 *(.rela.tbss .rela.tbss.* .rela.gnu.linkonce.tb.*)
 *(.rel.ctors)
 *(.rela.ctors)
 *(.rel.dtors)
 *(.rela.dtors)
 *(.rel.got)
 *(.rela.got)
 *(.rel.sdata .rel.sdata.* .rel.gnu.linkonce.s.*)
 *(.rela.sdata .rela.sdata.* .rela.gnu.linkonce.s.*)
 *(.rel.sbss .rel.sbss.* .rel.gnu.linkonce.sb.*)
 *(.rela.sbss .rela.sbss.* .rela.gnu.linkonce.sb.*)
 *(.rel.sdata2 .rel.sdata2.* .rel.gnu.linkonce.s2.*)
 *(.rela.sdata2 .rela.sdata2.* .rela.gnu.linkonce.s2.*)
 *(.rel.sbss2 .rel.sbss2.* .rel.gnu.linkonce.sb2.*)
 *(.rela.sbss2 .rela.sbss2.* .rela.gnu.linkonce.sb2.*)
 *(.rel.bss .rel.bss.* .rel.gnu.linkonce.b.*)
 *(.rela.bss .rela.bss.* .rela.gnu.linkonce.b.*)
 *(.rel.plt)
 *(.rela.plt)
 *(.rel.dyn)
 *(.init)
 *(.plt)
 *(.text .stub .text.* .gnu.linkonce.t.*)
 .text          0x000001b4       0x4c ../DE0_NANO_SDRAM_Nios_Test_bsp//obj/HAL/src/crt0.o
                0x000001b4                _start
 .text          0x00000200      0x1f4 obj/default/main.o
                0x00000200                main
 .text          0x000003f4      0x780 obj/default/mem_verify.o
                0x000003f4                TMEM_Verify
                0x00000934                TMEM_QuickVerify
 .text          0x00000b74      0x14c d:/altera13.0sp1/nios2eds/bin/gnu/h-i686-mingw32/bin/../lib/gcc/nios2-elf/4.1.2\libgcc.a(lib2-divmod.o)
                0x00000bf0                __divsi3
                0x00000c50                __modsi3
                0x00000cb0                __udivsi3
                0x00000cb8                __umodsi3
 .text          0x00000cc0       0xa0 d:/altera13.0sp1/nios2eds/bin/gnu/h-i686-mingw32/bin/../lib/gcc/nios2-elf/4.1.2/../../../../nios2-elf/lib\libc.a(lib_a-memcpy.o)
                0x00000cc0                memcpy
 .text          0x00000d60       0x78 d:/altera13.0sp1/nios2eds/bin/gnu/h-i686-mingw32/bin/../lib/gcc/nios2-elf/4.1.2/../../../../nios2-elf/lib\libc.a(lib_a-printf.o)
                0x00000d60                printf
                0x00000da4                _printf_r
 .text          0x00000dd8       0x24 d:/altera13.0sp1/nios2eds/bin/gnu/h-i686-mingw32/bin/../lib/gcc/nios2-elf/4.1.2/../../../../nios2-elf/lib\libc.a(lib_a-putchar.o)
                0x00000dd8                putchar
                0x00000df4                _putchar_r
 .text          0x00000dfc       0xb4 d:/altera13.0sp1/nios2eds/bin/gnu/h-i686-mingw32/bin/../lib/gcc/nios2-elf/4.1.2/../../../../nios2-elf/lib\libc.a(lib_a-puts.o)
                0x00000dfc                _puts_r
                0x00000e9c                puts
 .text          0x00000eb0       0x94 d:/altera13.0sp1/nios2eds/bin/gnu/h-i686-mingw32/bin/../lib/gcc/nios2-elf/4.1.2/../../../../nios2-elf/lib\libc.a(lib_a-rand.o)
                0x00000eb0                srand
                0x00000ecc                rand
 .text          0x00000f44       0x74 d:/altera13.0sp1/nios2eds/bin/gnu/h-i686-mingw32/bin/../lib/gcc/nios2-elf/4.1.2/../../../../nios2-elf/lib\libc.a(lib_a-strlen.o)
                0x00000f44                strlen
 .text          0x00000fb8     0x1f28 d:/altera13.0sp1/nios2eds/bin/gnu/h-i686-mingw32/bin/../lib/gcc/nios2-elf/4.1.2/../../../../nios2-elf/lib\libc.a(lib_a-vfprintf.o)
                0x00001010                ___vfprintf_internal_r
                0x00002ebc                __vfprintf_internal
 .text          0x00002ee0      0x13c d:/altera13.0sp1/nios2eds/bin/gnu/h-i686-mingw32/bin/../lib/gcc/nios2-elf/4.1.2/../../../../nios2-elf/lib\libc.a(lib_a-wsetup.o)
                0x00002ee0                __swsetup_r
 .text          0x0000301c     0x17cc d:/altera13.0sp1/nios2eds/bin/gnu/h-i686-mingw32/bin/../lib/gcc/nios2-elf/4.1.2/../../../../nios2-elf/lib\libc.a(lib_a-dtoa.o)
                0x00003234                _dtoa_r
 .text          0x000047e8      0x230 d:/altera13.0sp1/nios2eds/bin/gnu/h-i686-mingw32/bin/../lib/gcc/nios2-elf/4.1.2/../../../../nios2-elf/lib\libc.a(lib_a-fflush.o)
                0x000047e8                _fflush_r
                0x000049e4                fflush
 .text          0x00004a18      0x2c0 d:/altera13.0sp1/nios2eds/bin/gnu/h-i686-mingw32/bin/../lib/gcc/nios2-elf/4.1.2/../../../../nios2-elf/lib\libc.a(lib_a-findfp.o)
                0x00004a70                __sfp_lock_acquire
                0x00004a74                __sfp_lock_release
                0x00004a78                __sinit_lock_acquire
                0x00004a7c                __sinit_lock_release
                0x00004a80                __sinit
                0x00004b34                __fp_unlock_all
                0x00004b4c                __fp_lock_all
                0x00004b64                _cleanup_r
                0x00004b70                _cleanup
                0x00004b80                __sfmoreglue
                0x00004be8                __sfp
 .text          0x00004cd8      0x440 d:/altera13.0sp1/nios2eds/bin/gnu/h-i686-mingw32/bin/../lib/gcc/nios2-elf/4.1.2/../../../../nios2-elf/lib\libc.a(lib_a-freer.o)
                0x00004cd8                _malloc_trim_r
                0x00004e04                _free_r
 .text          0x00005118      0x49c d:/altera13.0sp1/nios2eds/bin/gnu/h-i686-mingw32/bin/../lib/gcc/nios2-elf/4.1.2/../../../../nios2-elf/lib\libc.a(lib_a-fvwrite.o)
                0x00005118                __sfvwrite_r
 .text          0x000055b4      0x180 d:/altera13.0sp1/nios2eds/bin/gnu/h-i686-mingw32/bin/../lib/gcc/nios2-elf/4.1.2/../../../../nios2-elf/lib\libc.a(lib_a-fwalk.o)
                0x000055b4                _fwalk_reent
                0x0000567c                _fwalk
 .text          0x00005734        0x0 d:/altera13.0sp1/nios2eds/bin/gnu/h-i686-mingw32/bin/../lib/gcc/nios2-elf/4.1.2/../../../../nios2-elf/lib\libc.a(lib_a-impure.o)
 .text          0x00005734       0xc4 d:/altera13.0sp1/nios2eds/bin/gnu/h-i686-mingw32/bin/../lib/gcc/nios2-elf/4.1.2/../../../../nios2-elf/lib\libc.a(lib_a-locale.o)
                0x00005734                __locale_charset
                0x0000573c                _localeconv_r
                0x00005748                localeconv
                0x00005758                _setlocale_r
                0x000057dc                setlocale
 .text          0x000057f8      0x194 d:/altera13.0sp1/nios2eds/bin/gnu/h-i686-mingw32/bin/../lib/gcc/nios2-elf/4.1.2/../../../../nios2-elf/lib\libc.a(lib_a-makebuf.o)
                0x000057f8                __smakebuf_r
 .text          0x0000598c      0x740 d:/altera13.0sp1/nios2eds/bin/gnu/h-i686-mingw32/bin/../lib/gcc/nios2-elf/4.1.2/../../../../nios2-elf/lib\libc.a(lib_a-mallocr.o)
                0x0000598c                _malloc_r
 .text          0x000060cc       0xe4 d:/altera13.0sp1/nios2eds/bin/gnu/h-i686-mingw32/bin/../lib/gcc/nios2-elf/4.1.2/../../../../nios2-elf/lib\libc.a(lib_a-memchr.o)
                0x000060cc                memchr
 .text          0x000061b0       0xe0 d:/altera13.0sp1/nios2eds/bin/gnu/h-i686-mingw32/bin/../lib/gcc/nios2-elf/4.1.2/../../../../nios2-elf/lib\libc.a(lib_a-memmove.o)
                0x000061b0                memmove
 .text          0x00006290       0x98 d:/altera13.0sp1/nios2eds/bin/gnu/h-i686-mingw32/bin/../lib/gcc/nios2-elf/4.1.2/../../../../nios2-elf/lib\libc.a(lib_a-memset.o)
                0x00006290                memset
 .text          0x00006328      0xff4 d:/altera13.0sp1/nios2eds/bin/gnu/h-i686-mingw32/bin/../lib/gcc/nios2-elf/4.1.2/../../../../nios2-elf/lib\libc.a(lib_a-mprec.o)
                0x00006328                _Bfree
                0x00006350                __hi0bits
                0x000063c0                __lo0bits
                0x00006484                __mcmp
                0x000064e4                __ulp
                0x00006564                __b2d
                0x00006684                __ratio
                0x00006734                _mprec_log10
                0x000067c8                __copybits
                0x00006820                __any_on
                0x000068a8                _Balloc
                0x00006964                __d2b
                0x00006ae0                __mdiff
                0x00006c6c                __lshift
                0x00006db8                __multiply
                0x00006fa0                __i2b
                0x00006fdc                __multadd
                0x000070dc                __pow5mult
                0x000071fc                __s2b
 .text          0x0000731c      0x1ec d:/altera13.0sp1/nios2eds/bin/gnu/h-i686-mingw32/bin/../lib/gcc/nios2-elf/4.1.2/../../../../nios2-elf/lib\libc.a(lib_a-putc.o)
                0x0000731c                putc
                0x00007420                _putc_r
 .text          0x00007508      0x5f4 d:/altera13.0sp1/nios2eds/bin/gnu/h-i686-mingw32/bin/../lib/gcc/nios2-elf/4.1.2/../../../../nios2-elf/lib\libc.a(lib_a-reallocr.o)
                0x00007508                _realloc_r
 .text          0x00007afc       0x40 d:/altera13.0sp1/nios2eds/bin/gnu/h-i686-mingw32/bin/../lib/gcc/nios2-elf/4.1.2/../../../../nios2-elf/lib\libc.a(lib_a-s_isinfd.o)
                0x00007afc                __isinfd
 .text          0x00007b3c       0x30 d:/altera13.0sp1/nios2eds/bin/gnu/h-i686-mingw32/bin/../lib/gcc/nios2-elf/4.1.2/../../../../nios2-elf/lib\libc.a(lib_a-s_isnand.o)
                0x00007b3c                __isnand
 .text          0x00007b6c       0x70 d:/altera13.0sp1/nios2eds/bin/gnu/h-i686-mingw32/bin/../lib/gcc/nios2-elf/4.1.2/../../../../nios2-elf/lib\libc.a(lib_a-sbrkr.o)
                0x00007b6c                _sbrk_r
 .text          0x00007bdc      0x14c d:/altera13.0sp1/nios2eds/bin/gnu/h-i686-mingw32/bin/../lib/gcc/nios2-elf/4.1.2/../../../../nios2-elf/lib\libc.a(lib_a-stdio.o)
                0x00007bdc                __sclose
                0x00007be4                __sseek
                0x00007c4c                __swrite
                0x00007cc8                __sread
 .text          0x00007d28       0xbc d:/altera13.0sp1/nios2eds/bin/gnu/h-i686-mingw32/bin/../lib/gcc/nios2-elf/4.1.2/../../../../nios2-elf/lib\libc.a(lib_a-strcmp.o)
                0x00007d28                strcmp
 .text          0x00007de4      0x14c d:/altera13.0sp1/nios2eds/bin/gnu/h-i686-mingw32/bin/../lib/gcc/nios2-elf/4.1.2/../../../../nios2-elf/lib\libc.a(lib_a-wbuf.o)
                0x00007de4                __swbuf_r
                0x00007f14                __swbuf
 .text          0x00007f30       0x78 d:/altera13.0sp1/nios2eds/bin/gnu/h-i686-mingw32/bin/../lib/gcc/nios2-elf/4.1.2/../../../../nios2-elf/lib\libc.a(lib_a-writer.o)
                0x00007f30                _write_r
 .text          0x00007fa8       0xb4 d:/altera13.0sp1/nios2eds/bin/gnu/h-i686-mingw32/bin/../lib/gcc/nios2-elf/4.1.2/../../../../nios2-elf/lib\libc.a(lib_a-callocr.o)
                0x00007fa8                _calloc_r
 .text          0x0000805c       0x70 d:/altera13.0sp1/nios2eds/bin/gnu/h-i686-mingw32/bin/../lib/gcc/nios2-elf/4.1.2/../../../../nios2-elf/lib\libc.a(lib_a-closer.o)
                0x0000805c                _close_r
 .text          0x000080cc      0x124 d:/altera13.0sp1/nios2eds/bin/gnu/h-i686-mingw32/bin/../lib/gcc/nios2-elf/4.1.2/../../../../nios2-elf/lib\libc.a(lib_a-fclose.o)
                0x000080cc                _fclose_r
                0x000081dc                fclose
 .text          0x000081f0       0x74 d:/altera13.0sp1/nios2eds/bin/gnu/h-i686-mingw32/bin/../lib/gcc/nios2-elf/4.1.2/../../../../nios2-elf/lib\libc.a(lib_a-fstatr.o)
                0x000081f0                _fstat_r
 .text          0x00008264        0x0 d:/altera13.0sp1/nios2eds/bin/gnu/h-i686-mingw32/bin/../lib/gcc/nios2-elf/4.1.2/../../../../nios2-elf/lib\libc.a(lib_a-int_errno.o)
 .text          0x00008264       0x70 d:/altera13.0sp1/nios2eds/bin/gnu/h-i686-mingw32/bin/../lib/gcc/nios2-elf/4.1.2/../../../../nios2-elf/lib\libc.a(lib_a-isattyr.o)
                0x00008264                _isatty_r
 .text          0x000082d4       0x78 d:/altera13.0sp1/nios2eds/bin/gnu/h-i686-mingw32/bin/../lib/gcc/nios2-elf/4.1.2/../../../../nios2-elf/lib\libc.a(lib_a-lseekr.o)
                0x000082d4                _lseek_r
 .text          0x0000834c       0x78 d:/altera13.0sp1/nios2eds/bin/gnu/h-i686-mingw32/bin/../lib/gcc/nios2-elf/4.1.2/../../../../nios2-elf/lib\libc.a(lib_a-readr.o)
                0x0000834c                _read_r
 .text          0x000083c4       0x98 d:/altera13.0sp1/nios2eds/bin/gnu/h-i686-mingw32/bin/../lib/gcc/nios2-elf/4.1.2\libgcc.a(_muldi3.o)
                0x000083c4                __muldi3
 .text          0x0000845c      0x5dc d:/altera13.0sp1/nios2eds/bin/gnu/h-i686-mingw32/bin/../lib/gcc/nios2-elf/4.1.2\libgcc.a(_udivdi3.o)
                0x0000845c                __udivdi3
 .text          0x00008a38      0x5b0 d:/altera13.0sp1/nios2eds/bin/gnu/h-i686-mingw32/bin/../lib/gcc/nios2-elf/4.1.2\libgcc.a(_umoddi3.o)
                0x00008a38                __umoddi3
 .text          0x00008fe8      0x504 d:/altera13.0sp1/nios2eds/bin/gnu/h-i686-mingw32/bin/../lib/gcc/nios2-elf/4.1.2\libgcc.a(_addsub_df.o)
                0x000093f8                __subdf3
                0x00009478                __adddf3
 .text          0x000094ec      0x3c4 d:/altera13.0sp1/nios2eds/bin/gnu/h-i686-mingw32/bin/../lib/gcc/nios2-elf/4.1.2\libgcc.a(_mul_df.o)
                0x000094ec                __muldf3
 .text          0x000098b0      0x258 d:/altera13.0sp1/nios2eds/bin/gnu/h-i686-mingw32/bin/../lib/gcc/nios2-elf/4.1.2\libgcc.a(_div_df.o)
                0x000098b0                __divdf3
 .text          0x00009b08       0x88 d:/altera13.0sp1/nios2eds/bin/gnu/h-i686-mingw32/bin/../lib/gcc/nios2-elf/4.1.2\libgcc.a(_eq_df.o)
                0x00009b08                __eqdf2
 .text          0x00009b90       0x88 d:/altera13.0sp1/nios2eds/bin/gnu/h-i686-mingw32/bin/../lib/gcc/nios2-elf/4.1.2\libgcc.a(_ne_df.o)
                0x00009b90                __nedf2
 .text          0x00009c18       0x88 d:/altera13.0sp1/nios2eds/bin/gnu/h-i686-mingw32/bin/../lib/gcc/nios2-elf/4.1.2\libgcc.a(_gt_df.o)
                0x00009c18                __gtdf2
 .text          0x00009ca0       0x88 d:/altera13.0sp1/nios2eds/bin/gnu/h-i686-mingw32/bin/../lib/gcc/nios2-elf/4.1.2\libgcc.a(_ge_df.o)
                0x00009ca0                __gedf2
 .text          0x00009d28       0x88 d:/altera13.0sp1/nios2eds/bin/gnu/h-i686-mingw32/bin/../lib/gcc/nios2-elf/4.1.2\libgcc.a(_lt_df.o)
                0x00009d28                __ltdf2
 .text          0x00009db0       0xf8 d:/altera13.0sp1/nios2eds/bin/gnu/h-i686-mingw32/bin/../lib/gcc/nios2-elf/4.1.2\libgcc.a(_si_to_df.o)
                0x00009db0                __floatsidf
 .text          0x00009ea8       0xd8 d:/altera13.0sp1/nios2eds/bin/gnu/h-i686-mingw32/bin/../lib/gcc/nios2-elf/4.1.2\libgcc.a(_df_to_si.o)
                0x00009ea8                __fixdfsi
 .text          0x00009f80        0x0 d:/altera13.0sp1/nios2eds/bin/gnu/h-i686-mingw32/bin/../lib/gcc/nios2-elf/4.1.2\libgcc.a(_thenan_df.o)
 .text          0x00009f80      0x194 d:/altera13.0sp1/nios2eds/bin/gnu/h-i686-mingw32/bin/../lib/gcc/nios2-elf/4.1.2\libgcc.a(_usi_to_df.o)
                0x00009f80                __floatunsidf
 .text          0x0000a114        0x0 d:/altera13.0sp1/nios2eds/bin/gnu/h-i686-mingw32/bin/../lib/gcc/nios2-elf/4.1.2\libgcc.a(_clz.o)
 .text          0x0000a114       0x80 d:/altera13.0sp1/nios2eds/bin/gnu/h-i686-mingw32/bin/../lib/gcc/nios2-elf/4.1.2\libgcc.a(_clzsi2.o)
                0x0000a114                __clzsi2
 .text          0x0000a194      0x314 d:/altera13.0sp1/nios2eds/bin/gnu/h-i686-mingw32/bin/../lib/gcc/nios2-elf/4.1.2\libgcc.a(_pack_df.o)
                0x0000a194                __pack_d
 .text          0x0000a4a8      0x138 d:/altera13.0sp1/nios2eds/bin/gnu/h-i686-mingw32/bin/../lib/gcc/nios2-elf/4.1.2\libgcc.a(_unpack_df.o)
                0x0000a4a8                __unpack_d
 .text          0x0000a5e0       0xc8 d:/altera13.0sp1/nios2eds/bin/gnu/h-i686-mingw32/bin/../lib/gcc/nios2-elf/4.1.2\libgcc.a(_fpcmp_parts_df.o)
                0x0000a5e0                __fpcmp_parts_d
 .text          0x0000a6a8      0x15c ../DE0_NANO_SDRAM_Nios_Test_bsp/\libhal_bsp.a(alt_close.o)
                0x0000a6a8                close
 .text          0x0000a804       0x44 ../DE0_NANO_SDRAM_Nios_Test_bsp/\libhal_bsp.a(alt_dcache_flush_all.o)
                0x0000a804                alt_dcache_flush_all
 .text          0x0000a848       0x2c ../DE0_NANO_SDRAM_Nios_Test_bsp/\libhal_bsp.a(alt_dev.o)
 .text          0x0000a874        0x0 ../DE0_NANO_SDRAM_Nios_Test_bsp/\libhal_bsp.a(alt_errno.o)
 .text          0x0000a874      0x134 ../DE0_NANO_SDRAM_Nios_Test_bsp/\libhal_bsp.a(alt_fstat.o)
                0x0000a874                fstat
 .text          0x0000a9a8      0x120 ../DE0_NANO_SDRAM_Nios_Test_bsp/\libhal_bsp.a(alt_isatty.o)
                0x0000a9a8                isatty
 .text          0x0000aac8       0xec ../DE0_NANO_SDRAM_Nios_Test_bsp/\libhal_bsp.a(alt_load.o)
                0x0000aac8                alt_load
 .text          0x0000abb4      0x150 ../DE0_NANO_SDRAM_Nios_Test_bsp/\libhal_bsp.a(alt_lseek.o)
                0x0000abb4                lseek
 .text          0x0000ad04       0x6c ../DE0_NANO_SDRAM_Nios_Test_bsp/\libhal_bsp.a(alt_main.o)
                0x0000ad04                alt_main
 .text          0x0000ad70       0x40 ../DE0_NANO_SDRAM_Nios_Test_bsp/\libhal_bsp.a(alt_malloc_lock.o)
                0x0000ad70                __malloc_lock
                0x0000ad90                __malloc_unlock
 .text          0x0000adb0      0x180 ../DE0_NANO_SDRAM_Nios_Test_bsp/\libhal_bsp.a(alt_read.o)
                0x0000adb0                read
 .text          0x0000af30       0x60 ../DE0_NANO_SDRAM_Nios_Test_bsp/\libhal_bsp.a(alt_release_fd.o)
                0x0000af30                alt_release_fd
 .text          0x0000af90       0xbc ../DE0_NANO_SDRAM_Nios_Test_bsp/\libhal_bsp.a(alt_sbrk.o)
                0x0000af90                sbrk
 .text          0x0000b04c      0x1a4 ../DE0_NANO_SDRAM_Nios_Test_bsp/\libhal_bsp.a(alt_tick.o)
                0x0000b04c                alt_alarm_stop
                0x0000b0e4                alt_tick
 .text          0x0000b1f0       0x30 ../DE0_NANO_SDRAM_Nios_Test_bsp/\libhal_bsp.a(alt_usleep.o)
                0x0000b1f0                usleep
 .text          0x0000b220      0x180 ../DE0_NANO_SDRAM_Nios_Test_bsp/\libhal_bsp.a(alt_write.o)
                0x0000b220                write
 .text          0x0000b3a0       0xc8 ../DE0_NANO_SDRAM_Nios_Test_bsp/\libhal_bsp.a(alt_sys_init.o)
                0x0000b3a0                alt_irq_init
                0x0000b3d4                alt_sys_init
 .text          0x0000b468      0x148 ../DE0_NANO_SDRAM_Nios_Test_bsp/\libhal_bsp.a(altera_avalon_jtag_uart_fd.o)
                0x0000b468                altera_avalon_jtag_uart_read_fd
                0x0000b4c0                altera_avalon_jtag_uart_write_fd
                0x0000b518                altera_avalon_jtag_uart_close_fd
                0x0000b560                altera_avalon_jtag_uart_ioctl_fd
 .text          0x0000b5b0      0x40c ../DE0_NANO_SDRAM_Nios_Test_bsp/\libhal_bsp.a(altera_avalon_jtag_uart_init.o)
                0x0000b5b0                altera_avalon_jtag_uart_init
                0x0000b948                altera_avalon_jtag_uart_close
 .text          0x0000b9bc       0xf4 ../DE0_NANO_SDRAM_Nios_Test_bsp/\libhal_bsp.a(altera_avalon_jtag_uart_ioctl.o)
                0x0000b9bc                altera_avalon_jtag_uart_ioctl
 .text          0x0000bab0      0x224 ../DE0_NANO_SDRAM_Nios_Test_bsp/\libhal_bsp.a(altera_avalon_jtag_uart_read.o)
                0x0000bab0                altera_avalon_jtag_uart_read
 .text          0x0000bcd4      0x240 ../DE0_NANO_SDRAM_Nios_Test_bsp/\libhal_bsp.a(altera_avalon_jtag_uart_write.o)
                0x0000bcd4                altera_avalon_jtag_uart_write
 .text          0x0000bf14      0x100 ../DE0_NANO_SDRAM_Nios_Test_bsp/\libhal_bsp.a(altera_avalon_timer_sc.o)
                0x0000bf84                alt_avalon_timer_sc_init
 .text          0x0000c014      0x154 ../DE0_NANO_SDRAM_Nios_Test_bsp/\libhal_bsp.a(alt_alarm_start.o)
                0x0000c014                alt_alarm_start
 .text          0x0000c168      0x14c ../DE0_NANO_SDRAM_Nios_Test_bsp/\libhal_bsp.a(alt_busy_sleep.o)
                0x0000c168                alt_busy_sleep
 .text          0x0000c2b4      0x114 ../DE0_NANO_SDRAM_Nios_Test_bsp/\libhal_bsp.a(alt_dev_llist_insert.o)
                0x0000c2b4                alt_dev_llist_insert
 .text          0x0000c3c8       0x64 ../DE0_NANO_SDRAM_Nios_Test_bsp/\libhal_bsp.a(alt_do_ctors.o)
                0x0000c3c8                _do_ctors
 .text          0x0000c42c       0x64 ../DE0_NANO_SDRAM_Nios_Test_bsp/\libhal_bsp.a(alt_do_dtors.o)
                0x0000c42c                _do_dtors
 .text          0x0000c490       0x30 ../DE0_NANO_SDRAM_Nios_Test_bsp/\libhal_bsp.a(alt_icache_flush_all.o)
                0x0000c490                alt_icache_flush_all
 .text          0x0000c4c0      0x1d4 ../DE0_NANO_SDRAM_Nios_Test_bsp/\libhal_bsp.a(alt_iic.o)
                0x0000c4c0                alt_ic_isr_register
                0x0000c510                alt_ic_irq_enable
                0x0000c5ac                alt_ic_irq_disable
                0x0000c64c                alt_ic_irq_enabled
 .text          0x0000c694       0xf8 ../DE0_NANO_SDRAM_Nios_Test_bsp/\libhal_bsp.a(alt_iic_isr_register.o)
                0x0000c694                alt_iic_isr_register
 .text          0x0000c78c      0x13c ../DE0_NANO_SDRAM_Nios_Test_bsp/\libhal_bsp.a(alt_io_redirect.o)
                0x0000c850                alt_io_redirect
 .text          0x0000c8c8        0x0 ../DE0_NANO_SDRAM_Nios_Test_bsp/\libhal_bsp.a(alt_irq_entry.o)
 .text          0x0000c8c8        0x0 ../DE0_NANO_SDRAM_Nios_Test_bsp/\libhal_bsp.a(alt_irq_handler.o)
 .text          0x0000c8c8        0x0 ../DE0_NANO_SDRAM_Nios_Test_bsp/\libhal_bsp.a(alt_irq_vars.o)
 .text          0x0000c8c8      0x2c4 ../DE0_NANO_SDRAM_Nios_Test_bsp/\libhal_bsp.a(alt_open.o)
                0x0000c9a4                open
 .text          0x0000cb8c       0x20 ../DE0_NANO_SDRAM_Nios_Test_bsp/\libhal_bsp.a(altera_nios2_qsys_irq.o)
                0x0000cb8c                altera_nios2_qsys_irq_init
 .text          0x0000cbac        0x0 ../DE0_NANO_SDRAM_Nios_Test_bsp/\libhal_bsp.a(alt_exception_entry.o)
 .text          0x0000cbac       0x94 ../DE0_NANO_SDRAM_Nios_Test_bsp/\libhal_bsp.a(alt_find_dev.o)
                0x0000cbac                alt_find_dev
 .text          0x0000cc40      0x120 ../DE0_NANO_SDRAM_Nios_Test_bsp/\libhal_bsp.a(alt_find_file.o)
                0x0000cc40                alt_find_file
 .text          0x0000cd60       0xb8 ../DE0_NANO_SDRAM_Nios_Test_bsp/\libhal_bsp.a(alt_get_fd.o)
                0x0000cd60                alt_get_fd
 .text          0x0000ce18       0x90 ../DE0_NANO_SDRAM_Nios_Test_bsp/\libhal_bsp.a(alt_icache_flush.o)
                0x0000ce18                alt_icache_flush
 .text          0x0000cea8       0x14 d:/altera13.0sp1/nios2eds/bin/gnu/h-i686-mingw32/bin/../lib/gcc/nios2-elf/4.1.2/../../../../nios2-elf/lib\libc.a(lib_a-atexit.o)
                0x0000cea8                atexit
 .text          0x0000cebc       0x38 d:/altera13.0sp1/nios2eds/bin/gnu/h-i686-mingw32/bin/../lib/gcc/nios2-elf/4.1.2/../../../../nios2-elf/lib\libc.a(lib_a-exit.o)
                0x0000cebc                exit
 .text          0x0000cef4       0x74 d:/altera13.0sp1/nios2eds/bin/gnu/h-i686-mingw32/bin/../lib/gcc/nios2-elf/4.1.2/../../../../nios2-elf/lib\libc.a(lib_a-memcmp.o)
                0x0000cef4                memcmp
 .text          0x0000cf68      0x134 d:/altera13.0sp1/nios2eds/bin/gnu/h-i686-mingw32/bin/../lib/gcc/nios2-elf/4.1.2/../../../../nios2-elf/lib\libc.a(lib_a-__atexit.o)
                0x0000cf68                __register_exitproc
 .text          0x0000d09c      0x1b4 d:/altera13.0sp1/nios2eds/bin/gnu/h-i686-mingw32/bin/../lib/gcc/nios2-elf/4.1.2/../../../../nios2-elf/lib\libc.a(lib_a-__call_atexit.o)
                0x0000d0a0                __call_exitprocs
 .text          0x0000d250       0x60 ../DE0_NANO_SDRAM_Nios_Test_bsp/\libhal_bsp.a(alt_exit.o)
                0x0000d290                _exit
 *(.gnu.warning.*)
 *(.fini)
                0x0000d2b0                PROVIDE (__etext, ABSOLUTE (.))
                0x0000d2b0                PROVIDE (_etext, ABSOLUTE (.))
                0x0000d2b0                PROVIDE (etext, ABSOLUTE (.))
 *(.eh_frame_hdr)
                0x0000d2b0                . = ALIGN (0x4)
                0x0000d2b0                PROVIDE (__preinit_array_start, ABSOLUTE (.))
 *(.preinit_array)
                0x0000d2b0                PROVIDE (__preinit_array_end, ABSOLUTE (.))
                0x0000d2b0                PROVIDE (__init_array_start, ABSOLUTE (.))
 *(.init_array)
                0x0000d2b0                PROVIDE (__init_array_end, ABSOLUTE (.))
                0x0000d2b0                PROVIDE (__fini_array_start, ABSOLUTE (.))
 *(.fini_array)
                0x0000d2b0                PROVIDE (__fini_array_end, ABSOLUTE (.))
 *(.eh_frame)
 *(.gcc_except_table)
 *(.dynamic)
                0x0000d2b0                PROVIDE (__CTOR_LIST__, ABSOLUTE (.))
 *(.ctors)
 *(SORT(.ctors.*))
 .ctors.65535   0x0000d2b0        0x4 d:/altera13.0sp1/nios2eds/bin/gnu/h-i686-mingw32/bin/../lib/gcc/nios2-elf/4.1.2/../../../../nios2-elf/lib\libc.a(lib_a-__call_atexit.o)
                0x0000d2b4                PROVIDE (__CTOR_END__, ABSOLUTE (.))
                0x0000d2b4                PROVIDE (__DTOR_LIST__, ABSOLUTE (.))
 *(.dtors)
 *(SORT(.dtors.*))
                0x0000d2b4                PROVIDE (__DTOR_END__, ABSOLUTE (.))
 *(.jcr)
                0x0000d2b4                . = ALIGN (0x4)

.rodata         0x0000d2b4      0x488
                0x0000d2b4                PROVIDE (__ram_rodata_start, ABSOLUTE (.))
                0x0000d2b4                . = ALIGN (0x4)
 *(.rodata .rodata.* .gnu.linkonce.r.*)
 .rodata        0x0000d2b4       0xf8 obj/default/main.o
 .rodata        0x0000d3ac       0x54 obj/default/mem_verify.o
 .rodata.str1.4
                0x0000d400        0x2 d:/altera13.0sp1/nios2eds/bin/gnu/h-i686-mingw32/bin/../lib/gcc/nios2-elf/4.1.2/../../../../nios2-elf/lib\libc.a(lib_a-puts.o)
                                  0x4 (size before relaxing)
 *fill*         0x0000d402        0x2 00
 .rodata.str1.4
                0x0000d404       0x5e d:/altera13.0sp1/nios2eds/bin/gnu/h-i686-mingw32/bin/../lib/gcc/nios2-elf/4.1.2/../../../../nios2-elf/lib\libc.a(lib_a-vfprintf.o)
                                 0x60 (size before relaxing)
 .rodata        0x0000d462       0x20 d:/altera13.0sp1/nios2eds/bin/gnu/h-i686-mingw32/bin/../lib/gcc/nios2-elf/4.1.2/../../../../nios2-elf/lib\libc.a(lib_a-vfprintf.o)
 *fill*         0x0000d482        0x2 00
 .rodata.str1.4
                0x0000d484       0x10 d:/altera13.0sp1/nios2eds/bin/gnu/h-i686-mingw32/bin/../lib/gcc/nios2-elf/4.1.2/../../../../nios2-elf/lib\libc.a(lib_a-dtoa.o)
                                 0x14 (size before relaxing)
 .rodata.str1.4
                0x0000d494        0x2 d:/altera13.0sp1/nios2eds/bin/gnu/h-i686-mingw32/bin/../lib/gcc/nios2-elf/4.1.2/../../../../nios2-elf/lib\libc.a(lib_a-impure.o)
                                  0x4 (size before relaxing)
 *fill*         0x0000d496        0x2 00
 .rodata.str1.4
                0x0000d498       0x10 d:/altera13.0sp1/nios2eds/bin/gnu/h-i686-mingw32/bin/../lib/gcc/nios2-elf/4.1.2/../../../../nios2-elf/lib\libc.a(lib_a-locale.o)
                                 0x18 (size before relaxing)
 .rodata        0x0000d4a8       0x30 d:/altera13.0sp1/nios2eds/bin/gnu/h-i686-mingw32/bin/../lib/gcc/nios2-elf/4.1.2/../../../../nios2-elf/lib\libc.a(lib_a-locale.o)
 .rodata        0x0000d4d8      0x124 d:/altera13.0sp1/nios2eds/bin/gnu/h-i686-mingw32/bin/../lib/gcc/nios2-elf/4.1.2/../../../../nios2-elf/lib\libc.a(lib_a-mprec.o)
                0x0000d4d8                __mprec_tens
                0x0000d5a0                __mprec_bigtens
                0x0000d5c8                __mprec_tinytens
 .rodata        0x0000d5fc       0x14 d:/altera13.0sp1/nios2eds/bin/gnu/h-i686-mingw32/bin/../lib/gcc/nios2-elf/4.1.2\libgcc.a(_thenan_df.o)
                0x0000d5fc                __thenan_df
 .rodata        0x0000d610      0x100 d:/altera13.0sp1/nios2eds/bin/gnu/h-i686-mingw32/bin/../lib/gcc/nios2-elf/4.1.2\libgcc.a(_clz.o)
                0x0000d610                __clz_tab
 .rodata        0x0000d710        0xc ../DE0_NANO_SDRAM_Nios_Test_bsp/\libhal_bsp.a(alt_dev.o)
 .rodata        0x0000d71c       0x10 ../DE0_NANO_SDRAM_Nios_Test_bsp/\libhal_bsp.a(alt_main.o)
 .rodata        0x0000d72c       0x10 ../DE0_NANO_SDRAM_Nios_Test_bsp/\libhal_bsp.a(alt_sys_init.o)
 *(.rodata1)
                0x0000d73c                . = ALIGN (0x4)
                0x0000d73c                PROVIDE (__ram_rodata_end, ABSOLUTE (.))
                0x0000d2b4                PROVIDE (__flash_rodata_start, LOADADDR (.rodata))

.rwdata         0x0000d73c     0x1a5c load address 0x0000f198
                0x0000d73c                PROVIDE (__ram_rwdata_start, ABSOLUTE (.))
                0x0000d73c                . = ALIGN (0x4)
 *(.got.plt)
 *(.got)
 *(.data1)
 *(.data .data.* .gnu.linkonce.d.*)
 .data          0x0000d73c        0x0 ../DE0_NANO_SDRAM_Nios_Test_bsp//obj/HAL/src/crt0.o
 .data          0x0000d73c        0x0 obj/default/main.o
 .data          0x0000d73c        0x0 obj/default/mem_verify.o
 .data          0x0000d73c        0x0 d:/altera13.0sp1/nios2eds/bin/gnu/h-i686-mingw32/bin/../lib/gcc/nios2-elf/4.1.2\libgcc.a(lib2-divmod.o)
 .data          0x0000d73c        0x0 d:/altera13.0sp1/nios2eds/bin/gnu/h-i686-mingw32/bin/../lib/gcc/nios2-elf/4.1.2/../../../../nios2-elf/lib\libc.a(lib_a-memcpy.o)
 .data          0x0000d73c        0x0 d:/altera13.0sp1/nios2eds/bin/gnu/h-i686-mingw32/bin/../lib/gcc/nios2-elf/4.1.2/../../../../nios2-elf/lib\libc.a(lib_a-printf.o)
 .data          0x0000d73c        0x0 d:/altera13.0sp1/nios2eds/bin/gnu/h-i686-mingw32/bin/../lib/gcc/nios2-elf/4.1.2/../../../../nios2-elf/lib\libc.a(lib_a-putchar.o)
 .data          0x0000d73c        0x0 d:/altera13.0sp1/nios2eds/bin/gnu/h-i686-mingw32/bin/../lib/gcc/nios2-elf/4.1.2/../../../../nios2-elf/lib\libc.a(lib_a-puts.o)
 .data          0x0000d73c        0x0 d:/altera13.0sp1/nios2eds/bin/gnu/h-i686-mingw32/bin/../lib/gcc/nios2-elf/4.1.2/../../../../nios2-elf/lib\libc.a(lib_a-rand.o)
 .data          0x0000d73c        0x0 d:/altera13.0sp1/nios2eds/bin/gnu/h-i686-mingw32/bin/../lib/gcc/nios2-elf/4.1.2/../../../../nios2-elf/lib\libc.a(lib_a-strlen.o)
 .data          0x0000d73c        0x0 d:/altera13.0sp1/nios2eds/bin/gnu/h-i686-mingw32/bin/../lib/gcc/nios2-elf/4.1.2/../../../../nios2-elf/lib\libc.a(lib_a-vfprintf.o)
 .data          0x0000d73c        0x0 d:/altera13.0sp1/nios2eds/bin/gnu/h-i686-mingw32/bin/../lib/gcc/nios2-elf/4.1.2/../../../../nios2-elf/lib\libc.a(lib_a-wsetup.o)
 .data          0x0000d73c        0x0 d:/altera13.0sp1/nios2eds/bin/gnu/h-i686-mingw32/bin/../lib/gcc/nios2-elf/4.1.2/../../../../nios2-elf/lib\libc.a(lib_a-dtoa.o)
 .data          0x0000d73c        0x0 d:/altera13.0sp1/nios2eds/bin/gnu/h-i686-mingw32/bin/../lib/gcc/nios2-elf/4.1.2/../../../../nios2-elf/lib\libc.a(lib_a-fflush.o)
 .data          0x0000d73c        0x0 d:/altera13.0sp1/nios2eds/bin/gnu/h-i686-mingw32/bin/../lib/gcc/nios2-elf/4.1.2/../../../../nios2-elf/lib\libc.a(lib_a-findfp.o)
 .data          0x0000d73c        0x0 d:/altera13.0sp1/nios2eds/bin/gnu/h-i686-mingw32/bin/../lib/gcc/nios2-elf/4.1.2/../../../../nios2-elf/lib\libc.a(lib_a-freer.o)
 .data          0x0000d73c        0x0 d:/altera13.0sp1/nios2eds/bin/gnu/h-i686-mingw32/bin/../lib/gcc/nios2-elf/4.1.2/../../../../nios2-elf/lib\libc.a(lib_a-fvwrite.o)
 .data          0x0000d73c        0x0 d:/altera13.0sp1/nios2eds/bin/gnu/h-i686-mingw32/bin/../lib/gcc/nios2-elf/4.1.2/../../../../nios2-elf/lib\libc.a(lib_a-fwalk.o)
 .data          0x0000d73c      0x400 d:/altera13.0sp1/nios2eds/bin/gnu/h-i686-mingw32/bin/../lib/gcc/nios2-elf/4.1.2/../../../../nios2-elf/lib\libc.a(lib_a-impure.o)
 .data          0x0000db3c        0xc d:/altera13.0sp1/nios2eds/bin/gnu/h-i686-mingw32/bin/../lib/gcc/nios2-elf/4.1.2/../../../../nios2-elf/lib\libc.a(lib_a-locale.o)
                0x0000db3c                __lc_ctype
 .data          0x0000db48        0x0 d:/altera13.0sp1/nios2eds/bin/gnu/h-i686-mingw32/bin/../lib/gcc/nios2-elf/4.1.2/../../../../nios2-elf/lib\libc.a(lib_a-makebuf.o)
 .data          0x0000db48      0x408 d:/altera13.0sp1/nios2eds/bin/gnu/h-i686-mingw32/bin/../lib/gcc/nios2-elf/4.1.2/../../../../nios2-elf/lib\libc.a(lib_a-mallocr.o)
                0x0000db48                __malloc_av_
 .data          0x0000df50        0x0 d:/altera13.0sp1/nios2eds/bin/gnu/h-i686-mingw32/bin/../lib/gcc/nios2-elf/4.1.2/../../../../nios2-elf/lib\libc.a(lib_a-memchr.o)
 .data          0x0000df50        0x0 d:/altera13.0sp1/nios2eds/bin/gnu/h-i686-mingw32/bin/../lib/gcc/nios2-elf/4.1.2/../../../../nios2-elf/lib\libc.a(lib_a-memmove.o)
 .data          0x0000df50        0x0 d:/altera13.0sp1/nios2eds/bin/gnu/h-i686-mingw32/bin/../lib/gcc/nios2-elf/4.1.2/../../../../nios2-elf/lib\libc.a(lib_a-memset.o)
 .data          0x0000df50        0x0 d:/altera13.0sp1/nios2eds/bin/gnu/h-i686-mingw32/bin/../lib/gcc/nios2-elf/4.1.2/../../../../nios2-elf/lib\libc.a(lib_a-mprec.o)
 .data          0x0000df50        0x0 d:/altera13.0sp1/nios2eds/bin/gnu/h-i686-mingw32/bin/../lib/gcc/nios2-elf/4.1.2/../../../../nios2-elf/lib\libc.a(lib_a-putc.o)
 .data          0x0000df50        0x0 d:/altera13.0sp1/nios2eds/bin/gnu/h-i686-mingw32/bin/../lib/gcc/nios2-elf/4.1.2/../../../../nios2-elf/lib\libc.a(lib_a-reallocr.o)
 .data          0x0000df50        0x0 d:/altera13.0sp1/nios2eds/bin/gnu/h-i686-mingw32/bin/../lib/gcc/nios2-elf/4.1.2/../../../../nios2-elf/lib\libc.a(lib_a-s_isinfd.o)
 .data          0x0000df50        0x0 d:/altera13.0sp1/nios2eds/bin/gnu/h-i686-mingw32/bin/../lib/gcc/nios2-elf/4.1.2/../../../../nios2-elf/lib\libc.a(lib_a-s_isnand.o)
 .data          0x0000df50        0x0 d:/altera13.0sp1/nios2eds/bin/gnu/h-i686-mingw32/bin/../lib/gcc/nios2-elf/4.1.2/../../../../nios2-elf/lib\libc.a(lib_a-sbrkr.o)
 .data          0x0000df50        0x0 d:/altera13.0sp1/nios2eds/bin/gnu/h-i686-mingw32/bin/../lib/gcc/nios2-elf/4.1.2/../../../../nios2-elf/lib\libc.a(lib_a-stdio.o)
 .data          0x0000df50        0x0 d:/altera13.0sp1/nios2eds/bin/gnu/h-i686-mingw32/bin/../lib/gcc/nios2-elf/4.1.2/../../../../nios2-elf/lib\libc.a(lib_a-strcmp.o)
 .data          0x0000df50        0x0 d:/altera13.0sp1/nios2eds/bin/gnu/h-i686-mingw32/bin/../lib/gcc/nios2-elf/4.1.2/../../../../nios2-elf/lib\libc.a(lib_a-wbuf.o)
 .data          0x0000df50        0x0 d:/altera13.0sp1/nios2eds/bin/gnu/h-i686-mingw32/bin/../lib/gcc/nios2-elf/4.1.2/../../../../nios2-elf/lib\libc.a(lib_a-writer.o)
 .data          0x0000df50        0x0 d:/altera13.0sp1/nios2eds/bin/gnu/h-i686-mingw32/bin/../lib/gcc/nios2-elf/4.1.2/../../../../nios2-elf/lib\libc.a(lib_a-callocr.o)
 .data          0x0000df50        0x0 d:/altera13.0sp1/nios2eds/bin/gnu/h-i686-mingw32/bin/../lib/gcc/nios2-elf/4.1.2/../../../../nios2-elf/lib\libc.a(lib_a-closer.o)
 .data          0x0000df50        0x0 d:/altera13.0sp1/nios2eds/bin/gnu/h-i686-mingw32/bin/../lib/gcc/nios2-elf/4.1.2/../../../../nios2-elf/lib\libc.a(lib_a-fclose.o)
 .data          0x0000df50        0x0 d:/altera13.0sp1/nios2eds/bin/gnu/h-i686-mingw32/bin/../lib/gcc/nios2-elf/4.1.2/../../../../nios2-elf/lib\libc.a(lib_a-fstatr.o)
 .data          0x0000df50        0x0 d:/altera13.0sp1/nios2eds/bin/gnu/h-i686-mingw32/bin/../lib/gcc/nios2-elf/4.1.2/../../../../nios2-elf/lib\libc.a(lib_a-int_errno.o)
 .data          0x0000df50        0x0 d:/altera13.0sp1/nios2eds/bin/gnu/h-i686-mingw32/bin/../lib/gcc/nios2-elf/4.1.2/../../../../nios2-elf/lib\libc.a(lib_a-isattyr.o)
 .data          0x0000df50        0x0 d:/altera13.0sp1/nios2eds/bin/gnu/h-i686-mingw32/bin/../lib/gcc/nios2-elf/4.1.2/../../../../nios2-elf/lib\libc.a(lib_a-lseekr.o)
 .data          0x0000df50        0x0 d:/altera13.0sp1/nios2eds/bin/gnu/h-i686-mingw32/bin/../lib/gcc/nios2-elf/4.1.2/../../../../nios2-elf/lib\libc.a(lib_a-readr.o)
 .data          0x0000df50        0x0 d:/altera13.0sp1/nios2eds/bin/gnu/h-i686-mingw32/bin/../lib/gcc/nios2-elf/4.1.2\libgcc.a(_muldi3.o)
 .data          0x0000df50        0x0 d:/altera13.0sp1/nios2eds/bin/gnu/h-i686-mingw32/bin/../lib/gcc/nios2-elf/4.1.2\libgcc.a(_udivdi3.o)
 .data          0x0000df50        0x0 d:/altera13.0sp1/nios2eds/bin/gnu/h-i686-mingw32/bin/../lib/gcc/nios2-elf/4.1.2\libgcc.a(_umoddi3.o)
 .data          0x0000df50        0x0 d:/altera13.0sp1/nios2eds/bin/gnu/h-i686-mingw32/bin/../lib/gcc/nios2-elf/4.1.2\libgcc.a(_addsub_df.o)
 .data          0x0000df50        0x0 d:/altera13.0sp1/nios2eds/bin/gnu/h-i686-mingw32/bin/../lib/gcc/nios2-elf/4.1.2\libgcc.a(_mul_df.o)
 .data          0x0000df50        0x0 d:/altera13.0sp1/nios2eds/bin/gnu/h-i686-mingw32/bin/../lib/gcc/nios2-elf/4.1.2\libgcc.a(_div_df.o)
 .data          0x0000df50        0x0 d:/altera13.0sp1/nios2eds/bin/gnu/h-i686-mingw32/bin/../lib/gcc/nios2-elf/4.1.2\libgcc.a(_eq_df.o)
 .data          0x0000df50        0x0 d:/altera13.0sp1/nios2eds/bin/gnu/h-i686-mingw32/bin/../lib/gcc/nios2-elf/4.1.2\libgcc.a(_ne_df.o)
 .data          0x0000df50        0x0 d:/altera13.0sp1/nios2eds/bin/gnu/h-i686-mingw32/bin/../lib/gcc/nios2-elf/4.1.2\libgcc.a(_gt_df.o)
 .data          0x0000df50        0x0 d:/altera13.0sp1/nios2eds/bin/gnu/h-i686-mingw32/bin/../lib/gcc/nios2-elf/4.1.2\libgcc.a(_ge_df.o)
 .data          0x0000df50        0x0 d:/altera13.0sp1/nios2eds/bin/gnu/h-i686-mingw32/bin/../lib/gcc/nios2-elf/4.1.2\libgcc.a(_lt_df.o)
 .data          0x0000df50        0x0 d:/altera13.0sp1/nios2eds/bin/gnu/h-i686-mingw32/bin/../lib/gcc/nios2-elf/4.1.2\libgcc.a(_si_to_df.o)
 .data          0x0000df50        0x0 d:/altera13.0sp1/nios2eds/bin/gnu/h-i686-mingw32/bin/../lib/gcc/nios2-elf/4.1.2\libgcc.a(_df_to_si.o)
 .data          0x0000df50        0x0 d:/altera13.0sp1/nios2eds/bin/gnu/h-i686-mingw32/bin/../lib/gcc/nios2-elf/4.1.2\libgcc.a(_thenan_df.o)
 .data          0x0000df50        0x0 d:/altera13.0sp1/nios2eds/bin/gnu/h-i686-mingw32/bin/../lib/gcc/nios2-elf/4.1.2\libgcc.a(_usi_to_df.o)
 .data          0x0000df50        0x0 d:/altera13.0sp1/nios2eds/bin/gnu/h-i686-mingw32/bin/../lib/gcc/nios2-elf/4.1.2\libgcc.a(_clz.o)
 .data          0x0000df50        0x0 d:/altera13.0sp1/nios2eds/bin/gnu/h-i686-mingw32/bin/../lib/gcc/nios2-elf/4.1.2\libgcc.a(_clzsi2.o)
 .data          0x0000df50        0x0 d:/altera13.0sp1/nios2eds/bin/gnu/h-i686-mingw32/bin/../lib/gcc/nios2-elf/4.1.2\libgcc.a(_pack_df.o)
 .data          0x0000df50        0x0 d:/altera13.0sp1/nios2eds/bin/gnu/h-i686-mingw32/bin/../lib/gcc/nios2-elf/4.1.2\libgcc.a(_unpack_df.o)
 .data          0x0000df50        0x0 d:/altera13.0sp1/nios2eds/bin/gnu/h-i686-mingw32/bin/../lib/gcc/nios2-elf/4.1.2\libgcc.a(_fpcmp_parts_df.o)
 .data          0x0000df50        0x0 ../DE0_NANO_SDRAM_Nios_Test_bsp/\libhal_bsp.a(alt_close.o)
 .data          0x0000df50        0x0 ../DE0_NANO_SDRAM_Nios_Test_bsp/\libhal_bsp.a(alt_dcache_flush_all.o)
 .data          0x0000df50      0x1a8 ../DE0_NANO_SDRAM_Nios_Test_bsp/\libhal_bsp.a(alt_dev.o)
                0x0000df50                alt_dev_null
                0x0000df78                alt_fd_list
 .data          0x0000e0f8        0x0 ../DE0_NANO_SDRAM_Nios_Test_bsp/\libhal_bsp.a(alt_errno.o)
 .data          0x0000e0f8        0x0 ../DE0_NANO_SDRAM_Nios_Test_bsp/\libhal_bsp.a(alt_fstat.o)
 .data          0x0000e0f8        0x0 ../DE0_NANO_SDRAM_Nios_Test_bsp/\libhal_bsp.a(alt_isatty.o)
 .data          0x0000e0f8        0x0 ../DE0_NANO_SDRAM_Nios_Test_bsp/\libhal_bsp.a(alt_load.o)
 .data          0x0000e0f8        0x0 ../DE0_NANO_SDRAM_Nios_Test_bsp/\libhal_bsp.a(alt_lseek.o)
 .data          0x0000e0f8        0x0 ../DE0_NANO_SDRAM_Nios_Test_bsp/\libhal_bsp.a(alt_main.o)
 .data          0x0000e0f8        0x0 ../DE0_NANO_SDRAM_Nios_Test_bsp/\libhal_bsp.a(alt_malloc_lock.o)
 .data          0x0000e0f8        0x0 ../DE0_NANO_SDRAM_Nios_Test_bsp/\libhal_bsp.a(alt_read.o)
 .data          0x0000e0f8        0x0 ../DE0_NANO_SDRAM_Nios_Test_bsp/\libhal_bsp.a(alt_release_fd.o)
 .data          0x0000e0f8        0x0 ../DE0_NANO_SDRAM_Nios_Test_bsp/\libhal_bsp.a(alt_sbrk.o)
 .data          0x0000e0f8        0x0 ../DE0_NANO_SDRAM_Nios_Test_bsp/\libhal_bsp.a(alt_tick.o)
 .data          0x0000e0f8        0x0 ../DE0_NANO_SDRAM_Nios_Test_bsp/\libhal_bsp.a(alt_usleep.o)
 .data          0x0000e0f8        0x0 ../DE0_NANO_SDRAM_Nios_Test_bsp/\libhal_bsp.a(alt_write.o)
 .data          0x0000e0f8     0x1060 ../DE0_NANO_SDRAM_Nios_Test_bsp/\libhal_bsp.a(alt_sys_init.o)
 .data          0x0000f158        0x0 ../DE0_NANO_SDRAM_Nios_Test_bsp/\libhal_bsp.a(altera_avalon_jtag_uart_fd.o)
 .data          0x0000f158        0x0 ../DE0_NANO_SDRAM_Nios_Test_bsp/\libhal_bsp.a(altera_avalon_jtag_uart_init.o)
 .data          0x0000f158        0x0 ../DE0_NANO_SDRAM_Nios_Test_bsp/\libhal_bsp.a(altera_avalon_jtag_uart_ioctl.o)
 .data          0x0000f158        0x0 ../DE0_NANO_SDRAM_Nios_Test_bsp/\libhal_bsp.a(altera_avalon_jtag_uart_read.o)
 .data          0x0000f158        0x0 ../DE0_NANO_SDRAM_Nios_Test_bsp/\libhal_bsp.a(altera_avalon_jtag_uart_write.o)
 .data          0x0000f158        0x0 ../DE0_NANO_SDRAM_Nios_Test_bsp/\libhal_bsp.a(altera_avalon_timer_sc.o)
 .data          0x0000f158        0x0 ../DE0_NANO_SDRAM_Nios_Test_bsp/\libhal_bsp.a(alt_alarm_start.o)
 .data          0x0000f158        0x0 ../DE0_NANO_SDRAM_Nios_Test_bsp/\libhal_bsp.a(alt_busy_sleep.o)
 .data          0x0000f158        0x0 ../DE0_NANO_SDRAM_Nios_Test_bsp/\libhal_bsp.a(alt_dev_llist_insert.o)
 .data          0x0000f158        0x0 ../DE0_NANO_SDRAM_Nios_Test_bsp/\libhal_bsp.a(alt_do_ctors.o)
 .data          0x0000f158        0x0 ../DE0_NANO_SDRAM_Nios_Test_bsp/\libhal_bsp.a(alt_do_dtors.o)
 .data          0x0000f158        0x0 ../DE0_NANO_SDRAM_Nios_Test_bsp/\libhal_bsp.a(alt_icache_flush_all.o)
 .data          0x0000f158        0x0 ../DE0_NANO_SDRAM_Nios_Test_bsp/\libhal_bsp.a(alt_iic.o)
 .data          0x0000f158        0x0 ../DE0_NANO_SDRAM_Nios_Test_bsp/\libhal_bsp.a(alt_iic_isr_register.o)
 .data          0x0000f158        0x0 ../DE0_NANO_SDRAM_Nios_Test_bsp/\libhal_bsp.a(alt_io_redirect.o)
 .data          0x0000f158        0x0 ../DE0_NANO_SDRAM_Nios_Test_bsp/\libhal_bsp.a(alt_irq_entry.o)
 .data          0x0000f158        0x0 ../DE0_NANO_SDRAM_Nios_Test_bsp/\libhal_bsp.a(alt_irq_handler.o)
 .data          0x0000f158        0x0 ../DE0_NANO_SDRAM_Nios_Test_bsp/\libhal_bsp.a(alt_irq_vars.o)
 .data          0x0000f158        0x0 ../DE0_NANO_SDRAM_Nios_Test_bsp/\libhal_bsp.a(alt_open.o)
 .data          0x0000f158        0x0 ../DE0_NANO_SDRAM_Nios_Test_bsp/\libhal_bsp.a(altera_nios2_qsys_irq.o)
 .data          0x0000f158        0x0 ../DE0_NANO_SDRAM_Nios_Test_bsp/\libhal_bsp.a(alt_exception_entry.o)
 .data          0x0000f158        0x0 ../DE0_NANO_SDRAM_Nios_Test_bsp/\libhal_bsp.a(alt_find_dev.o)
 .data          0x0000f158        0x0 ../DE0_NANO_SDRAM_Nios_Test_bsp/\libhal_bsp.a(alt_find_file.o)
 .data          0x0000f158        0x0 ../DE0_NANO_SDRAM_Nios_Test_bsp/\libhal_bsp.a(alt_get_fd.o)
 .data          0x0000f158        0x0 ../DE0_NANO_SDRAM_Nios_Test_bsp/\libhal_bsp.a(alt_icache_flush.o)
 .data          0x0000f158        0x0 d:/altera13.0sp1/nios2eds/bin/gnu/h-i686-mingw32/bin/../lib/gcc/nios2-elf/4.1.2/../../../../nios2-elf/lib\libc.a(lib_a-atexit.o)
 .data          0x0000f158        0x0 d:/altera13.0sp1/nios2eds/bin/gnu/h-i686-mingw32/bin/../lib/gcc/nios2-elf/4.1.2/../../../../nios2-elf/lib\libc.a(lib_a-exit.o)
 .data          0x0000f158        0x0 d:/altera13.0sp1/nios2eds/bin/gnu/h-i686-mingw32/bin/../lib/gcc/nios2-elf/4.1.2/../../../../nios2-elf/lib\libc.a(lib_a-memcmp.o)
 .data          0x0000f158        0x0 d:/altera13.0sp1/nios2eds/bin/gnu/h-i686-mingw32/bin/../lib/gcc/nios2-elf/4.1.2/../../../../nios2-elf/lib\libc.a(lib_a-__atexit.o)
 .data          0x0000f158        0x0 d:/altera13.0sp1/nios2eds/bin/gnu/h-i686-mingw32/bin/../lib/gcc/nios2-elf/4.1.2/../../../../nios2-elf/lib\libc.a(lib_a-__call_atexit.o)
 .data          0x0000f158        0x0 ../DE0_NANO_SDRAM_Nios_Test_bsp/\libhal_bsp.a(alt_exit.o)
                0x00017158                _gp = ABSOLUTE ((. + 0x8000))
                0x00017158                PROVIDE (gp, _gp)
 *(.rwdata .rwdata.*)
 *(.sdata .sdata.* .gnu.linkonce.s.*)
 .sdata         0x0000f158        0x8 d:/altera13.0sp1/nios2eds/bin/gnu/h-i686-mingw32/bin/../lib/gcc/nios2-elf/4.1.2/../../../../nios2-elf/lib\libc.a(lib_a-impure.o)
                0x0000f158                _impure_ptr
                0x0000f15c                _global_impure_ptr
 .sdata         0x0000f160        0x8 d:/altera13.0sp1/nios2eds/bin/gnu/h-i686-mingw32/bin/../lib/gcc/nios2-elf/4.1.2/../../../../nios2-elf/lib\libc.a(lib_a-locale.o)
                0x0000f160                __mb_cur_max
 .sdata         0x0000f168        0x8 d:/altera13.0sp1/nios2eds/bin/gnu/h-i686-mingw32/bin/../lib/gcc/nios2-elf/4.1.2/../../../../nios2-elf/lib\libc.a(lib_a-mallocr.o)
                0x0000f168                __malloc_trim_threshold
                0x0000f16c                __malloc_sbrk_base
 .sdata         0x0000f170       0x14 ../DE0_NANO_SDRAM_Nios_Test_bsp/\libhal_bsp.a(alt_dev.o)
                0x0000f170                alt_fs_list
                0x0000f178                alt_dev_list
                0x0000f180                alt_max_fd
 .sdata         0x0000f184        0x4 ../DE0_NANO_SDRAM_Nios_Test_bsp/\libhal_bsp.a(alt_errno.o)
                0x0000f184                alt_errno
 .sdata         0x0000f188        0x4 ../DE0_NANO_SDRAM_Nios_Test_bsp/\libhal_bsp.a(alt_sbrk.o)
 .sdata         0x0000f18c        0x8 ../DE0_NANO_SDRAM_Nios_Test_bsp/\libhal_bsp.a(alt_tick.o)
                0x0000f18c                alt_alarm_list
 .sdata         0x0000f194        0x4 ../DE0_NANO_SDRAM_Nios_Test_bsp/\libhal_bsp.a(alt_irq_vars.o)
                0x0000f194                alt_priority_mask
 *(.sdata2 .sdata2.* .gnu.linkonce.s2.*)
                0x0000f198                . = ALIGN (0x4)
                0x0000f198                _edata = ABSOLUTE (.)
                0x0000f198                PROVIDE (edata, ABSOLUTE (.))
                0x0000f198                PROVIDE (__ram_rwdata_end, ABSOLUTE (.))
                0x0000f198                PROVIDE (__flash_rwdata_start, LOADADDR (.rwdata))

.bss            0x00010bf4      0x2ec
                0x00010bf4                __bss_start = ABSOLUTE (.)
                0x00010bf4                PROVIDE (__sbss_start, ABSOLUTE (.))
                0x00010bf4                PROVIDE (___sbss_start, ABSOLUTE (.))
 *(.dynsbss)
 *(.sbss .sbss.* .gnu.linkonce.sb.*)
 .sbss          0x00010bf4        0xc d:/altera13.0sp1/nios2eds/bin/gnu/h-i686-mingw32/bin/../lib/gcc/nios2-elf/4.1.2/../../../../nios2-elf/lib\libc.a(lib_a-locale.o)
                0x00010bf4                __nlocale_changed
                0x00010bf8                __mlocale_changed
                0x00010bfc                _PathLocale
 .sbss          0x00010c00        0xc d:/altera13.0sp1/nios2eds/bin/gnu/h-i686-mingw32/bin/../lib/gcc/nios2-elf/4.1.2/../../../../nios2-elf/lib\libc.a(lib_a-mallocr.o)
                0x00010c00                __malloc_top_pad
                0x00010c04                __malloc_max_sbrked_mem
                0x00010c08                __malloc_max_total_mem
 .sbss          0x00010c0c        0x4 d:/altera13.0sp1/nios2eds/bin/gnu/h-i686-mingw32/bin/../lib/gcc/nios2-elf/4.1.2/../../../../nios2-elf/lib\libc.a(lib_a-int_errno.o)
                0x00010c0c                errno
 .sbss          0x00010c10        0xc ../DE0_NANO_SDRAM_Nios_Test_bsp/\libhal_bsp.a(alt_main.o)
                0x00010c10                alt_argc
                0x00010c14                alt_argv
                0x00010c18                alt_envp
 .sbss          0x00010c1c        0x8 ../DE0_NANO_SDRAM_Nios_Test_bsp/\libhal_bsp.a(alt_tick.o)
                0x00010c1c                _alt_tick_rate
                0x00010c20                _alt_nticks
 .sbss          0x00010c24        0x4 ../DE0_NANO_SDRAM_Nios_Test_bsp/\libhal_bsp.a(alt_irq_vars.o)
                0x00010c24                alt_irq_active
 *(.sbss2 .sbss2.* .gnu.linkonce.sb2.*)
 *(.scommon)
                0x00010c28                PROVIDE (__sbss_end, ABSOLUTE (.))
                0x00010c28                PROVIDE (___sbss_end, ABSOLUTE (.))
 *(.dynbss)
 *(.bss .bss.* .gnu.linkonce.b.*)
 .bss           0x00010c28        0x0 ../DE0_NANO_SDRAM_Nios_Test_bsp//obj/HAL/src/crt0.o
 .bss           0x00010c28        0x0 obj/default/main.o
 .bss           0x00010c28        0x0 obj/default/mem_verify.o
 .bss           0x00010c28        0x0 d:/altera13.0sp1/nios2eds/bin/gnu/h-i686-mingw32/bin/../lib/gcc/nios2-elf/4.1.2\libgcc.a(lib2-divmod.o)
 .bss           0x00010c28        0x0 d:/altera13.0sp1/nios2eds/bin/gnu/h-i686-mingw32/bin/../lib/gcc/nios2-elf/4.1.2/../../../../nios2-elf/lib\libc.a(lib_a-memcpy.o)
 .bss           0x00010c28        0x0 d:/altera13.0sp1/nios2eds/bin/gnu/h-i686-mingw32/bin/../lib/gcc/nios2-elf/4.1.2/../../../../nios2-elf/lib\libc.a(lib_a-printf.o)
 .bss           0x00010c28        0x0 d:/altera13.0sp1/nios2eds/bin/gnu/h-i686-mingw32/bin/../lib/gcc/nios2-elf/4.1.2/../../../../nios2-elf/lib\libc.a(lib_a-putchar.o)
 .bss           0x00010c28        0x0 d:/altera13.0sp1/nios2eds/bin/gnu/h-i686-mingw32/bin/../lib/gcc/nios2-elf/4.1.2/../../../../nios2-elf/lib\libc.a(lib_a-puts.o)
 .bss           0x00010c28        0x0 d:/altera13.0sp1/nios2eds/bin/gnu/h-i686-mingw32/bin/../lib/gcc/nios2-elf/4.1.2/../../../../nios2-elf/lib\libc.a(lib_a-rand.o)
 .bss           0x00010c28        0x0 d:/altera13.0sp1/nios2eds/bin/gnu/h-i686-mingw32/bin/../lib/gcc/nios2-elf/4.1.2/../../../../nios2-elf/lib\libc.a(lib_a-strlen.o)
 .bss           0x00010c28        0x0 d:/altera13.0sp1/nios2eds/bin/gnu/h-i686-mingw32/bin/../lib/gcc/nios2-elf/4.1.2/../../../../nios2-elf/lib\libc.a(lib_a-vfprintf.o)
 .bss           0x00010c28        0x0 d:/altera13.0sp1/nios2eds/bin/gnu/h-i686-mingw32/bin/../lib/gcc/nios2-elf/4.1.2/../../../../nios2-elf/lib\libc.a(lib_a-wsetup.o)
 .bss           0x00010c28        0x0 d:/altera13.0sp1/nios2eds/bin/gnu/h-i686-mingw32/bin/../lib/gcc/nios2-elf/4.1.2/../../../../nios2-elf/lib\libc.a(lib_a-dtoa.o)
 .bss           0x00010c28        0x0 d:/altera13.0sp1/nios2eds/bin/gnu/h-i686-mingw32/bin/../lib/gcc/nios2-elf/4.1.2/../../../../nios2-elf/lib\libc.a(lib_a-fflush.o)
 .bss           0x00010c28        0x0 d:/altera13.0sp1/nios2eds/bin/gnu/h-i686-mingw32/bin/../lib/gcc/nios2-elf/4.1.2/../../../../nios2-elf/lib\libc.a(lib_a-findfp.o)
 .bss           0x00010c28        0x0 d:/altera13.0sp1/nios2eds/bin/gnu/h-i686-mingw32/bin/../lib/gcc/nios2-elf/4.1.2/../../../../nios2-elf/lib\libc.a(lib_a-freer.o)
 .bss           0x00010c28        0x0 d:/altera13.0sp1/nios2eds/bin/gnu/h-i686-mingw32/bin/../lib/gcc/nios2-elf/4.1.2/../../../../nios2-elf/lib\libc.a(lib_a-fvwrite.o)
 .bss           0x00010c28        0x0 d:/altera13.0sp1/nios2eds/bin/gnu/h-i686-mingw32/bin/../lib/gcc/nios2-elf/4.1.2/../../../../nios2-elf/lib\libc.a(lib_a-fwalk.o)
 .bss           0x00010c28        0x0 d:/altera13.0sp1/nios2eds/bin/gnu/h-i686-mingw32/bin/../lib/gcc/nios2-elf/4.1.2/../../../../nios2-elf/lib\libc.a(lib_a-impure.o)
 .bss           0x00010c28        0x0 d:/altera13.0sp1/nios2eds/bin/gnu/h-i686-mingw32/bin/../lib/gcc/nios2-elf/4.1.2/../../../../nios2-elf/lib\libc.a(lib_a-locale.o)
 .bss           0x00010c28        0x0 d:/altera13.0sp1/nios2eds/bin/gnu/h-i686-mingw32/bin/../lib/gcc/nios2-elf/4.1.2/../../../../nios2-elf/lib\libc.a(lib_a-makebuf.o)
 .bss           0x00010c28       0x28 d:/altera13.0sp1/nios2eds/bin/gnu/h-i686-mingw32/bin/../lib/gcc/nios2-elf/4.1.2/../../../../nios2-elf/lib\libc.a(lib_a-mallocr.o)
                0x00010c28                __malloc_current_mallinfo
 .bss           0x00010c50        0x0 d:/altera13.0sp1/nios2eds/bin/gnu/h-i686-mingw32/bin/../lib/gcc/nios2-elf/4.1.2/../../../../nios2-elf/lib\libc.a(lib_a-memchr.o)
 .bss           0x00010c50        0x0 d:/altera13.0sp1/nios2eds/bin/gnu/h-i686-mingw32/bin/../lib/gcc/nios2-elf/4.1.2/../../../../nios2-elf/lib\libc.a(lib_a-memmove.o)
 .bss           0x00010c50        0x0 d:/altera13.0sp1/nios2eds/bin/gnu/h-i686-mingw32/bin/../lib/gcc/nios2-elf/4.1.2/../../../../nios2-elf/lib\libc.a(lib_a-memset.o)
 .bss           0x00010c50        0x0 d:/altera13.0sp1/nios2eds/bin/gnu/h-i686-mingw32/bin/../lib/gcc/nios2-elf/4.1.2/../../../../nios2-elf/lib\libc.a(lib_a-mprec.o)
 .bss           0x00010c50        0x0 d:/altera13.0sp1/nios2eds/bin/gnu/h-i686-mingw32/bin/../lib/gcc/nios2-elf/4.1.2/../../../../nios2-elf/lib\libc.a(lib_a-putc.o)
 .bss           0x00010c50        0x0 d:/altera13.0sp1/nios2eds/bin/gnu/h-i686-mingw32/bin/../lib/gcc/nios2-elf/4.1.2/../../../../nios2-elf/lib\libc.a(lib_a-reallocr.o)
 .bss           0x00010c50        0x0 d:/altera13.0sp1/nios2eds/bin/gnu/h-i686-mingw32/bin/../lib/gcc/nios2-elf/4.1.2/../../../../nios2-elf/lib\libc.a(lib_a-s_isinfd.o)
 .bss           0x00010c50        0x0 d:/altera13.0sp1/nios2eds/bin/gnu/h-i686-mingw32/bin/../lib/gcc/nios2-elf/4.1.2/../../../../nios2-elf/lib\libc.a(lib_a-s_isnand.o)
 .bss           0x00010c50        0x0 d:/altera13.0sp1/nios2eds/bin/gnu/h-i686-mingw32/bin/../lib/gcc/nios2-elf/4.1.2/../../../../nios2-elf/lib\libc.a(lib_a-sbrkr.o)
 .bss           0x00010c50        0x0 d:/altera13.0sp1/nios2eds/bin/gnu/h-i686-mingw32/bin/../lib/gcc/nios2-elf/4.1.2/../../../../nios2-elf/lib\libc.a(lib_a-stdio.o)
 .bss           0x00010c50        0x0 d:/altera13.0sp1/nios2eds/bin/gnu/h-i686-mingw32/bin/../lib/gcc/nios2-elf/4.1.2/../../../../nios2-elf/lib\libc.a(lib_a-strcmp.o)
 .bss           0x00010c50        0x0 d:/altera13.0sp1/nios2eds/bin/gnu/h-i686-mingw32/bin/../lib/gcc/nios2-elf/4.1.2/../../../../nios2-elf/lib\libc.a(lib_a-wbuf.o)
 .bss           0x00010c50        0x0 d:/altera13.0sp1/nios2eds/bin/gnu/h-i686-mingw32/bin/../lib/gcc/nios2-elf/4.1.2/../../../../nios2-elf/lib\libc.a(lib_a-writer.o)
 .bss           0x00010c50        0x0 d:/altera13.0sp1/nios2eds/bin/gnu/h-i686-mingw32/bin/../lib/gcc/nios2-elf/4.1.2/../../../../nios2-elf/lib\libc.a(lib_a-callocr.o)
 .bss           0x00010c50        0x0 d:/altera13.0sp1/nios2eds/bin/gnu/h-i686-mingw32/bin/../lib/gcc/nios2-elf/4.1.2/../../../../nios2-elf/lib\libc.a(lib_a-closer.o)
 .bss           0x00010c50        0x0 d:/altera13.0sp1/nios2eds/bin/gnu/h-i686-mingw32/bin/../lib/gcc/nios2-elf/4.1.2/../../../../nios2-elf/lib\libc.a(lib_a-fclose.o)
 .bss           0x00010c50        0x0 d:/altera13.0sp1/nios2eds/bin/gnu/h-i686-mingw32/bin/../lib/gcc/nios2-elf/4.1.2/../../../../nios2-elf/lib\libc.a(lib_a-fstatr.o)
 .bss           0x00010c50        0x0 d:/altera13.0sp1/nios2eds/bin/gnu/h-i686-mingw32/bin/../lib/gcc/nios2-elf/4.1.2/../../../../nios2-elf/lib\libc.a(lib_a-int_errno.o)
 .bss           0x00010c50        0x0 d:/altera13.0sp1/nios2eds/bin/gnu/h-i686-mingw32/bin/../lib/gcc/nios2-elf/4.1.2/../../../../nios2-elf/lib\libc.a(lib_a-isattyr.o)
 .bss           0x00010c50        0x0 d:/altera13.0sp1/nios2eds/bin/gnu/h-i686-mingw32/bin/../lib/gcc/nios2-elf/4.1.2/../../../../nios2-elf/lib\libc.a(lib_a-lseekr.o)
 .bss           0x00010c50        0x0 d:/altera13.0sp1/nios2eds/bin/gnu/h-i686-mingw32/bin/../lib/gcc/nios2-elf/4.1.2/../../../../nios2-elf/lib\libc.a(lib_a-readr.o)
 .bss           0x00010c50        0x0 d:/altera13.0sp1/nios2eds/bin/gnu/h-i686-mingw32/bin/../lib/gcc/nios2-elf/4.1.2\libgcc.a(_muldi3.o)
 .bss           0x00010c50        0x0 d:/altera13.0sp1/nios2eds/bin/gnu/h-i686-mingw32/bin/../lib/gcc/nios2-elf/4.1.2\libgcc.a(_udivdi3.o)
 .bss           0x00010c50        0x0 d:/altera13.0sp1/nios2eds/bin/gnu/h-i686-mingw32/bin/../lib/gcc/nios2-elf/4.1.2\libgcc.a(_umoddi3.o)
 .bss           0x00010c50        0x0 d:/altera13.0sp1/nios2eds/bin/gnu/h-i686-mingw32/bin/../lib/gcc/nios2-elf/4.1.2\libgcc.a(_addsub_df.o)
 .bss           0x00010c50        0x0 d:/altera13.0sp1/nios2eds/bin/gnu/h-i686-mingw32/bin/../lib/gcc/nios2-elf/4.1.2\libgcc.a(_mul_df.o)
 .bss           0x00010c50        0x0 d:/altera13.0sp1/nios2eds/bin/gnu/h-i686-mingw32/bin/../lib/gcc/nios2-elf/4.1.2\libgcc.a(_div_df.o)
 .bss           0x00010c50        0x0 d:/altera13.0sp1/nios2eds/bin/gnu/h-i686-mingw32/bin/../lib/gcc/nios2-elf/4.1.2\libgcc.a(_eq_df.o)
 .bss           0x00010c50        0x0 d:/altera13.0sp1/nios2eds/bin/gnu/h-i686-mingw32/bin/../lib/gcc/nios2-elf/4.1.2\libgcc.a(_ne_df.o)
 .bss           0x00010c50        0x0 d:/altera13.0sp1/nios2eds/bin/gnu/h-i686-mingw32/bin/../lib/gcc/nios2-elf/4.1.2\libgcc.a(_gt_df.o)
 .bss           0x00010c50        0x0 d:/altera13.0sp1/nios2eds/bin/gnu/h-i686-mingw32/bin/../lib/gcc/nios2-elf/4.1.2\libgcc.a(_ge_df.o)
 .bss           0x00010c50        0x0 d:/altera13.0sp1/nios2eds/bin/gnu/h-i686-mingw32/bin/../lib/gcc/nios2-elf/4.1.2\libgcc.a(_lt_df.o)
 .bss           0x00010c50        0x0 d:/altera13.0sp1/nios2eds/bin/gnu/h-i686-mingw32/bin/../lib/gcc/nios2-elf/4.1.2\libgcc.a(_si_to_df.o)
 .bss           0x00010c50        0x0 d:/altera13.0sp1/nios2eds/bin/gnu/h-i686-mingw32/bin/../lib/gcc/nios2-elf/4.1.2\libgcc.a(_df_to_si.o)
 .bss           0x00010c50        0x0 d:/altera13.0sp1/nios2eds/bin/gnu/h-i686-mingw32/bin/../lib/gcc/nios2-elf/4.1.2\libgcc.a(_thenan_df.o)
 .bss           0x00010c50        0x0 d:/altera13.0sp1/nios2eds/bin/gnu/h-i686-mingw32/bin/../lib/gcc/nios2-elf/4.1.2\libgcc.a(_usi_to_df.o)
 .bss           0x00010c50        0x0 d:/altera13.0sp1/nios2eds/bin/gnu/h-i686-mingw32/bin/../lib/gcc/nios2-elf/4.1.2\libgcc.a(_clz.o)
 .bss           0x00010c50        0x0 d:/altera13.0sp1/nios2eds/bin/gnu/h-i686-mingw32/bin/../lib/gcc/nios2-elf/4.1.2\libgcc.a(_clzsi2.o)
 .bss           0x00010c50        0x0 d:/altera13.0sp1/nios2eds/bin/gnu/h-i686-mingw32/bin/../lib/gcc/nios2-elf/4.1.2\libgcc.a(_pack_df.o)
 .bss           0x00010c50        0x0 d:/altera13.0sp1/nios2eds/bin/gnu/h-i686-mingw32/bin/../lib/gcc/nios2-elf/4.1.2\libgcc.a(_unpack_df.o)
 .bss           0x00010c50        0x0 d:/altera13.0sp1/nios2eds/bin/gnu/h-i686-mingw32/bin/../lib/gcc/nios2-elf/4.1.2\libgcc.a(_fpcmp_parts_df.o)
 .bss           0x00010c50        0x0 ../DE0_NANO_SDRAM_Nios_Test_bsp/\libhal_bsp.a(alt_close.o)
 .bss           0x00010c50        0x0 ../DE0_NANO_SDRAM_Nios_Test_bsp/\libhal_bsp.a(alt_dcache_flush_all.o)
 .bss           0x00010c50        0x0 ../DE0_NANO_SDRAM_Nios_Test_bsp/\libhal_bsp.a(alt_dev.o)
 .bss           0x00010c50        0x0 ../DE0_NANO_SDRAM_Nios_Test_bsp/\libhal_bsp.a(alt_errno.o)
 .bss           0x00010c50        0x0 ../DE0_NANO_SDRAM_Nios_Test_bsp/\libhal_bsp.a(alt_fstat.o)
 .bss           0x00010c50        0x0 ../DE0_NANO_SDRAM_Nios_Test_bsp/\libhal_bsp.a(alt_isatty.o)
 .bss           0x00010c50        0x0 ../DE0_NANO_SDRAM_Nios_Test_bsp/\libhal_bsp.a(alt_load.o)
 .bss           0x00010c50        0x0 ../DE0_NANO_SDRAM_Nios_Test_bsp/\libhal_bsp.a(alt_lseek.o)
 .bss           0x00010c50        0x0 ../DE0_NANO_SDRAM_Nios_Test_bsp/\libhal_bsp.a(alt_main.o)
 .bss           0x00010c50        0x0 ../DE0_NANO_SDRAM_Nios_Test_bsp/\libhal_bsp.a(alt_malloc_lock.o)
 .bss           0x00010c50        0x0 ../DE0_NANO_SDRAM_Nios_Test_bsp/\libhal_bsp.a(alt_read.o)
 .bss           0x00010c50        0x0 ../DE0_NANO_SDRAM_Nios_Test_bsp/\libhal_bsp.a(alt_release_fd.o)
 .bss           0x00010c50        0x0 ../DE0_NANO_SDRAM_Nios_Test_bsp/\libhal_bsp.a(alt_sbrk.o)
 .bss           0x00010c50        0x0 ../DE0_NANO_SDRAM_Nios_Test_bsp/\libhal_bsp.a(alt_tick.o)
 .bss           0x00010c50        0x0 ../DE0_NANO_SDRAM_Nios_Test_bsp/\libhal_bsp.a(alt_usleep.o)
 .bss           0x00010c50        0x0 ../DE0_NANO_SDRAM_Nios_Test_bsp/\libhal_bsp.a(alt_write.o)
 .bss           0x00010c50        0x0 ../DE0_NANO_SDRAM_Nios_Test_bsp/\libhal_bsp.a(alt_sys_init.o)
 .bss           0x00010c50        0x0 ../DE0_NANO_SDRAM_Nios_Test_bsp/\libhal_bsp.a(altera_avalon_jtag_uart_fd.o)
 .bss           0x00010c50        0x0 ../DE0_NANO_SDRAM_Nios_Test_bsp/\libhal_bsp.a(altera_avalon_jtag_uart_init.o)
 .bss           0x00010c50        0x0 ../DE0_NANO_SDRAM_Nios_Test_bsp/\libhal_bsp.a(altera_avalon_jtag_uart_ioctl.o)
 .bss           0x00010c50        0x0 ../DE0_NANO_SDRAM_Nios_Test_bsp/\libhal_bsp.a(altera_avalon_jtag_uart_read.o)
 .bss           0x00010c50        0x0 ../DE0_NANO_SDRAM_Nios_Test_bsp/\libhal_bsp.a(altera_avalon_jtag_uart_write.o)
 .bss           0x00010c50        0x0 ../DE0_NANO_SDRAM_Nios_Test_bsp/\libhal_bsp.a(altera_avalon_timer_sc.o)
 .bss           0x00010c50        0x0 ../DE0_NANO_SDRAM_Nios_Test_bsp/\libhal_bsp.a(alt_alarm_start.o)
 .bss           0x00010c50        0x0 ../DE0_NANO_SDRAM_Nios_Test_bsp/\libhal_bsp.a(alt_busy_sleep.o)
 .bss           0x00010c50        0x0 ../DE0_NANO_SDRAM_Nios_Test_bsp/\libhal_bsp.a(alt_dev_llist_insert.o)
 .bss           0x00010c50        0x0 ../DE0_NANO_SDRAM_Nios_Test_bsp/\libhal_bsp.a(alt_do_ctors.o)
 .bss           0x00010c50        0x0 ../DE0_NANO_SDRAM_Nios_Test_bsp/\libhal_bsp.a(alt_do_dtors.o)
 .bss           0x00010c50        0x0 ../DE0_NANO_SDRAM_Nios_Test_bsp/\libhal_bsp.a(alt_icache_flush_all.o)
 .bss           0x00010c50        0x0 ../DE0_NANO_SDRAM_Nios_Test_bsp/\libhal_bsp.a(alt_iic.o)
 .bss           0x00010c50        0x0 ../DE0_NANO_SDRAM_Nios_Test_bsp/\libhal_bsp.a(alt_iic_isr_register.o)
 .bss           0x00010c50        0x0 ../DE0_NANO_SDRAM_Nios_Test_bsp/\libhal_bsp.a(alt_io_redirect.o)
 .bss           0x00010c50        0x0 ../DE0_NANO_SDRAM_Nios_Test_bsp/\libhal_bsp.a(alt_irq_entry.o)
 .bss           0x00010c50        0x0 ../DE0_NANO_SDRAM_Nios_Test_bsp/\libhal_bsp.a(alt_irq_handler.o)
 .bss           0x00010c50        0x0 ../DE0_NANO_SDRAM_Nios_Test_bsp/\libhal_bsp.a(alt_irq_vars.o)
 .bss           0x00010c50        0x0 ../DE0_NANO_SDRAM_Nios_Test_bsp/\libhal_bsp.a(alt_open.o)
 .bss           0x00010c50        0x0 ../DE0_NANO_SDRAM_Nios_Test_bsp/\libhal_bsp.a(altera_nios2_qsys_irq.o)
 .bss           0x00010c50        0x0 ../DE0_NANO_SDRAM_Nios_Test_bsp/\libhal_bsp.a(alt_exception_entry.o)
 .bss           0x00010c50        0x0 ../DE0_NANO_SDRAM_Nios_Test_bsp/\libhal_bsp.a(alt_find_dev.o)
 .bss           0x00010c50        0x0 ../DE0_NANO_SDRAM_Nios_Test_bsp/\libhal_bsp.a(alt_find_file.o)
 .bss           0x00010c50        0x0 ../DE0_NANO_SDRAM_Nios_Test_bsp/\libhal_bsp.a(alt_get_fd.o)
 .bss           0x00010c50        0x0 ../DE0_NANO_SDRAM_Nios_Test_bsp/\libhal_bsp.a(alt_icache_flush.o)
 .bss           0x00010c50        0x0 d:/altera13.0sp1/nios2eds/bin/gnu/h-i686-mingw32/bin/../lib/gcc/nios2-elf/4.1.2/../../../../nios2-elf/lib\libc.a(lib_a-atexit.o)
 .bss           0x00010c50        0x0 d:/altera13.0sp1/nios2eds/bin/gnu/h-i686-mingw32/bin/../lib/gcc/nios2-elf/4.1.2/../../../../nios2-elf/lib\libc.a(lib_a-exit.o)
 .bss           0x00010c50        0x0 d:/altera13.0sp1/nios2eds/bin/gnu/h-i686-mingw32/bin/../lib/gcc/nios2-elf/4.1.2/../../../../nios2-elf/lib\libc.a(lib_a-memcmp.o)
 .bss           0x00010c50        0x0 d:/altera13.0sp1/nios2eds/bin/gnu/h-i686-mingw32/bin/../lib/gcc/nios2-elf/4.1.2/../../../../nios2-elf/lib\libc.a(lib_a-__atexit.o)
 .bss           0x00010c50        0x0 d:/altera13.0sp1/nios2eds/bin/gnu/h-i686-mingw32/bin/../lib/gcc/nios2-elf/4.1.2/../../../../nios2-elf/lib\libc.a(lib_a-__call_atexit.o)
 .bss           0x00010c50        0x0 ../DE0_NANO_SDRAM_Nios_Test_bsp/\libhal_bsp.a(alt_exit.o)
 *(COMMON)
 COMMON         0x00010c50      0x100 ../DE0_NANO_SDRAM_Nios_Test_bsp/\libhal_bsp.a(alt_irq_handler.o)
                0x00010c50                alt_irq
 COMMON         0x00010d50      0x190 d:/altera13.0sp1/nios2eds/bin/gnu/h-i686-mingw32/bin/../lib/gcc/nios2-elf/4.1.2/../../../../nios2-elf/lib\libc.a(lib_a-atexit.o)
                0x00010d50                _atexit0
                0x00010ee0                . = ALIGN (0x4)
                0x00010ee0                __bss_end = ABSOLUTE (.)

.sdram          0x00010ee0        0x0
                0x00010ee0                PROVIDE (_alt_partition_sdram_start, ABSOLUTE (.))
 *(.sdram. sdram.*)
                0x00010ee0                . = ALIGN (0x4)
                0x00010ee0                PROVIDE (_alt_partition_sdram_end, ABSOLUTE (.))
                0x00010ee0                _end = ABSOLUTE (.)
                0x00010ee0                end = ABSOLUTE (.)
                0x00010ee0                __alt_stack_base = ABSOLUTE (.)
                0x00010ee0                PROVIDE (_alt_partition_sdram_load_addr, LOADADDR (.sdram))

.stab
 *(.stab)

.stabstr
 *(.stabstr)

.stab.excl
 *(.stab.excl)

.stab.exclstr
 *(.stab.exclstr)

.stab.index
 *(.stab.index)

.stab.indexstr
 *(.stab.indexstr)

.comment        0x00000000       0x26
 *(.comment)
 .comment       0x00000000       0x26 obj/default/main.o
                                 0x27 (size before relaxing)
 .comment       0x00000000       0x27 obj/default/mem_verify.o
 .comment       0x00000000       0x27 d:/altera13.0sp1/nios2eds/bin/gnu/h-i686-mingw32/bin/../lib/gcc/nios2-elf/4.1.2\libgcc.a(lib2-divmod.o)
 .comment       0x00000000       0x27 d:/altera13.0sp1/nios2eds/bin/gnu/h-i686-mingw32/bin/../lib/gcc/nios2-elf/4.1.2/../../../../nios2-elf/lib\libc.a(lib_a-memcpy.o)
 .comment       0x00000000       0x27 d:/altera13.0sp1/nios2eds/bin/gnu/h-i686-mingw32/bin/../lib/gcc/nios2-elf/4.1.2/../../../../nios2-elf/lib\libc.a(lib_a-printf.o)
 .comment       0x00000000       0x27 d:/altera13.0sp1/nios2eds/bin/gnu/h-i686-mingw32/bin/../lib/gcc/nios2-elf/4.1.2/../../../../nios2-elf/lib\libc.a(lib_a-putchar.o)
 .comment       0x00000000       0x27 d:/altera13.0sp1/nios2eds/bin/gnu/h-i686-mingw32/bin/../lib/gcc/nios2-elf/4.1.2/../../../../nios2-elf/lib\libc.a(lib_a-puts.o)
 .comment       0x00000000       0x27 d:/altera13.0sp1/nios2eds/bin/gnu/h-i686-mingw32/bin/../lib/gcc/nios2-elf/4.1.2/../../../../nios2-elf/lib\libc.a(lib_a-rand.o)
 .comment       0x00000000       0x27 d:/altera13.0sp1/nios2eds/bin/gnu/h-i686-mingw32/bin/../lib/gcc/nios2-elf/4.1.2/../../../../nios2-elf/lib\libc.a(lib_a-strlen.o)
 .comment       0x00000000       0x27 d:/altera13.0sp1/nios2eds/bin/gnu/h-i686-mingw32/bin/../lib/gcc/nios2-elf/4.1.2/../../../../nios2-elf/lib\libc.a(lib_a-vfprintf.o)
 .comment       0x00000000       0x27 d:/altera13.0sp1/nios2eds/bin/gnu/h-i686-mingw32/bin/../lib/gcc/nios2-elf/4.1.2/../../../../nios2-elf/lib\libc.a(lib_a-wsetup.o)
 .comment       0x00000000       0x27 d:/altera13.0sp1/nios2eds/bin/gnu/h-i686-mingw32/bin/../lib/gcc/nios2-elf/4.1.2/../../../../nios2-elf/lib\libc.a(lib_a-dtoa.o)
 .comment       0x00000000       0x27 d:/altera13.0sp1/nios2eds/bin/gnu/h-i686-mingw32/bin/../lib/gcc/nios2-elf/4.1.2/../../../../nios2-elf/lib\libc.a(lib_a-fflush.o)
 .comment       0x00000000       0x27 d:/altera13.0sp1/nios2eds/bin/gnu/h-i686-mingw32/bin/../lib/gcc/nios2-elf/4.1.2/../../../../nios2-elf/lib\libc.a(lib_a-findfp.o)
 .comment       0x00000000       0x27 d:/altera13.0sp1/nios2eds/bin/gnu/h-i686-mingw32/bin/../lib/gcc/nios2-elf/4.1.2/../../../../nios2-elf/lib\libc.a(lib_a-freer.o)
 .comment       0x00000000       0x27 d:/altera13.0sp1/nios2eds/bin/gnu/h-i686-mingw32/bin/../lib/gcc/nios2-elf/4.1.2/../../../../nios2-elf/lib\libc.a(lib_a-fvwrite.o)
 .comment       0x00000000       0x27 d:/altera13.0sp1/nios2eds/bin/gnu/h-i686-mingw32/bin/../lib/gcc/nios2-elf/4.1.2/../../../../nios2-elf/lib\libc.a(lib_a-fwalk.o)
 .comment       0x00000000       0x27 d:/altera13.0sp1/nios2eds/bin/gnu/h-i686-mingw32/bin/../lib/gcc/nios2-elf/4.1.2/../../../../nios2-elf/lib\libc.a(lib_a-impure.o)
 .comment       0x00000000       0x27 d:/altera13.0sp1/nios2eds/bin/gnu/h-i686-mingw32/bin/../lib/gcc/nios2-elf/4.1.2/../../../../nios2-elf/lib\libc.a(lib_a-locale.o)
 .comment       0x00000000       0x27 d:/altera13.0sp1/nios2eds/bin/gnu/h-i686-mingw32/bin/../lib/gcc/nios2-elf/4.1.2/../../../../nios2-elf/lib\libc.a(lib_a-makebuf.o)
 .comment       0x00000000       0x27 d:/altera13.0sp1/nios2eds/bin/gnu/h-i686-mingw32/bin/../lib/gcc/nios2-elf/4.1.2/../../../../nios2-elf/lib\libc.a(lib_a-mallocr.o)
 .comment       0x00000000       0x27 d:/altera13.0sp1/nios2eds/bin/gnu/h-i686-mingw32/bin/../lib/gcc/nios2-elf/4.1.2/../../../../nios2-elf/lib\libc.a(lib_a-memchr.o)
 .comment       0x00000000       0x27 d:/altera13.0sp1/nios2eds/bin/gnu/h-i686-mingw32/bin/../lib/gcc/nios2-elf/4.1.2/../../../../nios2-elf/lib\libc.a(lib_a-memmove.o)
 .comment       0x00000000       0x27 d:/altera13.0sp1/nios2eds/bin/gnu/h-i686-mingw32/bin/../lib/gcc/nios2-elf/4.1.2/../../../../nios2-elf/lib\libc.a(lib_a-memset.o)
 .comment       0x00000000       0x27 d:/altera13.0sp1/nios2eds/bin/gnu/h-i686-mingw32/bin/../lib/gcc/nios2-elf/4.1.2/../../../../nios2-elf/lib\libc.a(lib_a-mprec.o)
 .comment       0x00000000       0x27 d:/altera13.0sp1/nios2eds/bin/gnu/h-i686-mingw32/bin/../lib/gcc/nios2-elf/4.1.2/../../../../nios2-elf/lib\libc.a(lib_a-putc.o)
 .comment       0x00000000       0x27 d:/altera13.0sp1/nios2eds/bin/gnu/h-i686-mingw32/bin/../lib/gcc/nios2-elf/4.1.2/../../../../nios2-elf/lib\libc.a(lib_a-reallocr.o)
 .comment       0x00000000       0x27 d:/altera13.0sp1/nios2eds/bin/gnu/h-i686-mingw32/bin/../lib/gcc/nios2-elf/4.1.2/../../../../nios2-elf/lib\libc.a(lib_a-s_isinfd.o)
 .comment       0x00000000       0x27 d:/altera13.0sp1/nios2eds/bin/gnu/h-i686-mingw32/bin/../lib/gcc/nios2-elf/4.1.2/../../../../nios2-elf/lib\libc.a(lib_a-s_isnand.o)
 .comment       0x00000000       0x27 d:/altera13.0sp1/nios2eds/bin/gnu/h-i686-mingw32/bin/../lib/gcc/nios2-elf/4.1.2/../../../../nios2-elf/lib\libc.a(lib_a-sbrkr.o)
 .comment       0x00000000       0x27 d:/altera13.0sp1/nios2eds/bin/gnu/h-i686-mingw32/bin/../lib/gcc/nios2-elf/4.1.2/../../../../nios2-elf/lib\libc.a(lib_a-stdio.o)
 .comment       0x00000000       0x27 d:/altera13.0sp1/nios2eds/bin/gnu/h-i686-mingw32/bin/../lib/gcc/nios2-elf/4.1.2/../../../../nios2-elf/lib\libc.a(lib_a-strcmp.o)
 .comment       0x00000000       0x27 d:/altera13.0sp1/nios2eds/bin/gnu/h-i686-mingw32/bin/../lib/gcc/nios2-elf/4.1.2/../../../../nios2-elf/lib\libc.a(lib_a-wbuf.o)
 .comment       0x00000000       0x27 d:/altera13.0sp1/nios2eds/bin/gnu/h-i686-mingw32/bin/../lib/gcc/nios2-elf/4.1.2/../../../../nios2-elf/lib\libc.a(lib_a-writer.o)
 .comment       0x00000000       0x27 d:/altera13.0sp1/nios2eds/bin/gnu/h-i686-mingw32/bin/../lib/gcc/nios2-elf/4.1.2/../../../../nios2-elf/lib\libc.a(lib_a-callocr.o)
 .comment       0x00000000       0x27 d:/altera13.0sp1/nios2eds/bin/gnu/h-i686-mingw32/bin/../lib/gcc/nios2-elf/4.1.2/../../../../nios2-elf/lib\libc.a(lib_a-closer.o)
 .comment       0x00000000       0x27 d:/altera13.0sp1/nios2eds/bin/gnu/h-i686-mingw32/bin/../lib/gcc/nios2-elf/4.1.2/../../../../nios2-elf/lib\libc.a(lib_a-fclose.o)
 .comment       0x00000000       0x27 d:/altera13.0sp1/nios2eds/bin/gnu/h-i686-mingw32/bin/../lib/gcc/nios2-elf/4.1.2/../../../../nios2-elf/lib\libc.a(lib_a-fstatr.o)
 .comment       0x00000000       0x27 d:/altera13.0sp1/nios2eds/bin/gnu/h-i686-mingw32/bin/../lib/gcc/nios2-elf/4.1.2/../../../../nios2-elf/lib\libc.a(lib_a-int_errno.o)
 .comment       0x00000000       0x27 d:/altera13.0sp1/nios2eds/bin/gnu/h-i686-mingw32/bin/../lib/gcc/nios2-elf/4.1.2/../../../../nios2-elf/lib\libc.a(lib_a-isattyr.o)
 .comment       0x00000000       0x27 d:/altera13.0sp1/nios2eds/bin/gnu/h-i686-mingw32/bin/../lib/gcc/nios2-elf/4.1.2/../../../../nios2-elf/lib\libc.a(lib_a-lseekr.o)
 .comment       0x00000000       0x27 d:/altera13.0sp1/nios2eds/bin/gnu/h-i686-mingw32/bin/../lib/gcc/nios2-elf/4.1.2/../../../../nios2-elf/lib\libc.a(lib_a-readr.o)
 .comment       0x00000000       0x27 d:/altera13.0sp1/nios2eds/bin/gnu/h-i686-mingw32/bin/../lib/gcc/nios2-elf/4.1.2\libgcc.a(_muldi3.o)
 .comment       0x00000000       0x27 d:/altera13.0sp1/nios2eds/bin/gnu/h-i686-mingw32/bin/../lib/gcc/nios2-elf/4.1.2\libgcc.a(_udivdi3.o)
 .comment       0x00000000       0x27 d:/altera13.0sp1/nios2eds/bin/gnu/h-i686-mingw32/bin/../lib/gcc/nios2-elf/4.1.2\libgcc.a(_umoddi3.o)
 .comment       0x00000000       0x27 d:/altera13.0sp1/nios2eds/bin/gnu/h-i686-mingw32/bin/../lib/gcc/nios2-elf/4.1.2\libgcc.a(_addsub_df.o)
 .comment       0x00000000       0x27 d:/altera13.0sp1/nios2eds/bin/gnu/h-i686-mingw32/bin/../lib/gcc/nios2-elf/4.1.2\libgcc.a(_mul_df.o)
 .comment       0x00000000       0x27 d:/altera13.0sp1/nios2eds/bin/gnu/h-i686-mingw32/bin/../lib/gcc/nios2-elf/4.1.2\libgcc.a(_div_df.o)
 .comment       0x00000000       0x27 d:/altera13.0sp1/nios2eds/bin/gnu/h-i686-mingw32/bin/../lib/gcc/nios2-elf/4.1.2\libgcc.a(_eq_df.o)
 .comment       0x00000000       0x27 d:/altera13.0sp1/nios2eds/bin/gnu/h-i686-mingw32/bin/../lib/gcc/nios2-elf/4.1.2\libgcc.a(_ne_df.o)
 .comment       0x00000000       0x27 d:/altera13.0sp1/nios2eds/bin/gnu/h-i686-mingw32/bin/../lib/gcc/nios2-elf/4.1.2\libgcc.a(_gt_df.o)
 .comment       0x00000000       0x27 d:/altera13.0sp1/nios2eds/bin/gnu/h-i686-mingw32/bin/../lib/gcc/nios2-elf/4.1.2\libgcc.a(_ge_df.o)
 .comment       0x00000000       0x27 d:/altera13.0sp1/nios2eds/bin/gnu/h-i686-mingw32/bin/../lib/gcc/nios2-elf/4.1.2\libgcc.a(_lt_df.o)
 .comment       0x00000000       0x27 d:/altera13.0sp1/nios2eds/bin/gnu/h-i686-mingw32/bin/../lib/gcc/nios2-elf/4.1.2\libgcc.a(_si_to_df.o)
 .comment       0x00000000       0x27 d:/altera13.0sp1/nios2eds/bin/gnu/h-i686-mingw32/bin/../lib/gcc/nios2-elf/4.1.2\libgcc.a(_df_to_si.o)
 .comment       0x00000000       0x27 d:/altera13.0sp1/nios2eds/bin/gnu/h-i686-mingw32/bin/../lib/gcc/nios2-elf/4.1.2\libgcc.a(_thenan_df.o)
 .comment       0x00000000       0x27 d:/altera13.0sp1/nios2eds/bin/gnu/h-i686-mingw32/bin/../lib/gcc/nios2-elf/4.1.2\libgcc.a(_usi_to_df.o)
 .comment       0x00000000       0x27 d:/altera13.0sp1/nios2eds/bin/gnu/h-i686-mingw32/bin/../lib/gcc/nios2-elf/4.1.2\libgcc.a(_clz.o)
 .comment       0x00000000       0x27 d:/altera13.0sp1/nios2eds/bin/gnu/h-i686-mingw32/bin/../lib/gcc/nios2-elf/4.1.2\libgcc.a(_clzsi2.o)
 .comment       0x00000000       0x27 d:/altera13.0sp1/nios2eds/bin/gnu/h-i686-mingw32/bin/../lib/gcc/nios2-elf/4.1.2\libgcc.a(_pack_df.o)
 .comment       0x00000000       0x27 d:/altera13.0sp1/nios2eds/bin/gnu/h-i686-mingw32/bin/../lib/gcc/nios2-elf/4.1.2\libgcc.a(_unpack_df.o)
 .comment       0x00000000       0x27 d:/altera13.0sp1/nios2eds/bin/gnu/h-i686-mingw32/bin/../lib/gcc/nios2-elf/4.1.2\libgcc.a(_fpcmp_parts_df.o)
 .comment       0x00000000       0x27 ../DE0_NANO_SDRAM_Nios_Test_bsp/\libhal_bsp.a(alt_close.o)
 .comment       0x00000000       0x27 ../DE0_NANO_SDRAM_Nios_Test_bsp/\libhal_bsp.a(alt_dcache_flush_all.o)
 .comment       0x00000000       0x27 ../DE0_NANO_SDRAM_Nios_Test_bsp/\libhal_bsp.a(alt_dev.o)
 .comment       0x00000000       0x27 ../DE0_NANO_SDRAM_Nios_Test_bsp/\libhal_bsp.a(alt_errno.o)
 .comment       0x00000000       0x27 ../DE0_NANO_SDRAM_Nios_Test_bsp/\libhal_bsp.a(alt_fstat.o)
 .comment       0x00000000       0x27 ../DE0_NANO_SDRAM_Nios_Test_bsp/\libhal_bsp.a(alt_isatty.o)
 .comment       0x00000000       0x27 ../DE0_NANO_SDRAM_Nios_Test_bsp/\libhal_bsp.a(alt_load.o)
 .comment       0x00000000       0x27 ../DE0_NANO_SDRAM_Nios_Test_bsp/\libhal_bsp.a(alt_lseek.o)
 .comment       0x00000000       0x27 ../DE0_NANO_SDRAM_Nios_Test_bsp/\libhal_bsp.a(alt_main.o)
 .comment       0x00000000       0x27 ../DE0_NANO_SDRAM_Nios_Test_bsp/\libhal_bsp.a(alt_malloc_lock.o)
 .comment       0x00000000       0x27 ../DE0_NANO_SDRAM_Nios_Test_bsp/\libhal_bsp.a(alt_read.o)
 .comment       0x00000000       0x27 ../DE0_NANO_SDRAM_Nios_Test_bsp/\libhal_bsp.a(alt_release_fd.o)
 .comment       0x00000000       0x27 ../DE0_NANO_SDRAM_Nios_Test_bsp/\libhal_bsp.a(alt_sbrk.o)
 .comment       0x00000000       0x27 ../DE0_NANO_SDRAM_Nios_Test_bsp/\libhal_bsp.a(alt_tick.o)
 .comment       0x00000000       0x27 ../DE0_NANO_SDRAM_Nios_Test_bsp/\libhal_bsp.a(alt_usleep.o)
 .comment       0x00000000       0x27 ../DE0_NANO_SDRAM_Nios_Test_bsp/\libhal_bsp.a(alt_write.o)
 .comment       0x00000000       0x27 ../DE0_NANO_SDRAM_Nios_Test_bsp/\libhal_bsp.a(alt_sys_init.o)
 .comment       0x00000000       0x27 ../DE0_NANO_SDRAM_Nios_Test_bsp/\libhal_bsp.a(altera_avalon_jtag_uart_fd.o)
 .comment       0x00000000       0x27 ../DE0_NANO_SDRAM_Nios_Test_bsp/\libhal_bsp.a(altera_avalon_jtag_uart_init.o)
 .comment       0x00000000       0x27 ../DE0_NANO_SDRAM_Nios_Test_bsp/\libhal_bsp.a(altera_avalon_jtag_uart_ioctl.o)
 .comment       0x00000000       0x27 ../DE0_NANO_SDRAM_Nios_Test_bsp/\libhal_bsp.a(altera_avalon_jtag_uart_read.o)
 .comment       0x00000000       0x27 ../DE0_NANO_SDRAM_Nios_Test_bsp/\libhal_bsp.a(altera_avalon_jtag_uart_write.o)
 .comment       0x00000000       0x27 ../DE0_NANO_SDRAM_Nios_Test_bsp/\libhal_bsp.a(altera_avalon_timer_sc.o)
 .comment       0x00000000       0x27 ../DE0_NANO_SDRAM_Nios_Test_bsp/\libhal_bsp.a(alt_alarm_start.o)
 .comment       0x00000000       0x27 ../DE0_NANO_SDRAM_Nios_Test_bsp/\libhal_bsp.a(alt_busy_sleep.o)
 .comment       0x00000000       0x27 ../DE0_NANO_SDRAM_Nios_Test_bsp/\libhal_bsp.a(alt_dev_llist_insert.o)
 .comment       0x00000000       0x27 ../DE0_NANO_SDRAM_Nios_Test_bsp/\libhal_bsp.a(alt_do_ctors.o)
 .comment       0x00000000       0x27 ../DE0_NANO_SDRAM_Nios_Test_bsp/\libhal_bsp.a(alt_do_dtors.o)
 .comment       0x00000000       0x27 ../DE0_NANO_SDRAM_Nios_Test_bsp/\libhal_bsp.a(alt_icache_flush_all.o)
 .comment       0x00000000       0x27 ../DE0_NANO_SDRAM_Nios_Test_bsp/\libhal_bsp.a(alt_iic.o)
 .comment       0x00000000       0x27 ../DE0_NANO_SDRAM_Nios_Test_bsp/\libhal_bsp.a(alt_iic_isr_register.o)
 .comment       0x00000000       0x27 ../DE0_NANO_SDRAM_Nios_Test_bsp/\libhal_bsp.a(alt_io_redirect.o)
 .comment       0x00000000       0x27 ../DE0_NANO_SDRAM_Nios_Test_bsp/\libhal_bsp.a(alt_irq_handler.o)
 .comment       0x00000000       0x27 ../DE0_NANO_SDRAM_Nios_Test_bsp/\libhal_bsp.a(alt_irq_vars.o)
 .comment       0x00000000       0x27 ../DE0_NANO_SDRAM_Nios_Test_bsp/\libhal_bsp.a(alt_open.o)
 .comment       0x00000000       0x27 ../DE0_NANO_SDRAM_Nios_Test_bsp/\libhal_bsp.a(altera_nios2_qsys_irq.o)
 .comment       0x00000000       0x27 ../DE0_NANO_SDRAM_Nios_Test_bsp/\libhal_bsp.a(alt_find_dev.o)
 .comment       0x00000000       0x27 ../DE0_NANO_SDRAM_Nios_Test_bsp/\libhal_bsp.a(alt_find_file.o)
 .comment       0x00000000       0x27 ../DE0_NANO_SDRAM_Nios_Test_bsp/\libhal_bsp.a(alt_get_fd.o)
 .comment       0x00000000       0x27 ../DE0_NANO_SDRAM_Nios_Test_bsp/\libhal_bsp.a(alt_icache_flush.o)
 .comment       0x00000000       0x27 d:/altera13.0sp1/nios2eds/bin/gnu/h-i686-mingw32/bin/../lib/gcc/nios2-elf/4.1.2/../../../../nios2-elf/lib\libc.a(lib_a-atexit.o)
 .comment       0x00000000       0x27 d:/altera13.0sp1/nios2eds/bin/gnu/h-i686-mingw32/bin/../lib/gcc/nios2-elf/4.1.2/../../../../nios2-elf/lib\libc.a(lib_a-exit.o)
 .comment       0x00000000       0x27 d:/altera13.0sp1/nios2eds/bin/gnu/h-i686-mingw32/bin/../lib/gcc/nios2-elf/4.1.2/../../../../nios2-elf/lib\libc.a(lib_a-memcmp.o)
 .comment       0x00000000       0x27 d:/altera13.0sp1/nios2eds/bin/gnu/h-i686-mingw32/bin/../lib/gcc/nios2-elf/4.1.2/../../../../nios2-elf/lib\libc.a(lib_a-__atexit.o)
 .comment       0x00000000       0x27 d:/altera13.0sp1/nios2eds/bin/gnu/h-i686-mingw32/bin/../lib/gcc/nios2-elf/4.1.2/../../../../nios2-elf/lib\libc.a(lib_a-__call_atexit.o)
 .comment       0x00000000       0x27 ../DE0_NANO_SDRAM_Nios_Test_bsp/\libhal_bsp.a(alt_exit.o)

.debug
 *(.debug)

.line
 *(.line)

.debug_srcinfo
 *(.debug_srcinfo)

.debug_sfnames
 *(.debug_sfnames)

.debug_aranges  0x00000000      0xd58
 *(.debug_aranges)
 .debug_aranges
                0x00000000       0x28 ../DE0_NANO_SDRAM_Nios_Test_bsp//obj/HAL/src/crt0.o
 .debug_aranges
                0x00000028       0x20 obj/default/main.o
 .debug_aranges
                0x00000048       0x20 obj/default/mem_verify.o
 .debug_aranges
                0x00000068       0x20 d:/altera13.0sp1/nios2eds/bin/gnu/h-i686-mingw32/bin/../lib/gcc/nios2-elf/4.1.2\libgcc.a(lib2-divmod.o)
 .debug_aranges
                0x00000088       0x20 d:/altera13.0sp1/nios2eds/bin/gnu/h-i686-mingw32/bin/../lib/gcc/nios2-elf/4.1.2/../../../../nios2-elf/lib\libc.a(lib_a-memcpy.o)
 .debug_aranges
                0x000000a8       0x20 d:/altera13.0sp1/nios2eds/bin/gnu/h-i686-mingw32/bin/../lib/gcc/nios2-elf/4.1.2/../../../../nios2-elf/lib\libc.a(lib_a-printf.o)
 .debug_aranges
                0x000000c8       0x20 d:/altera13.0sp1/nios2eds/bin/gnu/h-i686-mingw32/bin/../lib/gcc/nios2-elf/4.1.2/../../../../nios2-elf/lib\libc.a(lib_a-putchar.o)
 .debug_aranges
                0x000000e8       0x20 d:/altera13.0sp1/nios2eds/bin/gnu/h-i686-mingw32/bin/../lib/gcc/nios2-elf/4.1.2/../../../../nios2-elf/lib\libc.a(lib_a-puts.o)
 .debug_aranges
                0x00000108       0x20 d:/altera13.0sp1/nios2eds/bin/gnu/h-i686-mingw32/bin/../lib/gcc/nios2-elf/4.1.2/../../../../nios2-elf/lib\libc.a(lib_a-rand.o)
 .debug_aranges
                0x00000128       0x20 d:/altera13.0sp1/nios2eds/bin/gnu/h-i686-mingw32/bin/../lib/gcc/nios2-elf/4.1.2/../../../../nios2-elf/lib\libc.a(lib_a-strlen.o)
 .debug_aranges
                0x00000148       0x20 d:/altera13.0sp1/nios2eds/bin/gnu/h-i686-mingw32/bin/../lib/gcc/nios2-elf/4.1.2/../../../../nios2-elf/lib\libc.a(lib_a-vfprintf.o)
 .debug_aranges
                0x00000168       0x20 d:/altera13.0sp1/nios2eds/bin/gnu/h-i686-mingw32/bin/../lib/gcc/nios2-elf/4.1.2/../../../../nios2-elf/lib\libc.a(lib_a-wsetup.o)
 .debug_aranges
                0x00000188       0x20 d:/altera13.0sp1/nios2eds/bin/gnu/h-i686-mingw32/bin/../lib/gcc/nios2-elf/4.1.2/../../../../nios2-elf/lib\libc.a(lib_a-dtoa.o)
 .debug_aranges
                0x000001a8       0x20 d:/altera13.0sp1/nios2eds/bin/gnu/h-i686-mingw32/bin/../lib/gcc/nios2-elf/4.1.2/../../../../nios2-elf/lib\libc.a(lib_a-fflush.o)
 .debug_aranges
                0x000001c8       0x20 d:/altera13.0sp1/nios2eds/bin/gnu/h-i686-mingw32/bin/../lib/gcc/nios2-elf/4.1.2/../../../../nios2-elf/lib\libc.a(lib_a-findfp.o)
 .debug_aranges
                0x000001e8       0x20 d:/altera13.0sp1/nios2eds/bin/gnu/h-i686-mingw32/bin/../lib/gcc/nios2-elf/4.1.2/../../../../nios2-elf/lib\libc.a(lib_a-freer.o)
 .debug_aranges
                0x00000208       0x20 d:/altera13.0sp1/nios2eds/bin/gnu/h-i686-mingw32/bin/../lib/gcc/nios2-elf/4.1.2/../../../../nios2-elf/lib\libc.a(lib_a-fvwrite.o)
 .debug_aranges
                0x00000228       0x20 d:/altera13.0sp1/nios2eds/bin/gnu/h-i686-mingw32/bin/../lib/gcc/nios2-elf/4.1.2/../../../../nios2-elf/lib\libc.a(lib_a-fwalk.o)
 .debug_aranges
                0x00000248       0x20 d:/altera13.0sp1/nios2eds/bin/gnu/h-i686-mingw32/bin/../lib/gcc/nios2-elf/4.1.2/../../../../nios2-elf/lib\libc.a(lib_a-locale.o)
 .debug_aranges
                0x00000268       0x20 d:/altera13.0sp1/nios2eds/bin/gnu/h-i686-mingw32/bin/../lib/gcc/nios2-elf/4.1.2/../../../../nios2-elf/lib\libc.a(lib_a-makebuf.o)
 .debug_aranges
                0x00000288       0x20 d:/altera13.0sp1/nios2eds/bin/gnu/h-i686-mingw32/bin/../lib/gcc/nios2-elf/4.1.2/../../../../nios2-elf/lib\libc.a(lib_a-mallocr.o)
 .debug_aranges
                0x000002a8       0x20 d:/altera13.0sp1/nios2eds/bin/gnu/h-i686-mingw32/bin/../lib/gcc/nios2-elf/4.1.2/../../../../nios2-elf/lib\libc.a(lib_a-memchr.o)
 .debug_aranges
                0x000002c8       0x20 d:/altera13.0sp1/nios2eds/bin/gnu/h-i686-mingw32/bin/../lib/gcc/nios2-elf/4.1.2/../../../../nios2-elf/lib\libc.a(lib_a-memmove.o)
 .debug_aranges
                0x000002e8       0x20 d:/altera13.0sp1/nios2eds/bin/gnu/h-i686-mingw32/bin/../lib/gcc/nios2-elf/4.1.2/../../../../nios2-elf/lib\libc.a(lib_a-memset.o)
 .debug_aranges
                0x00000308       0x20 d:/altera13.0sp1/nios2eds/bin/gnu/h-i686-mingw32/bin/../lib/gcc/nios2-elf/4.1.2/../../../../nios2-elf/lib\libc.a(lib_a-mprec.o)
 .debug_aranges
                0x00000328       0x20 d:/altera13.0sp1/nios2eds/bin/gnu/h-i686-mingw32/bin/../lib/gcc/nios2-elf/4.1.2/../../../../nios2-elf/lib\libc.a(lib_a-putc.o)
 .debug_aranges
                0x00000348       0x20 d:/altera13.0sp1/nios2eds/bin/gnu/h-i686-mingw32/bin/../lib/gcc/nios2-elf/4.1.2/../../../../nios2-elf/lib\libc.a(lib_a-reallocr.o)
 .debug_aranges
                0x00000368       0x20 d:/altera13.0sp1/nios2eds/bin/gnu/h-i686-mingw32/bin/../lib/gcc/nios2-elf/4.1.2/../../../../nios2-elf/lib\libc.a(lib_a-s_isinfd.o)
 .debug_aranges
                0x00000388       0x20 d:/altera13.0sp1/nios2eds/bin/gnu/h-i686-mingw32/bin/../lib/gcc/nios2-elf/4.1.2/../../../../nios2-elf/lib\libc.a(lib_a-s_isnand.o)
 .debug_aranges
                0x000003a8       0x20 d:/altera13.0sp1/nios2eds/bin/gnu/h-i686-mingw32/bin/../lib/gcc/nios2-elf/4.1.2/../../../../nios2-elf/lib\libc.a(lib_a-sbrkr.o)
 .debug_aranges
                0x000003c8       0x20 d:/altera13.0sp1/nios2eds/bin/gnu/h-i686-mingw32/bin/../lib/gcc/nios2-elf/4.1.2/../../../../nios2-elf/lib\libc.a(lib_a-stdio.o)
 .debug_aranges
                0x000003e8       0x20 d:/altera13.0sp1/nios2eds/bin/gnu/h-i686-mingw32/bin/../lib/gcc/nios2-elf/4.1.2/../../../../nios2-elf/lib\libc.a(lib_a-strcmp.o)
 .debug_aranges
                0x00000408       0x20 d:/altera13.0sp1/nios2eds/bin/gnu/h-i686-mingw32/bin/../lib/gcc/nios2-elf/4.1.2/../../../../nios2-elf/lib\libc.a(lib_a-wbuf.o)
 .debug_aranges
                0x00000428       0x20 d:/altera13.0sp1/nios2eds/bin/gnu/h-i686-mingw32/bin/../lib/gcc/nios2-elf/4.1.2/../../../../nios2-elf/lib\libc.a(lib_a-writer.o)
 .debug_aranges
                0x00000448       0x20 d:/altera13.0sp1/nios2eds/bin/gnu/h-i686-mingw32/bin/../lib/gcc/nios2-elf/4.1.2/../../../../nios2-elf/lib\libc.a(lib_a-callocr.o)
 .debug_aranges
                0x00000468       0x20 d:/altera13.0sp1/nios2eds/bin/gnu/h-i686-mingw32/bin/../lib/gcc/nios2-elf/4.1.2/../../../../nios2-elf/lib\libc.a(lib_a-closer.o)
 .debug_aranges
                0x00000488       0x20 d:/altera13.0sp1/nios2eds/bin/gnu/h-i686-mingw32/bin/../lib/gcc/nios2-elf/4.1.2/../../../../nios2-elf/lib\libc.a(lib_a-fclose.o)
 .debug_aranges
                0x000004a8       0x20 d:/altera13.0sp1/nios2eds/bin/gnu/h-i686-mingw32/bin/../lib/gcc/nios2-elf/4.1.2/../../../../nios2-elf/lib\libc.a(lib_a-fstatr.o)
 .debug_aranges
                0x000004c8       0x20 d:/altera13.0sp1/nios2eds/bin/gnu/h-i686-mingw32/bin/../lib/gcc/nios2-elf/4.1.2/../../../../nios2-elf/lib\libc.a(lib_a-isattyr.o)
 .debug_aranges
                0x000004e8       0x20 d:/altera13.0sp1/nios2eds/bin/gnu/h-i686-mingw32/bin/../lib/gcc/nios2-elf/4.1.2/../../../../nios2-elf/lib\libc.a(lib_a-lseekr.o)
 .debug_aranges
                0x00000508       0x20 d:/altera13.0sp1/nios2eds/bin/gnu/h-i686-mingw32/bin/../lib/gcc/nios2-elf/4.1.2/../../../../nios2-elf/lib\libc.a(lib_a-readr.o)
 .debug_aranges
                0x00000528       0x20 d:/altera13.0sp1/nios2eds/bin/gnu/h-i686-mingw32/bin/../lib/gcc/nios2-elf/4.1.2\libgcc.a(_muldi3.o)
 .debug_aranges
                0x00000548       0x20 d:/altera13.0sp1/nios2eds/bin/gnu/h-i686-mingw32/bin/../lib/gcc/nios2-elf/4.1.2\libgcc.a(_udivdi3.o)
 .debug_aranges
                0x00000568       0x20 d:/altera13.0sp1/nios2eds/bin/gnu/h-i686-mingw32/bin/../lib/gcc/nios2-elf/4.1.2\libgcc.a(_umoddi3.o)
 .debug_aranges
                0x00000588       0x20 d:/altera13.0sp1/nios2eds/bin/gnu/h-i686-mingw32/bin/../lib/gcc/nios2-elf/4.1.2\libgcc.a(_addsub_df.o)
 .debug_aranges
                0x000005a8       0x20 d:/altera13.0sp1/nios2eds/bin/gnu/h-i686-mingw32/bin/../lib/gcc/nios2-elf/4.1.2\libgcc.a(_mul_df.o)
 .debug_aranges
                0x000005c8       0x20 d:/altera13.0sp1/nios2eds/bin/gnu/h-i686-mingw32/bin/../lib/gcc/nios2-elf/4.1.2\libgcc.a(_div_df.o)
 .debug_aranges
                0x000005e8       0x20 d:/altera13.0sp1/nios2eds/bin/gnu/h-i686-mingw32/bin/../lib/gcc/nios2-elf/4.1.2\libgcc.a(_eq_df.o)
 .debug_aranges
                0x00000608       0x20 d:/altera13.0sp1/nios2eds/bin/gnu/h-i686-mingw32/bin/../lib/gcc/nios2-elf/4.1.2\libgcc.a(_ne_df.o)
 .debug_aranges
                0x00000628       0x20 d:/altera13.0sp1/nios2eds/bin/gnu/h-i686-mingw32/bin/../lib/gcc/nios2-elf/4.1.2\libgcc.a(_gt_df.o)
 .debug_aranges
                0x00000648       0x20 d:/altera13.0sp1/nios2eds/bin/gnu/h-i686-mingw32/bin/../lib/gcc/nios2-elf/4.1.2\libgcc.a(_ge_df.o)
 .debug_aranges
                0x00000668       0x20 d:/altera13.0sp1/nios2eds/bin/gnu/h-i686-mingw32/bin/../lib/gcc/nios2-elf/4.1.2\libgcc.a(_lt_df.o)
 .debug_aranges
                0x00000688       0x20 d:/altera13.0sp1/nios2eds/bin/gnu/h-i686-mingw32/bin/../lib/gcc/nios2-elf/4.1.2\libgcc.a(_si_to_df.o)
 .debug_aranges
                0x000006a8       0x20 d:/altera13.0sp1/nios2eds/bin/gnu/h-i686-mingw32/bin/../lib/gcc/nios2-elf/4.1.2\libgcc.a(_df_to_si.o)
 .debug_aranges
                0x000006c8       0x20 d:/altera13.0sp1/nios2eds/bin/gnu/h-i686-mingw32/bin/../lib/gcc/nios2-elf/4.1.2\libgcc.a(_usi_to_df.o)
 .debug_aranges
                0x000006e8       0x20 d:/altera13.0sp1/nios2eds/bin/gnu/h-i686-mingw32/bin/../lib/gcc/nios2-elf/4.1.2\libgcc.a(_clzsi2.o)
 .debug_aranges
                0x00000708       0x20 d:/altera13.0sp1/nios2eds/bin/gnu/h-i686-mingw32/bin/../lib/gcc/nios2-elf/4.1.2\libgcc.a(_pack_df.o)
 .debug_aranges
                0x00000728       0x20 d:/altera13.0sp1/nios2eds/bin/gnu/h-i686-mingw32/bin/../lib/gcc/nios2-elf/4.1.2\libgcc.a(_unpack_df.o)
 .debug_aranges
                0x00000748       0x20 d:/altera13.0sp1/nios2eds/bin/gnu/h-i686-mingw32/bin/../lib/gcc/nios2-elf/4.1.2\libgcc.a(_fpcmp_parts_df.o)
 .debug_aranges
                0x00000768       0x20 ../DE0_NANO_SDRAM_Nios_Test_bsp/\libhal_bsp.a(alt_close.o)
 .debug_aranges
                0x00000788       0x20 ../DE0_NANO_SDRAM_Nios_Test_bsp/\libhal_bsp.a(alt_dcache_flush_all.o)
 .debug_aranges