Archive member included because of file (symbol)

c:/altera/13.0sp1/nios2eds/bin/gnu/h-i686-mingw32/bin/../lib/gcc/nios2-elf/4.1.2\libgcc.a(_sf_to_df.o)
                              obj/default/main.o (__extendsfdf2)
c:/altera/13.0sp1/nios2eds/bin/gnu/h-i686-mingw32/bin/../lib/gcc/nios2-elf/4.1.2\libgcc.a(_usi_to_sf.o)
                              obj/default/main.o (__floatunsisf)
c:/altera/13.0sp1/nios2eds/bin/gnu/h-i686-mingw32/bin/../lib/gcc/nios2-elf/4.1.2\libgcc.a(_mul_df.o)
                              obj/default/main.o (__muldf3)
c:/altera/13.0sp1/nios2eds/bin/gnu/h-i686-mingw32/bin/../lib/gcc/nios2-elf/4.1.2\libgcc.a(_div_df.o)
                              obj/default/main.o (__divdf3)
c:/altera/13.0sp1/nios2eds/bin/gnu/h-i686-mingw32/bin/../lib/gcc/nios2-elf/4.1.2\libgcc.a(_make_df.o)
                              c:/altera/13.0sp1/nios2eds/bin/gnu/h-i686-mingw32/bin/../lib/gcc/nios2-elf/4.1.2\libgcc.a(_sf_to_df.o) (__make_dp)
c:/altera/13.0sp1/nios2eds/bin/gnu/h-i686-mingw32/bin/../lib/gcc/nios2-elf/4.1.2\libgcc.a(_thenan_df.o)
                              c:/altera/13.0sp1/nios2eds/bin/gnu/h-i686-mingw32/bin/../lib/gcc/nios2-elf/4.1.2\libgcc.a(_mul_df.o) (__thenan_df)
c:/altera/13.0sp1/nios2eds/bin/gnu/h-i686-mingw32/bin/../lib/gcc/nios2-elf/4.1.2\libgcc.a(lib2-divmod.o)
                              obj/default/terasic_lib/accelerometer_adxl345_spi.o (__udivsi3)
c:/altera/13.0sp1/nios2eds/bin/gnu/h-i686-mingw32/bin/../lib/gcc/nios2-elf/4.1.2\libgcc.a(_muldi3.o)
                              c:/altera/13.0sp1/nios2eds/bin/gnu/h-i686-mingw32/bin/../lib/gcc/nios2-elf/4.1.2\libgcc.a(_mul_df.o) (__muldi3)
c:/altera/13.0sp1/nios2eds/bin/gnu/h-i686-mingw32/bin/../lib/gcc/nios2-elf/4.1.2\libgcc.a(_clzsi2.o)
                              c:/altera/13.0sp1/nios2eds/bin/gnu/h-i686-mingw32/bin/../lib/gcc/nios2-elf/4.1.2\libgcc.a(_usi_to_sf.o) (__clzsi2)
c:/altera/13.0sp1/nios2eds/bin/gnu/h-i686-mingw32/bin/../lib/gcc/nios2-elf/4.1.2\libgcc.a(_pack_sf.o)
                              c:/altera/13.0sp1/nios2eds/bin/gnu/h-i686-mingw32/bin/../lib/gcc/nios2-elf/4.1.2\libgcc.a(_usi_to_sf.o) (__pack_f)
c:/altera/13.0sp1/nios2eds/bin/gnu/h-i686-mingw32/bin/../lib/gcc/nios2-elf/4.1.2\libgcc.a(_unpack_sf.o)
                              c:/altera/13.0sp1/nios2eds/bin/gnu/h-i686-mingw32/bin/../lib/gcc/nios2-elf/4.1.2\libgcc.a(_sf_to_df.o) (__unpack_f)
c:/altera/13.0sp1/nios2eds/bin/gnu/h-i686-mingw32/bin/../lib/gcc/nios2-elf/4.1.2\libgcc.a(_pack_df.o)
                              c:/altera/13.0sp1/nios2eds/bin/gnu/h-i686-mingw32/bin/../lib/gcc/nios2-elf/4.1.2\libgcc.a(_mul_df.o) (__pack_d)
c:/altera/13.0sp1/nios2eds/bin/gnu/h-i686-mingw32/bin/../lib/gcc/nios2-elf/4.1.2\libgcc.a(_unpack_df.o)
                              c:/altera/13.0sp1/nios2eds/bin/gnu/h-i686-mingw32/bin/../lib/gcc/nios2-elf/4.1.2\libgcc.a(_mul_df.o) (__unpack_d)
c:/altera/13.0sp1/nios2eds/bin/gnu/h-i686-mingw32/bin/../lib/gcc/nios2-elf/4.1.2\libgcc.a(_clz.o)
                              c:/altera/13.0sp1/nios2eds/bin/gnu/h-i686-mingw32/bin/../lib/gcc/nios2-elf/4.1.2\libgcc.a(_clzsi2.o) (__clz_tab)
c:/altera/13.0sp1/nios2eds/bin/gnu/h-i686-mingw32/bin/../lib/gcc/nios2-elf/4.1.2/../../../../nios2-elf/lib\libc.a(lib_a-malloc.o)
                              obj/default/terasic_lib/flash.o (free)
c:/altera/13.0sp1/nios2eds/bin/gnu/h-i686-mingw32/bin/../lib/gcc/nios2-elf/4.1.2/../../../../nios2-elf/lib\libc.a(lib_a-mallocr.o)
                              c:/altera/13.0sp1/nios2eds/bin/gnu/h-i686-mingw32/bin/../lib/gcc/nios2-elf/4.1.2/../../../../nios2-elf/lib\libc.a(lib_a-malloc.o) (_malloc_r)
c:/altera/13.0sp1/nios2eds/bin/gnu/h-i686-mingw32/bin/../lib/gcc/nios2-elf/4.1.2/../../../../nios2-elf/lib\libc.a(lib_a-printf.o)
                              obj/default/main.o (printf)
c:/altera/13.0sp1/nios2eds/bin/gnu/h-i686-mingw32/bin/../lib/gcc/nios2-elf/4.1.2/../../../../nios2-elf/lib\libc.a(lib_a-puts.o)
                              obj/default/main.o (puts)
c:/altera/13.0sp1/nios2eds/bin/gnu/h-i686-mingw32/bin/../lib/gcc/nios2-elf/4.1.2/../../../../nios2-elf/lib\libc.a(lib_a-sbrkr.o)
                              c:/altera/13.0sp1/nios2eds/bin/gnu/h-i686-mingw32/bin/../lib/gcc/nios2-elf/4.1.2/../../../../nios2-elf/lib\libc.a(lib_a-mallocr.o) (_sbrk_r)
c:/altera/13.0sp1/nios2eds/bin/gnu/h-i686-mingw32/bin/../lib/gcc/nios2-elf/4.1.2/../../../../nios2-elf/lib\libc.a(lib_a-scanf.o)
                              obj/default/main.o (scanf)
c:/altera/13.0sp1/nios2eds/bin/gnu/h-i686-mingw32/bin/../lib/gcc/nios2-elf/4.1.2/../../../../nios2-elf/lib\libc.a(lib_a-strlen.o)
                              c:/altera/13.0sp1/nios2eds/bin/gnu/h-i686-mingw32/bin/../lib/gcc/nios2-elf/4.1.2/../../../../nios2-elf/lib\libc.a(lib_a-puts.o) (strlen)
c:/altera/13.0sp1/nios2eds/bin/gnu/h-i686-mingw32/bin/../lib/gcc/nios2-elf/4.1.2/../../../../nios2-elf/lib\libc.a(lib_a-vfprintf.o)
[...]
Memory Configuration

Name             Origin             Length             Attributes
reset            0x02000000         0x00000020
sdram            0x02000020         0x01ffffe0
epcs             0x05000000         0x00000800
*default*        0x00000000         0xffffffff

Linker script and memory map

LOAD ../DE0_Nano_bsp//obj/HAL/src/crt0.o
LOAD obj/default/main.o
LOAD obj/default/terasic_lib/I2C.o
LOAD obj/default/terasic_lib/accelerometer_adxl345_spi.o
LOAD obj/default/terasic_lib/adc_spi_read.o
LOAD obj/default/terasic_lib/flash.o
LOAD obj/default/terasic_lib/terasic_spi.o
LOAD c:/altera/13.0sp1/nios2eds/bin/gnu/h-i686-mingw32/bin/../lib/gcc/nios2-elf/4.1.2/../../../../nios2-elf/lib\libstdc++.a
LOAD c:/altera/13.0sp1/nios2eds/bin/gnu/h-i686-mingw32/bin/../lib/gcc/nios2-elf/4.1.2/../../../../nios2-elf/lib\libm.a
LOAD c:/altera/13.0sp1/nios2eds/bin/gnu/h-i686-mingw32/bin/../lib/gcc/nios2-elf/4.1.2\libgcc.a
START GROUP
LOAD c:/altera/13.0sp1/nios2eds/bin/gnu/h-i686-mingw32/bin/../lib/gcc/nios2-elf/4.1.2/../../../../nios2-elf/lib\libc.a
LOAD c:/altera/13.0sp1/nios2eds/bin/gnu/h-i686-mingw32/bin/../lib/gcc/nios2-elf/4.1.2\libgcc.a
LOAD ../DE0_Nano_bsp/\libhal_bsp.a
END GROUP
LOAD c:/altera/13.0sp1/nios2eds/bin/gnu/h-i686-mingw32/bin/../lib/gcc/nios2-elf/4.1.2\libgcc.a
                0x02000000                __alt_mem_sdram = 0x2000000
                0x05000000                __alt_mem_epcs = 0x5000000

.entry          0x02000000       0x20
 *(.entry)
 .entry         0x02000000       0x20 ../DE0_Nano_bsp//obj/HAL/src/crt0.o
                0x02000000                __reset

.exceptions     0x02000020      0x194
                0x02000020                PROVIDE (__ram_exceptions_start, ABSOLUTE (.))
                0x02000020                . = ALIGN (0x20)
 *(.irq)
 *(.exceptions.entry.label)
 .exceptions.entry.label
                0x02000020        0x0 ../DE0_Nano_bsp/\libhal_bsp.a(alt_irq_entry.o)
                0x02000020                alt_irq_entry
 .exceptions.entry.label
                0x02000020        0x0 ../DE0_Nano_bsp/\libhal_bsp.a(alt_exception_entry.o)
                0x02000020                alt_exception
 *(.exceptions.entry.user)
 *(.exceptions.entry)
 .exceptions.entry
                0x02000020       0x54 ../DE0_Nano_bsp/\libhal_bsp.a(alt_exception_entry.o)
 *(.exceptions.irqtest.user)
 *(.exceptions.irqtest)
 .exceptions.irqtest
                0x02000074       0x10 ../DE0_Nano_bsp/\libhal_bsp.a(alt_irq_entry.o)
 *(.exceptions.irqhandler.user)
 *(.exceptions.irqhandler)
 .exceptions.irqhandler
                0x02000084        0x4 ../DE0_Nano_bsp/\libhal_bsp.a(alt_irq_entry.o)
 *(.exceptions.irqreturn.user)
 *(.exceptions.irqreturn)
 .exceptions.irqreturn
                0x02000088        0x4 ../DE0_Nano_bsp/\libhal_bsp.a(alt_irq_entry.o)
 *(.exceptions.notirq.label)
 .exceptions.notirq.label
                0x0200008c        0x0 ../DE0_Nano_bsp/\libhal_bsp.a(alt_irq_entry.o)
 *(.exceptions.notirq.user)
 *(.exceptions.notirq)
 .exceptions.notirq
                0x0200008c        0x8 ../DE0_Nano_bsp/\libhal_bsp.a(alt_exception_entry.o)
 *(.exceptions.soft.user)
 *(.exceptions.soft)
 *(.exceptions.unknown.user)
 *(.exceptions.unknown)
 .exceptions.unknown
                0x02000094        0x4 ../DE0_Nano_bsp/\libhal_bsp.a(alt_exception_entry.o)
 *(.exceptions.exit.label)
 .exceptions.exit.label
                0x02000098        0x0 ../DE0_Nano_bsp/\libhal_bsp.a(alt_irq_entry.o)
 .exceptions.exit.label
                0x02000098        0x0 ../DE0_Nano_bsp/\libhal_bsp.a(alt_exception_entry.o)
 *(.exceptions.exit.user)
 *(.exceptions.exit)
 .exceptions.exit
                0x02000098       0x54 ../DE0_Nano_bsp/\libhal_bsp.a(alt_exception_entry.o)
 *(.exceptions)
 .exceptions    0x020000ec       0xc8 ../DE0_Nano_bsp/\libhal_bsp.a(alt_irq_handler.o)
                0x020000ec                alt_irq_handler
                0x020001b4                PROVIDE (__ram_exceptions_end, ABSOLUTE (.))
                0x02000020                PROVIDE (__flash_exceptions_start, LOADADDR (.exceptions))

.text           0x020001b4    0x15468
                0x020001b4                PROVIDE (stext, ABSOLUTE (.))
 *(.interp)
 *(.hash)
 *(.dynsym)
 *(.dynstr)
 *(.gnu.version)
 *(.gnu.version_d)
 *(.gnu.version_r)
 *(.rel.init)
 *(.rela.init)
 *(.rel.text .rel.text.* .rel.gnu.linkonce.t.*)
 *(.rela.text .rela.text.* .rela.gnu.linkonce.t.*)
 *(.rel.fini)
 *(.rela.fini)
 *(.rel.rodata .rel.rodata.* .rel.gnu.linkonce.r.*)
 *(.rela.rodata .rela.rodata.* .rela.gnu.linkonce.r.*)
 *(.rel.data .rel.data.* .rel.gnu.linkonce.d.*)
 *(.rela.data .rela.data.* .rela.gnu.linkonce.d.*)
 *(.rel.tdata .rel.tdata.* .rel.gnu.linkonce.td.*)
 *(.rela.tdata .rela.tdata.* .rela.gnu.linkonce.td.*)
 *(.rel.tbss .rel.tbss.* .rel.gnu.linkonce.tb.*)
 *(.rela.tbss .rela.tbss.* .rela.gnu.linkonce.tb.*)
 *(.rel.ctors)
 *(.rela.ctors)
 *(.rel.dtors)
 *(.rela.dtors)
 *(.rel.got)
 *(.rela.got)
 *(.rel.sdata .rel.sdata.* .rel.gnu.linkonce.s.*)
 *(.rela.sdata .rela.sdata.* .rela.gnu.linkonce.s.*)
 *(.rel.sbss .rel.sbss.* .rel.gnu.linkonce.sb.*)
 *(.rela.sbss .rela.sbss.* .rela.gnu.linkonce.sb.*)
 *(.rel.sdata2 .rel.sdata2.* .rel.gnu.linkonce.s2.*)
 *(.rela.sdata2 .rela.sdata2.* .rela.gnu.linkonce.s2.*)
 *(.rel.sbss2 .rel.sbss2.* .rel.gnu.linkonce.sb2.*)
 *(.rela.sbss2 .rela.sbss2.* .rela.gnu.linkonce.sb2.*)
 *(.rel.bss .rel.bss.* .rel.gnu.linkonce.b.*)
 *(.rela.bss .rela.bss.* .rela.gnu.linkonce.b.*)
 *(.rel.plt)
 *(.rela.plt)
 *(.rel.dyn)
 *(.init)
 *(.plt)
 *(.text .stub .text.* .gnu.linkonce.t.*)
 .text          0x020001b4       0x4c ../DE0_Nano_bsp//obj/HAL/src/crt0.o
                0x020001b4                _start
 .text          0x02000200      0x5d8 obj/default/main.o
                0x02000200                KEY_ISR
                0x02000234                EnableKeyInterrupt
                0x020002a8                ShowMenu
                0x02000340                main
                0x02000408                DEMO_ACCELEROMETER
                0x02000570                DEMO_ADC
                0x0200067c                DEMO_EEPROM
                0x02000758                DEMO_EPCS
 .text          0x020007d8      0x9b4 obj/default/terasic_lib/I2C.o
                0x020007d8                I2C_Write
                0x020008b0                I2C_Read
                0x020009b4                I2C_MultipleWrite
                0x02000ac4                I2C_MultipleRead
                0x02000c20                i2c_start
                0x02000ca8                i2c_stop
                0x02000d20                i2c_write
                0x02000e44                i2c_read
                0x02000f90                i2c_data_verify
                0x02001108                I2C_Verify
 .text          0x0200118c      0x2ec obj/default/terasic_lib/accelerometer_adxl345_spi.o
                0x0200118c                ADXL345_SPI_Init
                0x0200125c                ADXL345_SPI_WaitDataReady
                0x02001300                ADXL345_SPI_IsDataReady
                0x02001368                ADXL345_SPI_XYZ_Read
                0x02001434                ADXL345_SPI_IdRead
 .text          0x02001478      0x104 obj/default/terasic_lib/adc_spi_read.o
                0x02001478                ADC_Read
 .text          0x0200157c      0xe48 obj/default/terasic_lib/flash.o
                0x0200157c                Flash_InfoDump
                0x02001648                Flash_Open
                0x02001718                Flash_Close
                0x02001770                Flash_GetBlockInfo
                0x020018ac                Flash_Read
                0x02001964                Flash_Write
                0x02001bb4                Flash_Erase
                0x02001ca8                Flash_GetBlockCount
                0x02001d2c                Flash_Size
                0x02001e14                FLASH_Verify
 .text          0x020023c4      0x364 obj/default/terasic_lib/terasic_spi.o
                0x020023c4                SPI_Init
                0x02002410                SPI_MultipleWrite
                0x02002548                SPI_Write
                0x0200258c                SPI_MultipleRead
                0x020026e4                SPI_Read
 .text          0x02002728       0x54 c:/altera/13.0sp1/nios2eds/bin/gnu/h-i686-mingw32/bin/../lib/gcc/nios2-elf/4.1.2\libgcc.a(_sf_to_df.o)
                0x02002728                __extendsfdf2
 .text          0x0200277c       0xc0 c:/altera/13.0sp1/nios2eds/bin/gnu/h-i686-mingw32/bin/../lib/gcc/nios2-elf/4.1.2\libgcc.a(_usi_to_sf.o)
                0x0200277c                __floatunsisf
 .text          0x0200283c      0x3c4 c:/altera/13.0sp1/nios2eds/bin/gnu/h-i686-mingw32/bin/../lib/gcc/nios2-elf/4.1.2\libgcc.a(_mul_df.o)
                0x0200283c                __muldf3
 .text          0x02002c00      0x258 c:/altera/13.0sp1/nios2eds/bin/gnu/h-i686-mingw32/bin/../lib/gcc/nios2-elf/4.1.2\libgcc.a(_div_df.o)
                0x02002c00                __divdf3
 .text          0x02002e58       0x38 c:/altera/13.0sp1/nios2eds/bin/gnu/h-i686-mingw32/bin/../lib/gcc/nios2-elf/4.1.2\libgcc.a(_make_df.o)
                0x02002e58                __make_dp
 .text          0x02002e90        0x0 c:/altera/13.0sp1/nios2eds/bin/gnu/h-i686-mingw32/bin/../lib/gcc/nios2-elf/4.1.2\libgcc.a(_thenan_df.o)
 .text          0x02002e90      0x14c c:/altera/13.0sp1/nios2eds/bin/gnu/h-i686-mingw32/bin/../lib/gcc/nios2-elf/4.1.2\libgcc.a(lib2-divmod.o)
                0x02002f0c                __divsi3
                0x02002f6c                __modsi3
                0x02002fcc                __udivsi3
                0x02002fd4                __umodsi3
 .text          0x02002fdc       0x98 c:/altera/13.0sp1/nios2eds/bin/gnu/h-i686-mingw32/bin/../lib/gcc/nios2-elf/4.1.2\libgcc.a(_muldi3.o)
                0x02002fdc                __muldi3
 .text          0x02003074       0x80 c:/altera/13.0sp1/nios2eds/bin/gnu/h-i686-mingw32/bin/../lib/gcc/nios2-elf/4.1.2\libgcc.a(_clzsi2.o)
                0x02003074                __clzsi2
 .text          0x020030f4      0x160 c:/altera/13.0sp1/nios2eds/bin/gnu/h-i686-mingw32/bin/../lib/gcc/nios2-elf/4.1.2\libgcc.a(_pack_sf.o)
                0x020030f4                __pack_f
 .text          0x02003254       0xc8 c:/altera/13.0sp1/nios2eds/bin/gnu/h-i686-mingw32/bin/../lib/gcc/nios2-elf/4.1.2\libgcc.a(_unpack_sf.o)
                0x02003254                __unpack_f
 .text          0x0200331c      0x314 c:/altera/13.0sp1/nios2eds/bin/gnu/h-i686-mingw32/bin/../lib/gcc/nios2-elf/4.1.2\libgcc.a(_pack_df.o)
                0x0200331c                __pack_d
 .text          0x02003630      0x138 c:/altera/13.0sp1/nios2eds/bin/gnu/h-i686-mingw32/bin/../lib/gcc/nios2-elf/4.1.2\libgcc.a(_unpack_df.o)
                0x02003630                __unpack_d
 .text          0x02003768        0x0 c:/altera/13.0sp1/nios2eds/bin/gnu/h-i686-mingw32/bin/../lib/gcc/nios2-elf/4.1.2\libgcc.a(_clz.o)
 .text          0x02003768       0x28 c:/altera/13.0sp1/nios2eds/bin/gnu/h-i686-mingw32/bin/../lib/gcc/nios2-elf/4.1.2/../../../../nios2-elf/lib\libc.a(lib_a-malloc.o)
                0x02003768                free
                0x0200377c                malloc
 .text          0x02003790      0x740 c:/altera/13.0sp1/nios2eds/bin/gnu/h-i686-mingw32/bin/../lib/gcc/nios2-elf/4.1.2/../../../../nios2-elf/lib\libc.a(lib_a-mallocr.o)
                0x02003790                _malloc_r
 .text          0x02003ed0       0x78 c:/altera/13.0sp1/nios2eds/bin/gnu/h-i686-mingw32/bin/../lib/gcc/nios2-elf/4.1.2/../../../../nios2-elf/lib\libc.a(lib_a-printf.o)
                0x02003ed0                printf
                0x02003f14                _printf_r
 .text          0x02003f48       0xb4 c:/altera/13.0sp1/nios2eds/bin/gnu/h-i686-mingw32/bin/../lib/gcc/nios2-elf/4.1.2/../../../../nios2-elf/lib\libc.a(lib_a-puts.o)
                0x02003f48                _puts_r
                0x02003fe8                puts
 .text          0x02003ffc       0x70 c:/altera/13.0sp1/nios2eds/bin/gnu/h-i686-mingw32/bin/../lib/gcc/nios2-elf/4.1.2/../../../../nios2-elf/lib\libc.a(lib_a-sbrkr.o)
                0x02003ffc                _sbrk_r
 .text          0x0200406c       0x7c c:/altera/13.0sp1/nios2eds/bin/gnu/h-i686-mingw32/bin/../lib/gcc/nios2-elf/4.1.2/../../../../nios2-elf/lib\libc.a(lib_a-scanf.o)
                0x0200406c                _scanf_r
                0x020040a0                scanf
 .text          0x020040e8       0x74 c:/altera/13.0sp1/nios2eds/bin/gnu/h-i686-mingw32/bin/../lib/gcc/nios2-elf/4.1.2/../../../../nios2-elf/lib\libc.a(lib_a-strlen.o)
                0x020040e8                strlen
 .text          0x0200415c     0x1f28 c:/altera/13.0sp1/nios2eds/bin/gnu/h-i686-mingw32/bin/../lib/gcc/nios2-elf/4.1.2/../../../../nios2-elf/lib\libc.a(lib_a-vfprintf.o)
                0x020041b4                ___vfprintf_internal_r
                0x02006060                __vfprintf_internal
 .text          0x02006084     0x1780 c:/altera/13.0sp1/nios2eds/bin/gnu/h-i686-mingw32/bin/../lib/gcc/nios2-elf/4.1.2/../../../../nios2-elf/lib\libc.a(lib_a-vfscanf.o)
                0x02006084                __svfscanf_r
                0x02007704                __svfscanf
                0x02007728                _vfscanf_r
                0x02007790                vfscanf
 .text          0x02007804      0x13c c:/altera/13.0sp1/nios2eds/bin/gnu/h-i686-mingw32/bin/../lib/gcc/nios2-elf/4.1.2/../../../../nios2-elf/lib\libc.a(lib_a-wsetup.o)
                0x02007804                __swsetup_r
 .text          0x02007940        0x0 c:/altera/13.0sp1/nios2eds/bin/gnu/h-i686-mingw32/bin/../lib/gcc/nios2-elf/4.1.2/../../../../nios2-elf/lib\libc.a(lib_a-ctype_.o)
 .text          0x02007940     0x17cc c:/altera/13.0sp1/nios2eds/bin/gnu/h-i686-mingw32/bin/../lib/gcc/nios2-elf/4.1.2/../../../../nios2-elf/lib\libc.a(lib_a-dtoa.o)
                0x02007b58                _dtoa_r
 .text          0x0200910c      0x230 c:/altera/13.0sp1/nios2eds/bin/gnu/h-i686-mingw32/bin/../lib/gcc/nios2-elf/4.1.2/../../../../nios2-elf/lib\libc.a(lib_a-fflush.o)
                0x0200910c                _fflush_r
                0x02009308                fflush
 .text          0x0200933c      0x2c0 c:/altera/13.0sp1/nios2eds/bin/gnu/h-i686-mingw32/bin/../lib/gcc/nios2-elf/4.1.2/../../../../nios2-elf/lib\libc.a(lib_a-findfp.o)
                0x02009394                __sfp_lock_acquire
                0x02009398                __sfp_lock_release
                0x0200939c                __sinit_lock_acquire
                0x020093a0                __sinit_lock_release
                0x020093a4                __sinit
                0x02009458                __fp_unlock_all
                0x02009470                __fp_lock_all
                0x02009488                _cleanup_r
                0x02009494                _cleanup
                0x020094a4                __sfmoreglue
                0x0200950c                __sfp
 .text          0x020095fc      0x23c c:/altera/13.0sp1/nios2eds/bin/gnu/h-i686-mingw32/bin/../lib/gcc/nios2-elf/4.1.2/../../../../nios2-elf/lib\libc.a(lib_a-fread.o)
                0x020095fc                _fread_r
                0x020097f8                fread
 .text          0x02009838      0x440 c:/altera/13.0sp1/nios2eds/bin/gnu/h-i686-mingw32/bin/../lib/gcc/nios2-elf/4.1.2/../../../../nios2-elf/lib\libc.a(lib_a-freer.o)
                0x02009838                _malloc_trim_r
                0x02009964                _free_r
 .text          0x02009c78      0x49c c:/altera/13.0sp1/nios2eds/bin/gnu/h-i686-mingw32/bin/../lib/gcc/nios2-elf/4.1.2/../../../../nios2-elf/lib\libc.a(lib_a-fvwrite.o)
                0x02009c78                __sfvwrite_r
 .text          0x0200a114      0x180 c:/altera/13.0sp1/nios2eds/bin/gnu/h-i686-mingw32/bin/../lib/gcc/nios2-elf/4.1.2/../../../../nios2-elf/lib\libc.a(lib_a-fwalk.o)
                0x0200a114                _fwalk_reent
                0x0200a1dc                _fwalk
 .text          0x0200a294        0x0 c:/altera/13.0sp1/nios2eds/bin/gnu/h-i686-mingw32/bin/../lib/gcc/nios2-elf/4.1.2/../../../../nios2-elf/lib\libc.a(lib_a-impure.o)
 .text          0x0200a294        0x0 c:/altera/13.0sp1/nios2eds/bin/gnu/h-i686-mingw32/bin/../lib/gcc/nios2-elf/4.1.2/../../../../nios2-elf/lib\libc.a(lib_a-int_errno.o)
 .text          0x0200a294       0x2c c:/altera/13.0sp1/nios2eds/bin/gnu/h-i686-mingw32/bin/../lib/gcc/nios2-elf/4.1.2/../../../../nios2-elf/lib\libc.a(lib_a-iswspace.o)
                0x0200a294                iswspace
 .text          0x0200a2c0       0xc4 c:/altera/13.0sp1/nios2eds/bin/gnu/h-i686-mingw32/bin/../lib/gcc/nios2-elf/4.1.2/../../../../nios2-elf/lib\libc.a(lib_a-locale.o)
                0x0200a2c0                __locale_charset
                0x0200a2c8                _localeconv_r
                0x0200a2d4                localeconv
                0x0200a2e4                _setlocale_r
                0x0200a368                setlocale
 .text          0x0200a384      0x194 c:/altera/13.0sp1/nios2eds/bin/gnu/h-i686-mingw32/bin/../lib/gcc/nios2-elf/4.1.2/../../../../nios2-elf/lib\libc.a(lib_a-makebuf.o)
                0x0200a384                __smakebuf_r
 .text          0x0200a518       0xc0 c:/altera/13.0sp1/nios2eds/bin/gnu/h-i686-mingw32/bin/../lib/gcc/nios2-elf/4.1.2/../../../../nios2-elf/lib\libc.a(lib_a-mbrtowc.o)
                0x0200a518                _mbrtowc_r
                0x0200a598                mbrtowc
 .text          0x0200a5d8       0x40 c:/altera/13.0sp1/nios2eds/bin/gnu/h-i686-mingw32/bin/../lib/gcc/nios2-elf/4.1.2/../../../../nios2-elf/lib\libc.a(lib_a-mbtowc_r.o)
                0x0200a5d8                _mbtowc_r
 .text          0x0200a618       0xe4 c:/altera/13.0sp1/nios2eds/bin/gnu/h-i686-mingw32/bin/../lib/gcc/nios2-elf/4.1.2/../../../../nios2-elf/lib\libc.a(lib_a-memchr.o)
                0x0200a618                memchr
 .text          0x0200a6fc       0xa0 c:/altera/13.0sp1/nios2eds/bin/gnu/h-i686-mingw32/bin/../lib/gcc/nios2-elf/4.1.2/../../../../nios2-elf/lib\libc.a(lib_a-memcpy.o)
                0x0200a6fc                memcpy
 .text          0x0200a79c       0xe0 c:/altera/13.0sp1/nios2eds/bin/gnu/h-i686-mingw32/bin/../lib/gcc/nios2-elf/4.1.2/../../../../nios2-elf/lib\libc.a(lib_a-memmove.o)
                0x0200a79c                memmove
 .text          0x0200a87c       0x98 c:/altera/13.0sp1/nios2eds/bin/gnu/h-i686-mingw32/bin/../lib/gcc/nios2-elf/4.1.2/../../../../nios2-elf/lib\libc.a(lib_a-memset.o)
                0x0200a87c                memset
 .text          0x0200a914      0xff4 c:/altera/13.0sp1/nios2eds/bin/gnu/h-i686-mingw32/bin/../lib/gcc/nios2-elf/4.1.2/../../../../nios2-elf/lib\libc.a(lib_a-mprec.o)
                0x0200a914                _Bfree
                0x0200a93c                __hi0bits
                0x0200a9ac                __lo0bits
                0x0200aa70                __mcmp
                0x0200aad0                __ulp
                0x0200ab50                __b2d
                0x0200ac70                __ratio
                0x0200ad20                _mprec_log10
                0x0200adb4                __copybits
                0x0200ae0c                __any_on
                0x0200ae94                _Balloc
                0x0200af50                __d2b
                0x0200b0cc                __mdiff
                0x0200b258                __lshift
                0x0200b3a4                __multiply
                0x0200b58c                __i2b
                0x0200b5c8                __multadd
                0x0200b6c8                __pow5mult
                0x0200b7e8                __s2b
 .text          0x0200b908      0x5f4 c:/altera/13.0sp1/nios2eds/bin/gnu/h-i686-mingw32/bin/../lib/gcc/nios2-elf/4.1.2/../../../../nios2-elf/lib\libc.a(lib_a-reallocr.o)
                0x0200b908                _realloc_r
 .text          0x0200befc      0x1e0 c:/altera/13.0sp1/nios2eds/bin/gnu/h-i686-mingw32/bin/../lib/gcc/nios2-elf/4.1.2/../../../../nios2-elf/lib\libc.a(lib_a-refill.o)
                0x0200befc                __srefill_r
 .text          0x0200c0dc       0x40 c:/altera/13.0sp1/nios2eds/bin/gnu/h-i686-mingw32/bin/../lib/gcc/nios2-elf/4.1.2/../../../../nios2-elf/lib\libc.a(lib_a-s_isinfd.o)
                0x0200c0dc                __isinfd
 .text          0x0200c11c       0x30 c:/altera/13.0sp1/nios2eds/bin/gnu/h-i686-mingw32/bin/../lib/gcc/nios2-elf/4.1.2/../../../../nios2-elf/lib\libc.a(lib_a-s_isnand.o)
                0x0200c11c                __isnand
 .text          0x0200c14c       0xc0 c:/altera/13.0sp1/nios2eds/bin/gnu/h-i686-mingw32/bin/../lib/gcc/nios2-elf/4.1.2/../../../../nios2-elf/lib\libc.a(lib_a-sccl.o)
                0x0200c14c                __sccl
 .text          0x0200c20c        0x8 c:/altera/13.0sp1/nios2eds/bin/gnu/h-i686-mingw32/bin/../lib/gcc/nios2-elf/4.1.2/../../../../nios2-elf/lib\libc.a(lib_a-sf_nan.o)
                0x0200c20c                nanf
 .text          0x0200c214       0xd4 c:/altera/13.0sp1/nios2eds/bin/gnu/h-i686-mingw32/bin/../lib/gcc/nios2-elf/4.1.2/../../../../nios2-elf/lib\libc.a(lib_a-sprintf.o)
                0x0200c214                sprintf
                0x0200c288                _sprintf_r
 .text          0x0200c2e8      0x14c c:/altera/13.0sp1/nios2eds/bin/gnu/h-i686-mingw32/bin/../lib/gcc/nios2-elf/4.1.2/../../../../nios2-elf/lib\libc.a(lib_a-stdio.o)
                0x0200c2e8                __sclose
                0x0200c2f0                __sseek
                0x0200c358                __swrite
                0x0200c3d4                __sread
 .text          0x0200c434       0xbc c:/altera/13.0sp1/nios2eds/bin/gnu/h-i686-mingw32/bin/../lib/gcc/nios2-elf/4.1.2/../../../../nios2-elf/lib\libc.a(lib_a-strcmp.o)
                0x0200c434                strcmp
 .text          0x0200c4f0     0x166c c:/altera/13.0sp1/nios2eds/bin/gnu/h-i686-mingw32/bin/../lib/gcc/nios2-elf/4.1.2/../../../../nios2-elf/lib\libc.a(lib_a-strtod.o)
                0x0200c538                _strtod_r
                0x0200da1c                strtof
                0x0200db40                strtod
 .text          0x0200db5c      0x268 c:/altera/13.0sp1/nios2eds/bin/gnu/h-i686-mingw32/bin/../lib/gcc/nios2-elf/4.1.2/../../../../nios2-elf/lib\libc.a(lib_a-strtol.o)
                0x0200db5c                _strtol_r
                0x0200dda0                strtol
 .text          0x0200ddc4      0x318 c:/altera/13.0sp1/nios2eds/bin/gnu/h-i686-mingw32/bin/../lib/gcc/nios2-elf/4.1.2/../../../../nios2-elf/lib\libc.a(lib_a-strtoll_r.o)
                0x0200ddc4                _strtoll_r
 .text          0x0200e0dc      0x254 c:/altera/13.0sp1/nios2eds/bin/gnu/h-i686-mingw32/bin/../lib/gcc/nios2-elf/4.1.2/../../../../nios2-elf/lib\libc.a(lib_a-strtoul.o)
                0x0200e0dc                _strtoul_r
                0x0200e30c                strtoul
 .text          0x0200e330      0x2f0 c:/altera/13.0sp1/nios2eds/bin/gnu/h-i686-mingw32/bin/../lib/gcc/nios2-elf/4.1.2/../../../../nios2-elf/lib\libc.a(lib_a-strtoull_r.o)
                0x0200e330                _strtoull_r
 .text          0x0200e620      0x294 c:/altera/13.0sp1/nios2eds/bin/gnu/h-i686-mingw32/bin/../lib/gcc/nios2-elf/4.1.2/../../../../nios2-elf/lib\libc.a(lib_a-ungetc.o)
                0x0200e620                __submore
                0x0200e6fc                _ungetc_r
                0x0200e898                ungetc
 .text          0x0200e8b4       0x78 c:/altera/13.0sp1/nios2eds/bin/gnu/h-i686-mingw32/bin/../lib/gcc/nios2-elf/4.1.2/../../../../nios2-elf/lib\libc.a(lib_a-writer.o)
                0x0200e8b4                _write_r
 .text          0x0200e92c       0xb4 c:/altera/13.0sp1/nios2eds/bin/gnu/h-i686-mingw32/bin/../lib/gcc/nios2-elf/4.1.2/../../../../nios2-elf/lib\libc.a(lib_a-callocr.o)
                0x0200e92c                _calloc_r
 .text          0x0200e9e0       0x70 c:/altera/13.0sp1/nios2eds/bin/gnu/h-i686-mingw32/bin/../lib/gcc/nios2-elf/4.1.2/../../../../nios2-elf/lib\libc.a(lib_a-closer.o)
                0x0200e9e0                _close_r
 .text          0x0200ea50      0x124 c:/altera/13.0sp1/nios2eds/bin/gnu/h-i686-mingw32/bin/../lib/gcc/nios2-elf/4.1.2/../../../../nios2-elf/lib\libc.a(lib_a-fclose.o)
                0x0200ea50                _fclose_r
                0x0200eb60                fclose
 .text          0x0200eb74       0x74 c:/altera/13.0sp1/nios2eds/bin/gnu/h-i686-mingw32/bin/../lib/gcc/nios2-elf/4.1.2/../../../../nios2-elf/lib\libc.a(lib_a-fstatr.o)
                0x0200eb74                _fstat_r
 .text          0x0200ebe8      0x8f4 c:/altera/13.0sp1/nios2eds/bin/gnu/h-i686-mingw32/bin/../lib/gcc/nios2-elf/4.1.2/../../../../nios2-elf/lib\libc.a(lib_a-gdtoa-gethex.o)
                0x0200ec0c                __hexdig_init
                0x0200ed24                __gethex
 .text          0x0200f4dc      0x294 c:/altera/13.0sp1/nios2eds/bin/gnu/h-i686-mingw32/bin/../lib/gcc/nios2-elf/4.1.2/../../../../nios2-elf/lib\libc.a(lib_a-gdtoa-hexnan.o)
                0x0200f528                __hexnan
 .text          0x0200f770       0x70 c:/altera/13.0sp1/nios2eds/bin/gnu/h-i686-mingw32/bin/../lib/gcc/nios2-elf/4.1.2/../../../../nios2-elf/lib\libc.a(lib_a-isattyr.o)
                0x0200f770                _isatty_r
 .text          0x0200f7e0       0x78 c:/altera/13.0sp1/nios2eds/bin/gnu/h-i686-mingw32/bin/../lib/gcc/nios2-elf/4.1.2/../../../../nios2-elf/lib\libc.a(lib_a-lseekr.o)
                0x0200f7e0                _lseek_r
 .text          0x0200f858       0x78 c:/altera/13.0sp1/nios2eds/bin/gnu/h-i686-mingw32/bin/../lib/gcc/nios2-elf/4.1.2/../../../../nios2-elf/lib\libc.a(lib_a-readr.o)
                0x0200f858                _read_r
 .text          0x0200f8d0       0xa4 c:/altera/13.0sp1/nios2eds/bin/gnu/h-i686-mingw32/bin/../lib/gcc/nios2-elf/4.1.2\libgcc.a(_fixunsdfsi.o)
                0x0200f8d0                __fixunsdfsi
 .text          0x0200f974      0x5dc c:/altera/13.0sp1/nios2eds/bin/gnu/h-i686-mingw32/bin/../lib/gcc/nios2-elf/4.1.2\libgcc.a(_udivdi3.o)
                0x0200f974                __udivdi3
 .text          0x0200ff50      0x5b0 c:/altera/13.0sp1/nios2eds/bin/gnu/h-i686-mingw32/bin/../lib/gcc/nios2-elf/4.1.2\libgcc.a(_umoddi3.o)
                0x0200ff50                __umoddi3
 .text          0x02010500       0x78 c:/altera/13.0sp1/nios2eds/bin/gnu/h-i686-mingw32/bin/../lib/gcc/nios2-elf/4.1.2\libgcc.a(_ne_sf.o)
                0x02010500                __nesf2
 .text          0x02010578       0x78 c:/altera/13.0sp1/nios2eds/bin/gnu/h-i686-mingw32/bin/../lib/gcc/nios2-elf/4.1.2\libgcc.a(_gt_sf.o)
                0x02010578                __gtsf2
 .text          0x020105f0       0x78 c:/altera/13.0sp1/nios2eds/bin/gnu/h-i686-mingw32/bin/../lib/gcc/nios2-elf/4.1.2\libgcc.a(_lt_sf.o)
                0x020105f0                __ltsf2
 .text          0x02010668      0x504 c:/altera/13.0sp1/nios2eds/bin/gnu/h-i686-mingw32/bin/../lib/gcc/nios2-elf/4.1.2\libgcc.a(_addsub_df.o)
                0x02010a78                __subdf3
                0x02010af8                __adddf3
 .text          0x02010b6c       0x88 c:/altera/13.0sp1/nios2eds/bin/gnu/h-i686-mingw32/bin/../lib/gcc/nios2-elf/4.1.2\libgcc.a(_eq_df.o)
                0x02010b6c                __eqdf2
 .text          0x02010bf4       0x88 c:/altera/13.0sp1/nios2eds/bin/gnu/h-i686-mingw32/bin/../lib/gcc/nios2-elf/4.1.2\libgcc.a(_ne_df.o)
                0x02010bf4                __nedf2
 .text          0x02010c7c       0x88 c:/altera/13.0sp1/nios2eds/bin/gnu/h-i686-mingw32/bin/../lib/gcc/nios2-elf/4.1.2\libgcc.a(_gt_df.o)
                0x02010c7c                __gtdf2
 .text          0x02010d04       0x88 c:/altera/13.0sp1/nios2eds/bin/gnu/h-i686-mingw32/bin/../lib/gcc/nios2-elf/4.1.2\libgcc.a(_ge_df.o)
                0x02010d04                __gedf2
 .text          0x02010d8c       0x88 c:/altera/13.0sp1/nios2eds/bin/gnu/h-i686-mingw32/bin/../lib/gcc/nios2-elf/4.1.2\libgcc.a(_lt_df.o)
                0x02010d8c                __ltdf2
 .text          0x02010e14       0x88 c:/altera/13.0sp1/nios2eds/bin/gnu/h-i686-mingw32/bin/../lib/gcc/nios2-elf/4.1.2\libgcc.a(_le_df.o)
                0x02010e14                __ledf2
 .text          0x02010e9c       0xf8 c:/altera/13.0sp1/nios2eds/bin/gnu/h-i686-mingw32/bin/../lib/gcc/nios2-elf/4.1.2\libgcc.a(_si_to_df.o)
                0x02010e9c                __floatsidf
 .text          0x02010f94       0xd8 c:/altera/13.0sp1/nios2eds/bin/gnu/h-i686-mingw32/bin/../lib/gcc/nios2-elf/4.1.2\libgcc.a(_df_to_si.o)
                0x02010f94                __fixdfsi
 .text          0x0201106c       0x74 c:/altera/13.0sp1/nios2eds/bin/gnu/h-i686-mingw32/bin/../lib/gcc/nios2-elf/4.1.2\libgcc.a(_df_to_sf.o)
                0x0201106c                __truncdfsf2
 .text          0x020110e0      0x194 c:/altera/13.0sp1/nios2eds/bin/gnu/h-i686-mingw32/bin/../lib/gcc/nios2-elf/4.1.2\libgcc.a(_usi_to_df.o)
                0x020110e0                __floatunsidf
 .text          0x02011274       0xa8 c:/altera/13.0sp1/nios2eds/bin/gnu/h-i686-mingw32/bin/../lib/gcc/nios2-elf/4.1.2\libgcc.a(_fpcmp_parts_sf.o)
                0x02011274                __fpcmp_parts_f
 .text          0x0201131c       0x2c c:/altera/13.0sp1/nios2eds/bin/gnu/h-i686-mingw32/bin/../lib/gcc/nios2-elf/4.1.2\libgcc.a(_make_sf.o)
                0x0201131c                __make_fp
 .text          0x02011348       0xc8 c:/altera/13.0sp1/nios2eds/bin/gnu/h-i686-mingw32/bin/../lib/gcc/nios2-elf/4.1.2\libgcc.a(_fpcmp_parts_df.o)
                0x02011348                __fpcmp_parts_d
 .text          0x02011410      0x15c ../DE0_Nano_bsp/\libhal_bsp.a(alt_close.o)
                0x02011410                close
 .text          0x0201156c       0x78 ../DE0_Nano_bsp/\libhal_bsp.a(alt_dcache_flush.o)
                0x0201156c                alt_dcache_flush
 .text          0x020115e4       0x44 ../DE0_Nano_bsp/\libhal_bsp.a(alt_dcache_flush_all.o)
                0x020115e4                alt_dcache_flush_all
 .text          0x02011628       0x2c ../DE0_Nano_bsp/\libhal_bsp.a(alt_dev.o)
 .text          0x02011654        0x0 ../DE0_Nano_bsp/\libhal_bsp.a(alt_errno.o)
 .text          0x02011654       0xd0 ../DE0_Nano_bsp/\libhal_bsp.a(alt_flash_dev.o)
                0x02011654                alt_flash_open_dev
                0x020116d0                alt_flash_close_dev
 .text          0x02011724      0x134 ../DE0_Nano_bsp/\libhal_bsp.a(alt_fstat.o)
                0x02011724                fstat
 .text          0x02011858      0x1c0 ../DE0_Nano_bsp/\libhal_bsp.a(alt_irq_register.o)
                0x02011858                alt_irq_register
 .text          0x02011a18        0x0 ../DE0_Nano_bsp/\libhal_bsp.a(alt_irq_vars.o)
 .text          0x02011a18      0x120 ../DE0_Nano_bsp/\libhal_bsp.a(alt_isatty.o)
                0x02011a18                isatty
 .text          0x02011b38       0xec ../DE0_Nano_bsp/\libhal_bsp.a(alt_load.o)
                0x02011b38                alt_load
 .text          0x02011c24      0x150 ../DE0_Nano_bsp/\libhal_bsp.a(alt_lseek.o)
                0x02011c24                lseek
 .text          0x02011d74       0x6c ../DE0_Nano_bsp/\libhal_bsp.a(alt_main.o)
                0x02011d74                alt_main
 .text          0x02011de0       0x40 ../DE0_Nano_bsp/\libhal_bsp.a(alt_malloc_lock.o)
                0x02011de0                __malloc_lock
                0x02011e00                __malloc_unlock
 .text          0x02011e20      0x180 ../DE0_Nano_bsp/\libhal_bsp.a(alt_read.o)
                0x02011e20                read
 .text          0x02011fa0       0x60 ../DE0_Nano_bsp/\libhal_bsp.a(alt_release_fd.o)
                0x02011fa0                alt_release_fd
 .text          0x02012000       0xbc ../DE0_Nano_bsp/\libhal_bsp.a(alt_sbrk.o)
                0x02012000                sbrk
 .text          0x020120bc      0x1a4 ../DE0_Nano_bsp/\libhal_bsp.a(alt_tick.o)
                0x020120bc                alt_alarm_stop
                0x02012154                alt_tick
 .text          0x02012260       0x30 ../DE0_Nano_bsp/\libhal_bsp.a(alt_usleep.o)
                0x02012260                usleep
 .text          0x02012290      0x180 ../DE0_Nano_bsp/\libhal_bsp.a(alt_write.o)
                0x02012290                write
 .text          0x02012410       0xd0 ../DE0_Nano_bsp/\libhal_bsp.a(alt_sys_init.o)
                0x02012410                alt_irq_init
                0x02012444                alt_sys_init
 .text          0x020124e0      0x9e4 ../DE0_Nano_bsp/\libhal_bsp.a(altera_avalon_epcs_flash_controller.o)
                0x020124e0                alt_epcs_flash_init
                0x020128fc                alt_epcs_flash_write
                0x02012b7c                alt_epcs_flash_get_info
                0x02012c0c                alt_epcs_flash_erase_block
                0x02012d10                alt_epcs_flash_write_block
                0x02012e2c                alt_epcs_flash_read
 .text          0x02012ec4      0x148 ../DE0_Nano_bsp/\libhal_bsp.a(altera_avalon_jtag_uart_fd.o)
                0x02012ec4                altera_avalon_jtag_uart_read_fd
                0x02012f1c                altera_avalon_jtag_uart_write_fd
                0x02012f74                altera_avalon_jtag_uart_close_fd
                0x02012fbc                altera_avalon_jtag_uart_ioctl_fd
 .text          0x0201300c      0x40c ../DE0_Nano_bsp/\libhal_bsp.a(altera_avalon_jtag_uart_init.o)
                0x0201300c                altera_avalon_jtag_uart_init
                0x020133a4                altera_avalon_jtag_uart_close
 .text          0x02013418       0xf4 ../DE0_Nano_bsp/\libhal_bsp.a(altera_avalon_jtag_uart_ioctl.o)
                0x02013418                altera_avalon_jtag_uart_ioctl
 .text          0x0201350c      0x224 ../DE0_Nano_bsp/\libhal_bsp.a(altera_avalon_jtag_uart_read.o)
                0x0201350c                altera_avalon_jtag_uart_read
 .text          0x02013730      0x240 ../DE0_Nano_bsp/\libhal_bsp.a(altera_avalon_jtag_uart_write.o)
                0x02013730                altera_avalon_jtag_uart_write
 .text          0x02013970      0x100 ../DE0_Nano_bsp/\libhal_bsp.a(altera_avalon_timer_sc.o)
                0x020139e0                alt_avalon_timer_sc_init
 .text          0x02013a70      0x6d4 ../DE0_Nano_bsp/\libhal_bsp.a(epcs_commands.o)
                0x02013a70                epcs_read_status_register
                0x02013ad0                epcs_sector_erase
                0x02013c38                epcs_read_buffer
                0x02013d84                epcs_write_enable
                0x02013dd4                epcs_write_status_register
                0x02013e38                epcs_write_buffer
                0x02013fa8                epcs_read_electronic_signature
                0x02014014                epcs_read_device_id
                0x02014094                epcs_enter_4_bytes_mode
                0x020140ec                epcs_exit_4_bytes_mode
 .text          0x02014144      0x154 ../DE0_Nano_bsp/\libhal_bsp.a(alt_alarm_start.o)
                0x02014144                alt_alarm_start
 .text          0x02014298      0x14c ../DE0_Nano_bsp/\libhal_bsp.a(alt_busy_sleep.o)
                0x02014298                alt_busy_sleep
 .text          0x020143e4      0x114 ../DE0_Nano_bsp/\libhal_bsp.a(alt_dev_llist_insert.o)
                0x020143e4                alt_dev_llist_insert
 .text          0x020144f8       0x64 ../DE0_Nano_bsp/\libhal_bsp.a(alt_do_ctors.o)
                0x020144f8                _do_ctors
 .text          0x0201455c       0x64 ../DE0_Nano_bsp/\libhal_bsp.a(alt_do_dtors.o)
                0x0201455c                _do_dtors
 .text          0x020145c0       0x94 ../DE0_Nano_bsp/\libhal_bsp.a(alt_find_dev.o)
                0x020145c0                alt_find_dev
 .text          0x02014654       0x30 ../DE0_Nano_bsp/\libhal_bsp.a(alt_icache_flush_all.o)
                0x02014654                alt_icache_flush_all
 .text          0x02014684      0x1d4 ../DE0_Nano_bsp/\libhal_bsp.a(alt_iic.o)
                0x02014684                alt_ic_isr_register
                0x020146d4                alt_ic_irq_enable
                0x02014770                alt_ic_irq_disable
                0x02014810                alt_ic_irq_enabled
 .text          0x02014858       0xf8 ../DE0_Nano_bsp/\libhal_bsp.a(alt_iic_isr_register.o)
                0x02014858                alt_iic_isr_register
 .text          0x02014950      0x13c ../DE0_Nano_bsp/\libhal_bsp.a(alt_io_redirect.o)
                0x02014a14                alt_io_redirect
 .text          0x02014a8c        0x0 ../DE0_Nano_bsp/\libhal_bsp.a(alt_irq_entry.o)
 .text          0x02014a8c        0x0 ../DE0_Nano_bsp/\libhal_bsp.a(alt_irq_handler.o)
 .text          0x02014a8c      0x2c4 ../DE0_Nano_bsp/\libhal_bsp.a(alt_open.o)
                0x02014b68                open
 .text          0x02014d50       0x20 ../DE0_Nano_bsp/\libhal_bsp.a(altera_nios2_qsys_irq.o)
                0x02014d50                altera_nios2_qsys_irq_init
 .text          0x02014d70      0x238 ../DE0_Nano_bsp/\libhal_bsp.a(altera_avalon_spi.o)
                0x02014d70                alt_avalon_spi_command
 .text          0x02014fa8        0x0 ../DE0_Nano_bsp/\libhal_bsp.a(alt_exception_entry.o)
 .text          0x02014fa8      0x120 ../DE0_Nano_bsp/\libhal_bsp.a(alt_find_file.o)
                0x02014fa8                alt_find_file
 .text          0x020150c8       0xb8 ../DE0_Nano_bsp/\libhal_bsp.a(alt_get_fd.o)
                0x020150c8                alt_get_fd
 .text          0x02015180       0x90 ../DE0_Nano_bsp/\libhal_bsp.a(alt_icache_flush.o)
                0x02015180                alt_icache_flush
 .text          0x02015210       0x14 c:/altera/13.0sp1/nios2eds/bin/gnu/h-i686-mingw32/bin/../lib/gcc/nios2-elf/4.1.2/../../../../nios2-elf/lib\libc.a(lib_a-atexit.o)
                0x02015210                atexit
 .text          0x02015224       0x38 c:/altera/13.0sp1/nios2eds/bin/gnu/h-i686-mingw32/bin/../lib/gcc/nios2-elf/4.1.2/../../../../nios2-elf/lib\libc.a(lib_a-exit.o)
                0x02015224                exit
 .text          0x0201525c       0x74 c:/altera/13.0sp1/nios2eds/bin/gnu/h-i686-mingw32/bin/../lib/gcc/nios2-elf/4.1.2/../../../../nios2-elf/lib\libc.a(lib_a-memcmp.o)
                0x0201525c                memcmp
 .text          0x020152d0      0x134 c:/altera/13.0sp1/nios2eds/bin/gnu/h-i686-mingw32/bin/../lib/gcc/nios2-elf/4.1.2/../../../../nios2-elf/lib\libc.a(lib_a-__atexit.o)
                0x020152d0                __register_exitproc
 .text          0x02015404      0x1b4 c:/altera/13.0sp1/nios2eds/bin/gnu/h-i686-mingw32/bin/../lib/gcc/nios2-elf/4.1.2/../../../../nios2-elf/lib\libc.a(lib_a-__call_atexit.o)
                0x02015408                __call_exitprocs
 .text          0x020155b8       0x60 ../DE0_Nano_bsp/\libhal_bsp.a(alt_exit.o)
                0x020155f8                _exit
 *(.gnu.warning.*)
 *(.fini)
                0x02015618                PROVIDE (__etext, ABSOLUTE (.))
                0x02015618                PROVIDE (_etext, ABSOLUTE (.))
                0x02015618                PROVIDE (etext, ABSOLUTE (.))
 *(.eh_frame_hdr)
                0x02015618                . = ALIGN (0x4)
                0x02015618                PROVIDE (__preinit_array_start, ABSOLUTE (.))
 *(.preinit_array)
                0x02015618                PROVIDE (__preinit_array_end, ABSOLUTE (.))
                0x02015618                PROVIDE (__init_array_start, ABSOLUTE (.))
 *(.init_array)
                0x02015618                PROVIDE (__init_array_end, ABSOLUTE (.))
                0x02015618                PROVIDE (__fini_array_start, ABSOLUTE (.))
 *(.fini_array)
                0x02015618                PROVIDE (__fini_array_end, ABSOLUTE (.))
 *(.eh_frame)
 *(.gcc_except_table)
 *(.dynamic)
                0x02015618                PROVIDE (__CTOR_LIST__, ABSOLUTE (.))
 *(.ctors)
 *(SORT(.ctors.*))
 .ctors.65535   0x02015618        0x4 c:/altera/13.0sp1/nios2eds/bin/gnu/h-i686-mingw32/bin/../lib/gcc/nios2-elf/4.1.2/../../../../nios2-elf/lib\libc.a(lib_a-__call_atexit.o)
                0x0201561c                PROVIDE (__CTOR_END__, ABSOLUTE (.))
                0x0201561c                PROVIDE (__DTOR_LIST__, ABSOLUTE (.))
 *(.dtors)
 *(SORT(.dtors.*))
                0x0201561c                PROVIDE (__DTOR_END__, ABSOLUTE (.))
 *(.jcr)
                0x0201561c                . = ALIGN (0x4)

.rodata         0x0201561c      0x9d4
                0x0201561c                PROVIDE (__ram_rodata_start, ABSOLUTE (.))
                0x0201561c                . = ALIGN (0x4)
 *(.rodata .rodata.* .gnu.linkonce.r.*)
 .rodata        0x0201561c      0x1f4 obj/default/main.o
 .rodata        0x02015810      0x198 obj/default/terasic_lib/flash.o
 .rodata        0x020159a8       0x14 c:/altera/13.0sp1/nios2eds/bin/gnu/h-i686-mingw32/bin/../lib/gcc/nios2-elf/4.1.2\libgcc.a(_thenan_df.o)
                0x020159a8                __thenan_df
 .rodata        0x020159bc      0x100 c:/altera/13.0sp1/nios2eds/bin/gnu/h-i686-mingw32/bin/../lib/gcc/nios2-elf/4.1.2\libgcc.a(_clz.o)
                0x020159bc                __clz_tab
 .rodata.str1.4
                0x02015abc        0x2 c:/altera/13.0sp1/nios2eds/bin/gnu/h-i686-mingw32/bin/../lib/gcc/nios2-elf/4.1.2/../../../../nios2-elf/lib\libc.a(lib_a-puts.o)
                                  0x4 (size before relaxing)
 *fill*         0x02015abe        0x2 00
 .rodata.str1.4
                0x02015ac0       0x5e c:/altera/13.0sp1/nios2eds/bin/gnu/h-i686-mingw32/bin/../lib/gcc/nios2-elf/4.1.2/../../../../nios2-elf/lib\libc.a(lib_a-vfprintf.o)
                                 0x60 (size before relaxing)
 .rodata        0x02015b1e       0x20 c:/altera/13.0sp1/nios2eds/bin/gnu/h-i686-mingw32/bin/../lib/gcc/nios2-elf/4.1.2/../../../../nios2-elf/lib\libc.a(lib_a-vfprintf.o)
 *fill*         0x02015b3e        0x2 00
 .rodata.str1.4
                0x02015b40        0x5 c:/altera/13.0sp1/nios2eds/bin/gnu/h-i686-mingw32/bin/../lib/gcc/nios2-elf/4.1.2/../../../../nios2-elf/lib\libc.a(lib_a-vfscanf.o)
                                  0x8 (size before relaxing)
 *fill*         0x02015b45        0x1 00
 .rodata        0x02015b46       0x22 c:/altera/13.0sp1/nios2eds/bin/gnu/h-i686-mingw32/bin/../lib/gcc/nios2-elf/4.1.2/../../../../nios2-elf/lib\libc.a(lib_a-vfscanf.o)
 .rodata        0x02015b68      0x281 c:/altera/13.0sp1/nios2eds/bin/gnu/h-i686-mingw32/bin/../lib/gcc/nios2-elf/4.1.2/../../../../nios2-elf/lib\libc.a(lib_a-ctype_.o)
                0x02015b68                _ctype_
 *fill*         0x02015de9        0x3 00
 .rodata.str1.4
                0x02015dec       0x10 c:/altera/13.0sp1/nios2eds/bin/gnu/h-i686-mingw32/bin/../lib/gcc/nios2-elf/4.1.2/../../../../nios2-elf/lib\libc.a(lib_a-dtoa.o)
                                 0x14 (size before relaxing)
 .rodata.str1.4
                0x02015dfc        0x2 c:/altera/13.0sp1/nios2eds/bin/gnu/h-i686-mingw32/bin/../lib/gcc/nios2-elf/4.1.2/../../../../nios2-elf/lib\libc.a(lib_a-impure.o)
                                  0x4 (size before relaxing)
 *fill*         0x02015dfe        0x2 00
 .rodata.str1.4
                0x02015e00        0xf c:/altera/13.0sp1/nios2eds/bin/gnu/h-i686-mingw32/bin/../lib/gcc/nios2-elf/4.1.2/../../../../nios2-elf/lib\libc.a(lib_a-locale.o)
                                 0x18 (size before relaxing)
 *fill*         0x02015e0f        0x1 00
 .rodata        0x02015e10       0x30 c:/altera/13.0sp1/nios2eds/bin/gnu/h-i686-mingw32/bin/../lib/gcc/nios2-elf/4.1.2/../../../../nios2-elf/lib\libc.a(lib_a-locale.o)
 .rodata.str1.4
                0x00000000        0x4 c:/altera/13.0sp1/nios2eds/bin/gnu/h-i686-mingw32/bin/../lib/gcc/nios2-elf/4.1.2/../../../../nios2-elf/lib\libc.a(lib_a-mbrtowc.o)
 .rodata        0x02015e40      0x124 c:/altera/13.0sp1/nios2eds/bin/gnu/h-i686-mingw32/bin/../lib/gcc/nios2-elf/4.1.2/../../../../nios2-elf/lib\libc.a(lib_a-mprec.o)
                0x02015e40                __mprec_tens
                0x02015f08                __mprec_bigtens
                0x02015f30                __mprec_tinytens
 .rodata.str1.4
                0x02015f64        0xf c:/altera/13.0sp1/nios2eds/bin/gnu/h-i686-mingw32/bin/../lib/gcc/nios2-elf/4.1.2/../../../../nios2-elf/lib\libc.a(lib_a-strtod.o)
                                 0x10 (size before relaxing)
 *fill*         0x02015f73        0x1 00
 .rodata        0x02015f74       0x28 c:/altera/13.0sp1/nios2eds/bin/gnu/h-i686-mingw32/bin/../lib/gcc/nios2-elf/4.1.2/../../../../nios2-elf/lib\libc.a(lib_a-strtod.o)
 .rodata.str1.4
                0x02015f9c       0x1c c:/altera/13.0sp1/nios2eds/bin/gnu/h-i686-mingw32/bin/../lib/gcc/nios2-elf/4.1.2/../../../../nios2-elf/lib\libc.a(lib_a-gdtoa-gethex.o)
 .rodata        0x02015fb8        0xc ../DE0_Nano_bsp/\libhal_bsp.a(alt_dev.o)
 .rodata        0x02015fc4       0x10 ../DE0_Nano_bsp/\libhal_bsp.a(alt_main.o)
 .rodata        0x02015fd4       0x1c ../DE0_Nano_bsp/\libhal_bsp.a(alt_sys_init.o)
 *(.rodata1)
                0x02015ff0                . = ALIGN (0x4)
                0x02015ff0                PROVIDE (__ram_rodata_end, ABSOLUTE (.))
                0x0201561c                PROVIDE (__flash_rodata_start, LOADADDR (.rodata))

.rwdata         0x02015ff0     0x1c78 load address 0x02017c68
                0x02015ff0                PROVIDE (__ram_rwdata_start, ABSOLUTE (.))
                0x02015ff0                . = ALIGN (0x4)
 *(.got.plt)
 *(.got)
 *(.data1)
 *(.data .data.* .gnu.linkonce.d.*)
 .data          0x02015ff0        0x0 ../DE0_Nano_bsp//obj/HAL/src/crt0.o
 .data          0x02015ff0      0x120 obj/default/main.o
 .data          0x02016110        0x0 obj/default/terasic_lib/I2C.o
 .data          0x02016110        0x0 obj/default/terasic_lib/accelerometer_adxl345_spi.o
 .data          0x02016110        0x0 obj/default/terasic_lib/adc_spi_read.o
 .data          0x02016110        0x0 obj/default/terasic_lib/flash.o
 .data          0x02016110        0x0 obj/default/terasic_lib/terasic_spi.o
 .data          0x02016110        0x0 c:/altera/13.0sp1/nios2eds/bin/gnu/h-i686-mingw32/bin/../lib/gcc/nios2-elf/4.1.2\libgcc.a(_sf_to_df.o)
 .data          0x02016110        0x0 c:/altera/13.0sp1/nios2eds/bin/gnu/h-i686-mingw32/bin/../lib/gcc/nios2-elf/4.1.2\libgcc.a(_usi_to_sf.o)
 .data          0x02016110        0x0 c:/altera/13.0sp1/nios2eds/bin/gnu/h-i686-mingw32/bin/../lib/gcc/nios2-elf/4.1.2\libgcc.a(_mul_df.o)
 .data          0x02016110        0x0 c:/altera/13.0sp1/nios2eds/bin/gnu/h-i686-mingw32/bin/../lib/gcc/nios2-elf/4.1.2\libgcc.a(_div_df.o)
 .data          0x02016110        0x0 c:/altera/13.0sp1/nios2eds/bin/gnu/h-i686-mingw32/bin/../lib/gcc/nios2-elf/4.1.2\libgcc.a(_make_df.o)
 .data          0x02016110        0x0 c:/altera/13.0sp1/nios2eds/bin/gnu/h-i686-mingw32/bin/../lib/gcc/nios2-elf/4.1.2\libgcc.a(_thenan_df.o)
 .data          0x02016110        0x0 c:/altera/13.0sp1/nios2eds/bin/gnu/h-i686-mingw32/bin/../lib/gcc/nios2-elf/4.1.2\libgcc.a(lib2-divmod.o)
 .data          0x02016110        0x0 c:/altera/13.0sp1/nios2eds/bin/gnu/h-i686-mingw32/bin/../lib/gcc/nios2-elf/4.1.2\libgcc.a(_muldi3.o)
 .data          0x02016110        0x0 c:/altera/13.0sp1/nios2eds/bin/gnu/h-i686-mingw32/bin/../lib/gcc/nios2-elf/4.1.2\libgcc.a(_clzsi2.o)
 .data          0x02016110        0x0 c:/altera/13.0sp1/nios2eds/bin/gnu/h-i686-mingw32/bin/../lib/gcc/nios2-elf/4.1.2\libgcc.a(_pack_sf.o)
 .data          0x02016110        0x0 c:/altera/13.0sp1/nios2eds/bin/gnu/h-i686-mingw32/bin/../lib/gcc/nios2-elf/4.1.2\libgcc.a(_unpack_sf.o)
 .data          0x02016110        0x0 c:/altera/13.0sp1/nios2eds/bin/gnu/h-i686-mingw32/bin/../lib/gcc/nios2-elf/4.1.2\libgcc.a(_pack_df.o)
 .data          0x02016110        0x0 c:/altera/13.0sp1/nios2eds/bin/gnu/h-i686-mingw32/bin/../lib/gcc/nios2-elf/4.1.2\libgcc.a(_unpack_df.o)
 .data          0x02016110        0x0 c:/altera/13.0sp1/nios2eds/bin/gnu/h-i686-mingw32/bin/../lib/gcc/nios2-elf/4.1.2\libgcc.a(_clz.o)
 .data          0x02016110        0x0 c:/altera/13.0sp1/nios2eds/bin/gnu/h-i686-mingw32/bin/../lib/gcc/nios2-elf/4.1.2/../../../../nios2-elf/lib\libc.a(lib_a-malloc.o)
 .data          0x02016110      0x408 c:/altera/13.0sp1/nios2eds/bin/gnu/h-i686-mingw32/bin/../lib/gcc/nios2-elf/4.1.2/../../../../nios2-elf/lib\libc.a(lib_a-mallocr.o)
                0x02016110                __malloc_av_
 .data          0x02016518        0x0 c:/altera/13.0sp1/nios2eds/bin/gnu/h-i686-mingw32/bin/../lib/gcc/nios2-elf/4.1.2/../../../../nios2-elf/lib\libc.a(lib_a-printf.o)
 .data          0x02016518        0x0 c:/altera/13.0sp1/nios2eds/bin/gnu/h-i686-mingw32/bin/../lib/gcc/nios2-elf/4.1.2/../../../../nios2-elf/lib\libc.a(lib_a-puts.o)
 .data          0x02016518        0x0 c:/altera/13.0sp1/nios2eds/bin/gnu/h-i686-mingw32/bin/../lib/gcc/nios2-elf/4.1.2/../../../../nios2-elf/lib\libc.a(lib_a-sbrkr.o)
 .data          0x02016518        0x0 c:/altera/13.0sp1/nios2eds/bin/gnu/h-i686-mingw32/bin/../lib/gcc/nios2-elf/4.1.2/../../../../nios2-elf/lib\libc.a(lib_a-scanf.o)
 .data          0x02016518        0x0 c:/altera/13.0sp1/nios2eds/bin/gnu/h-i686-mingw32/bin/../lib/gcc/nios2-elf/4.1.2/../../../../nios2-elf/lib\libc.a(lib_a-strlen.o)
 .data          0x02016518        0x0 c:/altera/13.0sp1/nios2eds/bin/gnu/h-i686-mingw32/bin/../lib/gcc/nios2-elf/4.1.2/../../../../nios2-elf/lib\libc.a(lib_a-vfprintf.o)
 .data          0x02016518        0x0 c:/altera/13.0sp1/nios2eds/bin/gnu/h-i686-mingw32/bin/../lib/gcc/nios2-elf/4.1.2/../../../../nios2-elf/lib\libc.a(lib_a-vfscanf.o)
 .data          0x02016518        0x0 c:/altera/13.0sp1/nios2eds/bin/gnu/h-i686-mingw32/bin/../lib/gcc/nios2-elf/4.1.2/../../../../nios2-elf/lib\libc.a(lib_a-wsetup.o)
 .data          0x02016518        0x0 c:/altera/13.0sp1/nios2eds/bin/gnu/h-i686-mingw32/bin/../lib/gcc/nios2-elf/4.1.2/../../../../nios2-elf/lib\libc.a(lib_a-ctype_.o)
 .data          0x02016518        0x0 c:/altera/13.0sp1/nios2eds/bin/gnu/h-i686-mingw32/bin/../lib/gcc/nios2-elf/4.1.2/../../../../nios2-elf/lib\libc.a(lib_a-dtoa.o)
 .data          0x02016518        0x0 c:/altera/13.0sp1/nios2eds/bin/gnu/h-i686-mingw32/bin/../lib/gcc/nios2-elf/4.1.2/../../../../nios2-elf/lib\libc.a(lib_a-fflush.o)
 .data          0x02016518        0x0 c:/altera/13.0sp1/nios2eds/bin/gnu/h-i686-mingw32/bin/../lib/gcc/nios2-elf/4.1.2/../../../../nios2-elf/lib\libc.a(lib_a-findfp.o)
 .data          0x02016518        0x0 c:/altera/13.0sp1/nios2eds/bin/gnu/h-i686-mingw32/bin/../lib/gcc/nios2-elf/4.1.2/../../../../nios2-elf/lib\libc.a(lib_a-fread.o)
 .data          0x02016518        0x0 c:/altera/13.0sp1/nios2eds/bin/gnu/h-i686-mingw32/bin/../lib/gcc/nios2-elf/4.1.2/../../../../nios2-elf/lib\libc.a(lib_a-freer.o)
 .data          0x02016518        0x0 c:/altera/13.0sp1/nios2eds/bin/gnu/h-i686-mingw32/bin/../lib/gcc/nios2-elf/4.1.2/../../../../nios2-elf/lib\libc.a(lib_a-fvwrite.o)
 .data          0x02016518        0x0 c:/altera/13.0sp1/nios2eds/bin/gnu/h-i686-mingw32/bin/../lib/gcc/nios2-elf/4.1.2/../../../../nios2-elf/lib\libc.a(lib_a-fwalk.o)
 .data          0x02016518      0x400 c:/altera/13.0sp1/nios2eds/bin/gnu/h-i686-mingw32/bin/../lib/gcc/nios2-elf/4.1.2/../../../../nios2-elf/lib\libc.a(lib_a-impure.o)
 .data          0x02016918        0x0 c:/altera/13.0sp1/nios2eds/bin/gnu/h-i686-mingw32/bin/../lib/gcc/nios2-elf/4.1.2/../../../../nios2-elf/lib\libc.a(lib_a-int_errno.o)
 .data          0x02016918        0x0 c:/altera/13.0sp1/nios2eds/bin/gnu/h-i686-mingw32/bin/../lib/gcc/nios2-elf/4.1.2/../../../../nios2-elf/lib\libc.a(lib_a-iswspace.o)
 .data          0x02016918        0xc c:/altera/13.0sp1/nios2eds/bin/gnu/h-i686-mingw32/bin/../lib/gcc/nios2-elf/4.1.2/../../../../nios2-elf/lib\libc.a(lib_a-locale.o)
                0x02016918                __lc_ctype
 .data          0x02016924        0x0 c:/altera/13.0sp1/nios2eds/bin/gnu/h-i686-mingw32/bin/../lib/gcc/nios2-elf/4.1.2/../../../../nios2-elf/lib\libc.a(lib_a-makebuf.o)
 .data          0x02016924        0x0 c:/altera/13.0sp1/nios2eds/bin/gnu/h-i686-mingw32/bin/../lib/gcc/nios2-elf/4.1.2/../../../../nios2-elf/lib\libc.a(lib_a-mbrtowc.o)
 .data          0x02016924        0x0 c:/altera/13.0sp1/nios2eds/bin/gnu/h-i686-mingw32/bin/../lib/gcc/nios2-elf/4.1.2/../../../../nios2-elf/lib\libc.a(lib_a-mbtowc_r.o)
 .data          0x02016924        0x0 c:/altera/13.0sp1/nios2eds/bin/gnu/h-i686-mingw32/bin/../lib/gcc/nios2-elf/4.1.2/../../../../nios2-elf/lib\libc.a(lib_a-memchr.o)
 .data          0x02016924        0x0 c:/altera/13.0sp1/nios2eds/bin/gnu/h-i686-mingw32/bin/../lib/gcc/nios2-elf/4.1.2/../../../../nios2-elf/lib\libc.a(lib_a-memcpy.o)
 .data          0x02016924        0x0 c:/altera/13.0sp1/nios2eds/bin/gnu/h-i686-mingw32/bin/../lib/gcc/nios2-elf/4.1.2/../../../../nios2-elf/lib\libc.a(lib_a-memmove.o)
 .data          0x02016924        0x0 c:/altera/13.0sp1/nios2eds/bin/gnu/h-i686-mingw32/bin/../lib/gcc/nios2-elf/4.1.2/../../../../nios2-elf/lib\libc.a(lib_a-memset.o)
 .data          0x02016924        0x0 c:/altera/13.0sp1/nios2eds/bin/gnu/h-i686-mingw32/bin/../lib/gcc/nios2-elf/4.1.2/../../../../nios2-elf/lib\libc.a(lib_a-mprec.o)
 .data          0x02016924        0x0 c:/altera/13.0sp1/nios2eds/bin/gnu/h-i686-mingw32/bin/../lib/gcc/nios2-elf/4.1.2/../../../../nios2-elf/lib\libc.a(lib_a-reallocr.o)
 .data          0x02016924        0x0 c:/altera/13.0sp1/nios2eds/bin/gnu/h-i686-mingw32/bin/../lib/gcc/nios2-elf/4.1.2/../../../../nios2-elf/lib\libc.a(lib_a-refill.o)
 .data          0x02016924        0x0 c:/altera/13.0sp1/nios2eds/bin/gnu/h-i686-mingw32/bin/../lib/gcc/nios2-elf/4.1.2/../../../../nios2-elf/lib\libc.a(lib_a-s_isinfd.o)
 .data          0x02016924        0x0 c:/altera/13.0sp1/nios2eds/bin/gnu/h-i686-mingw32/bin/../lib/gcc/nios2-elf/4.1.2/../../../../nios2-elf/lib\libc.a(lib_a-s_isnand.o)
 .data          0x02016924        0x0 c:/altera/13.0sp1/nios2eds/bin/gnu/h-i686-mingw32/bin/../lib/gcc/nios2-elf/4.1.2/../../../../nios2-elf/lib\libc.a(lib_a-sccl.o)
 .data          0x02016924        0x0 c:/altera/13.0sp1/nios2eds/bin/gnu/h-i686-mingw32/bin/../lib/gcc/nios2-elf/4.1.2/../../../../nios2-elf/lib\libc.a(lib_a-sf_nan.o)
 .data          0x02016924        0x0 c:/altera/13.0sp1/nios2eds/bin/gnu/h-i686-mingw32/bin/../lib/gcc/nios2-elf/4.1.2/../../../../nios2-elf/lib\libc.a(lib_a-sprintf.o)
 .data          0x02016924        0x0 c:/altera/13.0sp1/nios2eds/bin/gnu/h-i686-mingw32/bin/../lib/gcc/nios2-elf/4.1.2/../../../../nios2-elf/lib\libc.a(lib_a-stdio.o)
 .data          0x02016924        0x0 c:/altera/13.0sp1/nios2eds/bin/gnu/h-i686-mingw32/bin/../lib/gcc/nios2-elf/4.1.2/../../../../nios2-elf/lib\libc.a(lib_a-strcmp.o)
 .data          0x02016924       0x28 c:/altera/13.0sp1/nios2eds/bin/gnu/h-i686-mingw32/bin/../lib/gcc/nios2-elf/4.1.2/../../../../nios2-elf/lib\libc.a(lib_a-strtod.o)
 .data          0x0201694c        0x0 c:/altera/13.0sp1/nios2eds/bin/gnu/h-i686-mingw32/bin/../lib/gcc/nios2-elf/4.1.2/../../../../nios2-elf/lib\libc.a(lib_a-strtol.o)
 .data          0x0201694c        0x0 c:/altera/13.0sp1/nios2eds/bin/gnu/h-i686-mingw32/bin/../lib/gcc/nios2-elf/4.1.2/../../../../nios2-elf/lib\libc.a(lib_a-strtoll_r.o)
 .data          0x0201694c        0x0 c:/altera/13.0sp1/nios2eds/bin/gnu/h-i686-mingw32/bin/../lib/gcc/nios2-elf/4.1.2/../../../../nios2-elf/lib\libc.a(lib_a-strtoul.o)
 .data          0x0201694c        0x0 c:/altera/13.0sp1/nios2eds/bin/gnu/h-i686-mingw32/bin/../lib/gcc/nios2-elf/4.1.2/../../../../nios2-elf/lib\libc.a(lib_a-strtoull_r.o)
 .data          0x0201694c        0x0 c:/altera/13.0sp1/nios2eds/bin/gnu/h-i686-mingw32/bin/../lib/gcc/nios2-elf/4.1.2/../../../../nios2-elf/lib\libc.a(lib_a-ungetc.o)
 .data          0x0201694c        0x0 c:/altera/13.0sp1/nios2eds/bin/gnu/h-i686-mingw32/bin/../lib/gcc/nios2-elf/4.1.2/../../../../nios2-elf/lib\libc.a(lib_a-writer.o)
 .data          0x0201694c        0x0 c:/altera/13.0sp1/nios2eds/bin/gnu/h-i686-mingw32/bin/../lib/gcc/nios2-elf/4.1.2/../../../../nios2-elf/lib\libc.a(lib_a-callocr.o)
 .data          0x0201694c        0x0 c:/altera/13.0sp1/nios2eds/bin/gnu/h-i686-mingw32/bin/../lib/gcc/nios2-elf/4.1.2/../../../../nios2-elf/lib\libc.a(lib_a-closer.o)
 .data          0x0201694c        0x0 c:/altera/13.0sp1/nios2eds/bin/gnu/h-i686-mingw32/bin/../lib/gcc/nios2-elf/4.1.2/../../../../nios2-elf/lib\libc.a(lib_a-fclose.o)
 .data          0x0201694c        0x0 c:/altera/13.0sp1/nios2eds/bin/gnu/h-i686-mingw32/bin/../lib/gcc/nios2-elf/4.1.2/../../../../nios2-elf/lib\libc.a(lib_a-fstatr.o)
 .data          0x0201694c        0x0 c:/altera/13.0sp1/nios2eds/bin/gnu/h-i686-mingw32/bin/../lib/gcc/nios2-elf/4.1.2/../../../../nios2-elf/lib\libc.a(lib_a-gdtoa-gethex.o)
 .data          0x0201694c        0x0 c:/altera/13.0sp1/nios2eds/bin/gnu/h-i686-mingw32/bin/../lib/gcc/nios2-elf/4.1.2/../../../../nios2-elf/lib\libc.a(lib_a-gdtoa-hexnan.o)
 .data          0x0201694c        0x0 c:/altera/13.0sp1/nios2eds/bin/gnu/h-i686-mingw32/bin/../lib/gcc/nios2-elf/4.1.2/../../../../nios2-elf/lib\libc.a(lib_a-isattyr.o)
 .data          0x0201694c        0x0 c:/altera/13.0sp1/nios2eds/bin/gnu/h-i686-mingw32/bin/../lib/gcc/nios2-elf/4.1.2/../../../../nios2-elf/lib\libc.a(lib_a-lseekr.o)
 .data          0x0201694c        0x0 c:/altera/13.0sp1/nios2eds/bin/gnu/h-i686-mingw32/bin/../lib/gcc/nios2-elf/4.1.2/../../../../nios2-elf/lib\libc.a(lib_a-readr.o)
 .data          0x0201694c        0x0 c:/altera/13.0sp1/nios2eds/bin/gnu/h-i686-mingw32/bin/../lib/gcc/nios2-elf/4.1.2\libgcc.a(_fixunsdfsi.o)
 .data          0x0201694c        0x0 c:/altera/13.0sp1/nios2eds/bin/gnu/h-i686-mingw32/bin/../lib/gcc/nios2-elf/4.1.2\libgcc.a(_udivdi3.o)
 .data          0x0201694c        0x0 c:/altera/13.0sp1/nios2eds/bin/gnu/h-i686-mingw32/bin/../lib/gcc/nios2-elf/4.1.2\libgcc.a(_umoddi3.o)
 .data          0x0201694c        0x0 c:/altera/13.0sp1/nios2eds/bin/gnu/h-i686-mingw32/bin/../lib/gcc/nios2-elf/4.1.2\libgcc.a(_ne_sf.o)
 .data          0x0201694c        0x0 c:/altera/13.0sp1/nios2eds/bin/gnu/h-i686-mingw32/bin/../lib/gcc/nios2-elf/4.1.2\libgcc.a(_gt_sf.o)
 .data          0x0201694c        0x0 c:/altera/13.0sp1/nios2eds/bin/gnu/h-i686-mingw32/bin/../lib/gcc/nios2-elf/4.1.2\libgcc.a(_lt_sf.o)
 .data          0x0201694c        0x0 c:/altera/13.0sp1/nios2eds/bin/gnu/h-i686-mingw32/bin/../lib/gcc/nios2-elf/4.1.2\libgcc.a(_addsub_df.o)
 .data          0x0201694c        0x0 c:/altera/13.0sp1/nios2eds/bin/gnu/h-i686-mingw32/bin/../lib/gcc/nios2-elf/4.1.2\libgcc.a(_eq_df.o)
 .data          0x0201694c        0x0 c:/altera/13.0sp1/nios2eds/bin/gnu/h-i686-mingw32/bin/../lib/gcc/nios2-elf/4.1.2\libgcc.a(_ne_df.o)
 .data          0x0201694c        0x0 c:/altera/13.0sp1/nios2eds/bin/gnu/h-i686-mingw32/bin/../lib/gcc/nios2-elf/4.1.2\libgcc.a(_gt_df.o)
 .data          0x0201694c        0x0 c:/altera/13.0sp1/nios2eds/bin/gnu/h-i686-mingw32/bin/../lib/gcc/nios2-elf/4.1.2\libgcc.a(_ge_df.o)
 .data          0x0201694c        0x0 c:/altera/13.0sp1/nios2eds/bin/gnu/h-i686-mingw32/bin/../lib/gcc/nios2-elf/4.1.2\libgcc.a(_lt_df.o)
 .data          0x0201694c        0x0 c:/altera/13.0sp1/nios2eds/bin/gnu/h-i686-mingw32/bin/../lib/gcc/nios2-elf/4.1.2\libgcc.a(_le_df.o)
 .data          0x0201694c        0x0 c:/altera/13.0sp1/nios2eds/bin/gnu/h-i686-mingw32/bin/../lib/gcc/nios2-elf/4.1.2\libgcc.a(_si_to_df.o)
 .data          0x0201694c        0x0 c:/altera/13.0sp1/nios2eds/bin/gnu/h-i686-mingw32/bin/../lib/gcc/nios2-elf/4.1.2\libgcc.a(_df_to_si.o)
 .data          0x0201694c        0x0 c:/altera/13.0sp1/nios2eds/bin/gnu/h-i686-mingw32/bin/../lib/gcc/nios2-elf/4.1.2\libgcc.a(_df_to_sf.o)
 .data          0x0201694c        0x0 c:/altera/13.0sp1/nios2eds/bin/gnu/h-i686-mingw32/bin/../lib/gcc/nios2-elf/4.1.2\libgcc.a(_usi_to_df.o)
 .data          0x0201694c        0x0 c:/altera/13.0sp1/nios2eds/bin/gnu/h-i686-mingw32/bin/../lib/gcc/nios2-elf/4.1.2\libgcc.a(_fpcmp_parts_sf.o)
 .data          0x0201694c        0x0 c:/altera/13.0sp1/nios2eds/bin/gnu/h-i686-mingw32/bin/../lib/gcc/nios2-elf/4.1.2\libgcc.a(_make_sf.o)
 .data          0x0201694c        0x0 c:/altera/13.0sp1/nios2eds/bin/gnu/h-i686-mingw32/bin/../lib/gcc/nios2-elf/4.1.2\libgcc.a(_fpcmp_parts_df.o)
 .data          0x0201694c        0x0 ../DE0_Nano_bsp/\libhal_bsp.a(alt_close.o)
 .data          0x0201694c        0x0 ../DE0_Nano_bsp/\libhal_bsp.a(alt_dcache_flush.o)
 .data          0x0201694c        0x0 ../DE0_Nano_bsp/\libhal_bsp.a(alt_dcache_flush_all.o)
 .data          0x0201694c      0x1a8 ../DE0_Nano_bsp/\libhal_bsp.a(alt_dev.o)
                0x0201694c                alt_dev_null
                0x02016974                alt_fd_list
 .data          0x02016af4        0x0 ../DE0_Nano_bsp/\libhal_bsp.a(alt_errno.o)
 .data          0x02016af4        0x0 ../DE0_Nano_bsp/\libhal_bsp.a(alt_flash_dev.o)
 .data          0x02016af4        0x0 ../DE0_Nano_bsp/\libhal_bsp.a(alt_fstat.o)
 .data          0x02016af4        0x0 ../DE0_Nano_bsp/\libhal_bsp.a(alt_irq_register.o)
 .data          0x02016af4        0x0 ../DE0_Nano_bsp/\libhal_bsp.a(alt_irq_vars.o)
 .data          0x02016af4        0x0 ../DE0_Nano_bsp/\libhal_bsp.a(alt_isatty.o)
 .data          0x02016af4        0x0 ../DE0_Nano_bsp/\libhal_bsp.a(alt_load.o)
 .data          0x02016af4        0x0 ../DE0_Nano_bsp/\libhal_bsp.a(alt_lseek.o)
 .data          0x02016af4        0x0 ../DE0_Nano_bsp/\libhal_bsp.a(alt_main.o)
 .data          0x02016af4        0x0 ../DE0_Nano_bsp/\libhal_bsp.a(alt_malloc_lock.o)
 .data          0x02016af4        0x0 ../DE0_Nano_bsp/\libhal_bsp.a(alt_read.o)
 .data          0x02016af4        0x0 ../DE0_Nano_bsp/\libhal_bsp.a(alt_release_fd.o)
 .data          0x02016af4        0x0 ../DE0_Nano_bsp/\libhal_bsp.a(alt_sbrk.o)
 .data          0x02016af4        0x0 ../DE0_Nano_bsp/\libhal_bsp.a(alt_tick.o)
 .data          0x02016af4        0x0 ../DE0_Nano_bsp/\libhal_bsp.a(alt_usleep.o)
 .data          0x02016af4        0x0 ../DE0_Nano_bsp/\libhal_bsp.a(alt_write.o)
 .data          0x02016af4     0x1128 ../DE0_Nano_bsp/\libhal_bsp.a(alt_sys_init.o)
 .data          0x02017c1c        0x0 ../DE0_Nano_bsp/\libhal_bsp.a(altera_avalon_epcs_flash_controller.o)
 .data          0x02017c1c        0x0 ../DE0_Nano_bsp/\libhal_bsp.a(altera_avalon_jtag_uart_fd.o)
 .data          0x02017c1c        0x0 ../DE0_Nano_bsp/\libhal_bsp.a(altera_avalon_jtag_uart_init.o)
 .data          0x02017c1c        0x0 ../DE0_Nano_bsp/\libhal_bsp.a(altera_avalon_jtag_uart_ioctl.o)
 .data          0x02017c1c        0x0 ../DE0_Nano_bsp/\libhal_bsp.a(altera_avalon_jtag_uart_read.o)
 .data          0x02017c1c        0x0 ../DE0_Nano_bsp/\libhal_bsp.a(altera_avalon_jtag_uart_write.o)
 .data          0x02017c1c        0x0 ../DE0_Nano_bsp/\libhal_bsp.a(altera_avalon_timer_sc.o)
 .data          0x02017c1c        0x0 ../DE0_Nano_bsp/\libhal_bsp.a(epcs_commands.o)
 .data          0x02017c1c        0x0 ../DE0_Nano_bsp/\libhal_bsp.a(alt_alarm_start.o)
 .data          0x02017c1c        0x0 ../DE0_Nano_bsp/\libhal_bsp.a(alt_busy_sleep.o)
 .data          0x02017c1c        0x0 ../DE0_Nano_bsp/\libhal_bsp.a(alt_dev_llist_insert.o)
 .data          0x02017c1c        0x0 ../DE0_Nano_bsp/\libhal_bsp.a(alt_do_ctors.o)
 .data          0x02017c1c        0x0 ../DE0_Nano_bsp/\libhal_bsp.a(alt_do_dtors.o)
 .data          0x02017c1c        0x0 ../DE0_Nano_bsp/\libhal_bsp.a(alt_find_dev.o)
 .data          0x02017c1c        0x0 ../DE0_Nano_bsp/\libhal_bsp.a(alt_icache_flush_all.o)
 .data          0x02017c1c        0x0 ../DE0_Nano_bsp/\libhal_bsp.a(alt_iic.o)
 .data          0x02017c1c        0x0 ../DE0_Nano_bsp/\libhal_bsp.a(alt_iic_isr_register.o)
 .data          0x02017c1c        0x0 ../DE0_Nano_bsp/\libhal_bsp.a(alt_io_redirect.o)
 .data          0x02017c1c        0x0 ../DE0_Nano_bsp/\libhal_bsp.a(alt_irq_entry.o)
 .data          0x02017c1c        0x0 ../DE0_Nano_bsp/\libhal_bsp.a(alt_irq_handler.o)
 .data          0x02017c1c        0x0 ../DE0_Nano_bsp/\libhal_bsp.a(alt_open.o)
 .data          0x02017c1c        0x0 ../DE0_Nano_bsp/\libhal_bsp.a(altera_nios2_qsys_irq.o)
 .data          0x02017c1c        0x0 ../DE0_Nano_bsp/\libhal_bsp.a(altera_avalon_spi.o)
 .data          0x02017c1c        0x0 ../DE0_Nano_bsp/\libhal_bsp.a(alt_exception_entry.o)
 .data          0x02017c1c        0x0 ../DE0_Nano_bsp/\libhal_bsp.a(alt_find_file.o)
 .data          0x02017c1c        0x0 ../DE0_Nano_bsp/\libhal_bsp.a(alt_get_fd.o)
 .data          0x02017c1c        0x0 ../DE0_Nano_bsp/\libhal_bsp.a(alt_icache_flush.o)
 .data          0x02017c1c        0x0 c:/altera/13.0sp1/nios2eds/bin/gnu/h-i686-mingw32/bin/../lib/gcc/nios2-elf/4.1.2/../../../../nios2-elf/lib\libc.a(lib_a-atexit.o)
 .data          0x02017c1c        0x0 c:/altera/13.0sp1/nios2eds/bin/gnu/h-i686-mingw32/bin/../lib/gcc/nios2-elf/4.1.2/../../../../nios2-elf/lib\libc.a(lib_a-exit.o)
 .data          0x02017c1c        0x0 c:/altera/13.0sp1/nios2eds/bin/gnu/h-i686-mingw32/bin/../lib/gcc/nios2-elf/4.1.2/../../../../nios2-elf/lib\libc.a(lib_a-memcmp.o)
 .data          0x02017c1c        0x0 c:/altera/13.0sp1/nios2eds/bin/gnu/h-i686-mingw32/bin/../lib/gcc/nios2-elf/4.1.2/../../../../nios2-elf/lib\libc.a(lib_a-__atexit.o)
 .data          0x02017c1c        0x0 c:/altera/13.0sp1/nios2eds/bin/gnu/h-i686-mingw32/bin/../lib/gcc/nios2-elf/4.1.2/../../../../nios2-elf/lib\libc.a(lib_a-__call_atexit.o)
 .data          0x02017c1c        0x0 ../DE0_Nano_bsp/\libhal_bsp.a(alt_exit.o)
                0x0201fc1c                _gp = ABSOLUTE ((. + 0x8000))
                0x0201fc1c                PROVIDE (gp, _gp)
 *(.rwdata .rwdata.*)
 *(.sdata .sdata.* .gnu.linkonce.s.*)
 .sdata         0x02017c1c        0x8 c:/altera/13.0sp1/nios2eds/bin/gnu/h-i686-mingw32/bin/../lib/gcc/nios2-elf/4.1.2/../../../../nios2-elf/lib\libc.a(lib_a-mallocr.o)
                0x02017c1c                __malloc_trim_threshold
                0x02017c20                __malloc_sbrk_base
 .sdata         0x02017c24        0x4 c:/altera/13.0sp1/nios2eds/bin/gnu/h-i686-mingw32/bin/../lib/gcc/nios2-elf/4.1.2/../../../../nios2-elf/lib\libc.a(lib_a-ctype_.o)
                0x02017c24                __ctype_ptr
 .sdata         0x02017c28        0x8 c:/altera/13.0sp1/nios2eds/bin/gnu/h-i686-mingw32/bin/../lib/gcc/nios2-elf/4.1.2/../../../../nios2-elf/lib\libc.a(lib_a-impure.o)
                0x02017c28                _impure_ptr
                0x02017c2c                _global_impure_ptr
 .sdata         0x02017c30        0x8 c:/altera/13.0sp1/nios2eds/bin/gnu/h-i686-mingw32/bin/../lib/gcc/nios2-elf/4.1.2/../../../../nios2-elf/lib\libc.a(lib_a-locale.o)
                0x02017c30                __mb_cur_max
 .sdata         0x02017c38       0x14 ../DE0_Nano_bsp/\libhal_bsp.a(alt_dev.o)
                0x02017c38                alt_fs_list
                0x02017c40                alt_dev_list
                0x02017c48                alt_max_fd
 .sdata         0x02017c4c        0x4 ../DE0_Nano_bsp/\libhal_bsp.a(alt_errno.o)
                0x02017c4c                alt_errno
 .sdata         0x02017c50        0x8 ../DE0_Nano_bsp/\libhal_bsp.a(alt_flash_dev.o)
                0x02017c50                alt_flash_dev_list
 .sdata         0x02017c58        0x4 ../DE0_Nano_bsp/\libhal_bsp.a(alt_irq_vars.o)
                0x02017c58                alt_priority_mask
 .sdata         0x02017c5c        0x4 ../DE0_Nano_bsp/\libhal_bsp.a(alt_sbrk.o)
 .sdata         0x02017c60        0x8 ../DE0_Nano_bsp/\libhal_bsp.a(alt_tick.o)
                0x02017c60                alt_alarm_list
 *(.sdata2 .sdata2.* .gnu.linkonce.s2.*)
                0x02017c68                . = ALIGN (0x4)
                0x02017c68                _edata = ABSOLUTE (.)
                0x02017c68                PROVIDE (edata, ABSOLUTE (.))
                0x02017c68                PROVIDE (__ram_rwdata_end, ABSOLUTE (.))
                0x02017c68                PROVIDE (__flash_rwdata_start, LOADADDR (.rwdata))

.bss            0x020198e0      0x3f0
                0x020198e0                __bss_start = ABSOLUTE (.)
                0x020198e0                PROVIDE (__sbss_start, ABSOLUTE (.))
                0x020198e0                PROVIDE (___sbss_start, ABSOLUTE (.))
 *(.dynsbss)
 *(.sbss .sbss.* .gnu.linkonce.sb.*)
 .sbss          0x020198e0        0x4 obj/default/main.o
                0x020198e0                bKeyPressed
 .sbss          0x020198e4        0xc c:/altera/13.0sp1/nios2eds/bin/gnu/h-i686-mingw32/bin/../lib/gcc/nios2-elf/4.1.2/../../../../nios2-elf/lib\libc.a(lib_a-mallocr.o)
                0x020198e4                __malloc_top_pad
                0x020198e8                __malloc_max_sbrked_mem
                0x020198ec                __malloc_max_total_mem
 .sbss          0x020198f0        0x4 c:/altera/13.0sp1/nios2eds/bin/gnu/h-i686-mingw32/bin/../lib/gcc/nios2-elf/4.1.2/../../../../nios2-elf/lib\libc.a(lib_a-int_errno.o)
                0x020198f0                errno
 .sbss          0x020198f4        0xc c:/altera/13.0sp1/nios2eds/bin/gnu/h-i686-mingw32/bin/../lib/gcc/nios2-elf/4.1.2/../../../../nios2-elf/lib\libc.a(lib_a-locale.o)
                0x020198f4                __nlocale_changed
                0x020198f8                __mlocale_changed
                0x020198fc                _PathLocale
 .sbss          0x02019900        0x4 ../DE0_Nano_bsp/\libhal_bsp.a(alt_irq_vars.o)
                0x02019900                alt_irq_active
 .sbss          0x02019904        0xc ../DE0_Nano_bsp/\libhal_bsp.a(alt_main.o)
                0x02019904                alt_argc
                0x02019908                alt_argv
                0x0201990c                alt_envp
 .sbss          0x02019910        0x8 ../DE0_Nano_bsp/\libhal_bsp.a(alt_tick.o)
                0x02019910                _alt_tick_rate
                0x02019914                _alt_nticks
 *(.sbss2 .sbss2.* .gnu.linkonce.sb2.*)
 *(.scommon)
                0x02019918                PROVIDE (__sbss_end, ABSOLUTE (.))
                0x02019918                PROVIDE (___sbss_end, ABSOLUTE (.))
 *(.dynbss)
 *(.bss .bss.* .gnu.linkonce.b.*)
 .bss           0x02019918        0x0 ../DE0_Nano_bsp//obj/HAL/src/crt0.o
 .bss           0x02019918        0x0 obj/default/main.o
 .bss           0x02019918        0x0 obj/default/terasic_lib/I2C.o
 .bss           0x02019918        0x0 obj/default/terasic_lib/accelerometer_adxl345_spi.o
 .bss           0x02019918        0x0 obj/default/terasic_lib/adc_spi_read.o
 .bss           0x02019918        0x0 obj/default/terasic_lib/flash.o
 .bss           0x02019918        0x0 obj/default/terasic_lib/terasic_spi.o
 .bss           0x02019918        0x0 c:/altera/13.0sp1/nios2eds/bin/gnu/h-i686-mingw32/bin/../lib/gcc/nios2-elf/4.1.2\libgcc.a(_sf_to_df.o)
 .bss           0x02019918        0x0 c:/altera/13.0sp1/nios2eds/bin/gnu/h-i686-mingw32/bin/../lib/gcc/nios2-elf/4.1.2\libgcc.a(_usi_to_sf.o)
 .bss           0x02019918        0x0 c:/altera/13.0sp1/nios2eds/bin/gnu/h-i686-mingw32/bin/../lib/gcc/nios2-elf/4.1.2\libgcc.a(_mul_df.o)
 .bss           0x02019918        0x0 c:/altera/13.0sp1/nios2eds/bin/gnu/h-i686-mingw32/bin/../lib/gcc/nios2-elf/4.1.2\libgcc.a(_div_df.o)
 .bss           0x02019918        0x0 c:/altera/13.0sp1/nios2eds/bin/gnu/h-i686-mingw32/bin/../lib/gcc/nios2-elf/4.1.2\libgcc.a(_make_df.o)
 .bss           0x02019918        0x0 c:/altera/13.0sp1/nios2eds/bin/gnu/h-i686-mingw32/bin/../lib/gcc/nios2-elf/4.1.2\libgcc.a(_thenan_df.o)
 .bss           0x02019918        0x0 c:/altera/13.0sp1/nios2eds/bin/gnu/h-i686-mingw32/bin/../lib/gcc/nios2-elf/4.1.2\libgcc.a(lib2-divmod.o)
 .bss           0x02019918        0x0 c:/altera/13.0sp1/nios2eds/bin/gnu/h-i686-mingw32/bin/../lib/gcc/nios2-elf/4.1.2\libgcc.a(_muldi3.o)
 .bss           0x02019918        0x0 c:/altera/13.0sp1/nios2eds/bin/gnu/h-i686-mingw32/bin/../lib/gcc/nios2-elf/4.1.2\libgcc.a(_clzsi2.o)
 .bss           0x02019918        0x0 c:/altera/13.0sp1/nios2eds/bin/gnu/h-i686-mingw32/bin/../lib/gcc/nios2-elf/4.1.2\libgcc.a(_pack_sf.o)
 .bss           0x02019918        0x0 c:/altera/13.0sp1/nios2eds/bin/gnu/h-i686-mingw32/bin/../lib/gcc/nios2-elf/4.1.2\libgcc.a(_unpack_sf.o)
 .bss           0x02019918        0x0 c:/altera/13.0sp1/nios2eds/bin/gnu/h-i686-mingw32/bin/../lib/gcc/nios2-elf/4.1.2\libgcc.a(_pack_df.o)
 .bss           0x02019918        0x0 c:/altera/13.0sp1/nios2eds/bin/gnu/h-i686-mingw32/bin/../lib/gcc/nios2-elf/4.1.2\libgcc.a(_unpack_df.o)
 .bss           0x02019918        0x0 c:/altera/13.0sp1/nios2eds/bin/gnu/h-i686-mingw32/bin/../lib/gcc/nios2-elf/4.1.2\libgcc.a(_clz.o)
 .bss           0x02019918        0x0 c:/altera/13.0sp1/nios2eds/bin/gnu/h-i686-mingw32/bin/../lib/gcc/nios2-elf/4.1.2/../../../../nios2-elf/lib\libc.a(lib_a-malloc.o)
 .bss           0x02019918       0x28 c:/altera/13.0sp1/nios2eds/bin/gnu/h-i686-mingw32/bin/../lib/gcc/nios2-elf/4.1.2/../../../../nios2-elf/lib\libc.a(lib_a-mallocr.o)
                0x02019918                __malloc_current_mallinfo
 .bss           0x02019940        0x0 c:/altera/13.0sp1/nios2eds/bin/gnu/h-i686-mingw32/bin/../lib/gcc/nios2-elf/4.1.2/../../../../nios2-elf/lib\libc.a(lib_a-printf.o)
 .bss           0x02019940        0x0 c:/altera/13.0sp1/nios2eds/bin/gnu/h-i686-mingw32/bin/../lib/gcc/nios2-elf/4.1.2/../../../../nios2-elf/lib\libc.a(lib_a-puts.o)
 .bss           0x02019940        0x0 c:/altera/13.0sp1/nios2eds/bin/gnu/h-i686-mingw32/bin/../lib/gcc/nios2-elf/4.1.2/../../../../nios2-elf/lib\libc.a(lib_a-sbrkr.o)
 .bss           0x02019940        0x0 c:/altera/13.0sp1/nios2eds/bin/gnu/h-i686-mingw32/bin/../lib/gcc/nios2-elf/4.1.2/../../../../nios2-elf/lib\libc.a(lib_a-scanf.o)
 .bss           0x02019940        0x0 c:/altera/13.0sp1/nios2eds/bin/gnu/h-i686-mingw32/bin/../lib/gcc/nios2-elf/4.1.2/../../../../nios2-elf/lib\libc.a(lib_a-strlen.o)
 .bss           0x02019940        0x0 c:/altera/13.0sp1/nios2eds/bin/gnu/h-i686-mingw32/bin/../lib/gcc/nios2-elf/4.1.2/../../../../nios2-elf/lib\libc.a(lib_a-vfprintf.o)
 .bss           0x02019940        0x0 c:/altera/13.0sp1/nios2eds/bin/gnu/h-i686-mingw32/bin/../lib/gcc/nios2-elf/4.1.2/../../../../nios2-elf/lib\libc.a(lib_a-vfscanf.o)
 .bss           0x02019940        0x0 c:/altera/13.0sp1/nios2eds/bin/gnu/h-i686-mingw32/bin/../lib/gcc/nios2-elf/4.1.2/../../../../nios2-elf/lib\libc.a(lib_a-wsetup.o)
 .bss           0x02019940        0x0 c:/altera/13.0sp1/nios2eds/bin/gnu/h-i686-mingw32/bin/../lib/gcc/nios2-elf/4.1.2/../../../../nios2-elf/lib\libc.a(lib_a-ctype_.o)
 .bss           0x02019940        0x0 c:/altera/13.0sp1/nios2eds/bin/gnu/h-i686-mingw32/bin/../lib/gcc/nios2-elf/4.1.2/../../../../nios2-elf/lib\libc.a(lib_a-dtoa.o)
 .bss           0x02019940        0x0 c:/altera/13.0sp1/nios2eds/bin/gnu/h-i686-mingw32/bin/../lib/gcc/nios2-elf/4.1.2/../../../../nios2-elf/lib\libc.a(lib_a-fflush.o)
 .bss           0x02019940        0x0 c:/altera/13.0sp1/nios2eds/bin/gnu/h-i686-mingw32/bin/../lib/gcc/nios2-elf/4.1.2/../../../../nios2-elf/lib\libc.a(lib_a-findfp.o)
 .bss           0x02019940        0x0 c:/altera/13.0sp1/nios2eds/bin/gnu/h-i686-mingw32/bin/../lib/gcc/nios2-elf/4.1.2/../../../../nios2-elf/lib\libc.a(lib_a-fread.o)
 .bss           0x02019940        0x0 c:/altera/13.0sp1/nios2eds/bin/gnu/h-i686-mingw32/bin/../lib/gcc/nios2-elf/4.1.2/../../../../nios2-elf/lib\libc.a(lib_a-freer.o)
 .bss           0x02019940        0x0 c:/altera/13.0sp1/nios2eds/bin/gnu/h-i686-mingw32/bin/../lib/gcc/nios2-elf/4.1.2/../../../../nios2-elf/lib\libc.a(lib_a-fvwrite.o)
 .bss           0x02019940        0x0 c:/altera/13.0sp1/nios2eds/bin/gnu/h-i686-mingw32/bin/../lib/gcc/nios2-elf/4.1.2/../../../../nios2-elf/lib\libc.a(lib_a-fwalk.o)
 .bss           0x02019940        0x0 c:/altera/13.0sp1/nios2eds/bin/gnu/h-i686-mingw32/bin/../lib/gcc/nios2-elf/4.1.2/../../../../nios2-elf/lib\libc.a(lib_a-impure.o)
 .bss           0x02019940        0x0 c:/altera/13.0sp1/nios2eds/bin/gnu/h-i686-mingw32/bin/../lib/gcc/nios2-elf/4.1.2/../../../../nios2-elf/lib\libc.a(lib_a-int_errno.o)
 .bss           0x02019940        0x0 c:/altera/13.0sp1/nios2eds/bin/gnu/h-i686-mingw32/bin/../lib/gcc/nios2-elf/4.1.2/../../../../nios2-elf/lib\libc.a(lib_a-iswspace.o)
 .bss           0x02019940        0x0 c:/altera/13.0sp1/nios2eds/bin/gnu/h-i686-mingw32/bin/../lib/gcc/nios2-elf/4.1.2/../../../../nios2-elf/lib\libc.a(lib_a-locale.o)
 .bss           0x02019940        0x0 c:/altera/13.0sp1/nios2eds/bin/gnu/h-i686-mingw32/bin/../lib/gcc/nios2-elf/4.1.2/../../../../nios2-elf/lib\libc.a(lib_a-makebuf.o)
 .bss           0x02019940        0x0 c:/altera/13.0sp1/nios2eds/bin/gnu/h-i686-mingw32/bin/../lib/gcc/nios2-elf/4.1.2/../../../../nios2-elf/lib\libc.a(lib_a-mbrtowc.o)
 .bss           0x02019940        0x0 c:/altera/13.0sp1/nios2eds/bin/gnu/h-i686-mingw32/bin/../lib/gcc/nios2-elf/4.1.2/../../../../nios2-elf/lib\libc.a(lib_a-mbtowc_r.o)
 .bss           0x02019940        0x0 c:/altera/13.0sp1/nios2eds/bin/gnu/h-i686-mingw32/bin/../lib/gcc/nios2-elf/4.1.2/../../../../nios2-elf/lib\libc.a(lib_a-memchr.o)
 .bss           0x02019940        0x0 c:/altera/13.0sp1/nios2eds/bin/gnu/h-i686-mingw32/bin/../lib/gcc/nios2-elf/4.1.2/../../../../nios2-elf/lib\libc.a(lib_a-memcpy.o)
 .bss           0x02019940        0x0 c:/altera/13.0sp1/nios2eds/bin/gnu/h-i686-mingw32/bin/../lib/gcc/nios2-elf/4.1.2/../../../../nios2-elf/lib\libc.a(lib_a-memmove.o)
 .bss           0x02019940        0x0 c:/altera/13.0sp1/nios2eds/bin/gnu/h-i686-mingw32/bin/../lib/gcc/nios2-elf/4.1.2/../../../../nios2-elf/lib\libc.a(lib_a-memset.o)
 .bss           0x02019940        0x0 c:/altera/13.0sp1/nios2eds/bin/gnu/h-i686-mingw32/bin/../lib/gcc/nios2-elf/4.1.2/../../../../nios2-elf/lib\libc.a(lib_a-mprec.o)
 .bss           0x02019940        0x0 c:/altera/13.0sp1/nios2eds/bin/gnu/h-i686-mingw32/bin/../lib/gcc/nios2-elf/4.1.2/../../../../nios2-elf/lib\libc.a(lib_a-reallocr.o)
 .bss           0x02019940        0x0 c:/altera/13.0sp1/nios2eds/bin/gnu/h-i686-mingw32/bin/../lib/gcc/nios2-elf/4.1.2/../../../../nios2-elf/lib\libc.a(lib_a-refill.o)
 .bss           0x02019940        0x0 c:/altera/13.0sp1/nios2eds/bin/gnu/h-i686-mingw32/bin/../lib/gcc/nios2-elf/4.1.2/../../../../nios2-elf/lib\libc.a(lib_a-s_isinfd.o)
 .bss           0x02019940        0x0 c:/altera/13.0sp1/nios2eds/bin/gnu/h-i686-mingw32/bin/../lib/gcc/nios2-elf/4.1.2/../../../../nios2-elf/lib\libc.a(lib_a-s_isnand.o)
 .bss           0x02019940        0x0 c:/altera/13.0sp1/nios2eds/bin/gnu/h-i686-mingw32/bin/../lib/gcc/nios2-elf/4.1.2/../../../../nios2-elf/lib\libc.a(lib_a-sccl.o)
 .bss           0x02019940        0x0 c:/altera/13.0sp1/nios2eds/bin/gnu/h-i686-mingw32/bin/../lib/gcc/nios2-elf/4.1.2/../../../../nios2-elf/lib\libc.a(lib_a-sf_nan.o)
 .bss           0x02019940        0x0 c:/altera/13.0sp1/nios2eds/bin/gnu/h-i686-mingw32/bin/../lib/gcc/nios2-elf/4.1.2/../../../../nios2-elf/lib\libc.a(lib_a-sprintf.o)
 .bss           0x02019940        0x0 c:/altera/13.0sp1/nios2eds/bin/gnu/h-i686-mingw32/bin/../lib/gcc/nios2-elf/4.1.2/../../../../nios2-elf/lib\libc.a(lib_a-stdio.o)
 .bss           0x02019940        0x0 c:/altera/13.0sp1/nios2eds/bin/gnu/h-i686-mingw32/bin/../lib/gcc/nios2-elf/4.1.2/../../../../nios2-elf/lib\libc.a(lib_a-strcmp.o)
 .bss           0x02019940        0x0 c:/altera/13.0sp1/nios2eds/bin/gnu/h-i686-mingw32/bin/../lib/gcc/nios2-elf/4.1.2/../../../../nios2-elf/lib\libc.a(lib_a-strtod.o)
 .bss           0x02019940        0x0 c:/altera/13.0sp1/nios2eds/bin/gnu/h-i686-mingw32/bin/../lib/gcc/nios2-elf/4.1.2/../../../../nios2-elf/lib\libc.a(lib_a-strtol.o)
 .bss           0x02019940        0x0 c:/altera/13.0sp1/nios2eds/bin/gnu/h-i686-mingw32/bin/../lib/gcc/nios2-elf/4.1.2/../../../../nios2-elf/lib\libc.a(lib_a-strtoll_r.o)
 .bss           0x02019940        0x0 c:/altera/13.0sp1/nios2eds/bin/gnu/h-i686-mingw32/bin/../lib/gcc/nios2-elf/4.1.2/../../../../nios2-elf/lib\libc.a(lib_a-strtoul.o)
 .bss           0x02019940        0x0 c:/altera/13.0sp1/nios2eds/bin/gnu/h-i686-mingw32/bin/../lib/gcc/nios2-elf/4.1.2/../../../../nios2-elf/lib\libc.a(lib_a-strtoull_r.o)
 .bss           0x02019940        0x0 c:/altera/13.0sp1/nios2eds/bin/gnu/h-i686-mingw32/bin/../lib/gcc/nios2-elf/4.1.2/../../../../nios2-elf/lib\libc.a(lib_a-ungetc.o)
 .bss           0x02019940        0x0 c:/altera/13.0sp1/nios2eds/bin/gnu/h-i686-mingw32/bin/../lib/gcc/nios2-elf/4.1.2/../../../../nios2-elf/lib\libc.a(lib_a-writer.o)
 .bss           0x02019940        0x0 c:/altera/13.0sp1/nios2eds/bin/gnu/h-i686-mingw32/bin/../lib/gcc/nios2-elf/4.1.2/../../../../nios2-elf/lib\libc.a(lib_a-callocr.o)
 .bss           0x02019940        0x0 c:/altera/13.0sp1/nios2eds/bin/gnu/h-i686-mingw32/bin/../lib/gcc/nios2-elf/4.1.2/../../../../nios2-elf/lib\libc.a(lib_a-closer.o)
 .bss           0x02019940        0x0 c:/altera/13.0sp1/nios2eds/bin/gnu/h-i686-mingw32/bin/../lib/gcc/nios2-elf/4.1.2/../../../../nios2-elf/lib\libc.a(lib_a-fclose.o)
 .bss           0x02019940        0x0 c:/altera/13.0sp1/nios2eds/bin/gnu/h-i686-mingw32/bin/../lib/gcc/nios2-elf/4.1.2/../../../../nios2-elf/lib\libc.a(lib_a-fstatr.o)
 .bss           0x02019940        0x0 c:/altera/13.0sp1/nios2eds/bin/gnu/h-i686-mingw32/bin/../lib/gcc/nios2-elf/4.1.2/../../../../nios2-elf/lib\libc.a(lib_a-gdtoa-gethex.o)
 .bss           0x02019940        0x0 c:/altera/13.0sp1/nios2eds/bin/gnu/h-i686-mingw32/bin/../lib/gcc/nios2-elf/4.1.2/../../../../nios2-elf/lib\libc.a(lib_a-gdtoa-hexnan.o)
 .bss           0x02019940        0x0 c:/altera/13.0sp1/nios2eds/bin/gnu/h-i686-mingw32/bin/../lib/gcc/nios2-elf/4.1.2/../../../../nios2-elf/lib\libc.a(lib_a-isattyr.o)
 .bss           0x02019940        0x0 c:/altera/13.0sp1/nios2eds/bin/gnu/h-i686-mingw32/bin/../lib/gcc/nios2-elf/4.1.2/../../../../nios2-elf/lib\libc.a(lib_a-lseekr.o)
 .bss           0x02019940        0x0 c:/altera/13.0sp1/nios2eds/bin/gnu/h-i686-mingw32/bin/../lib/gcc/nios2-elf/4.1.2/../../../../nios2-elf/lib\libc.a(lib_a-readr.o)
 .bss           0x02019940        0x0 c:/altera/13.0sp1/nios2eds/bin/gnu/h-i686-mingw32/bin/../lib/gcc/nios2-elf/4.1.2\libgcc.a(_fixunsdfsi.o)
 .bss           0x02019940        0x0 c:/altera/13.0sp1/nios2eds/bin/gnu/h-i686-mingw32/bin/../lib/gcc/nios2-elf/4.1.2\libgcc.a(_udivdi3.o)
 .bss           0x02019940        0x0 c:/altera/13.0sp1/nios2eds/bin/gnu/h-i686-mingw32/bin/../lib/gcc/nios2-elf/4.1.2\libgcc.a(_umoddi3.o)
 .bss           0x02019940        0x0 c:/altera/13.0sp1/nios2eds/bin/gnu/h-i686-mingw32/bin/../lib/gcc/nios2-elf/4.1.2\libgcc.a(_ne_sf.o)
 .bss           0x02019940        0x0 c:/altera/13.0sp1/nios2eds/bin/gnu/h-i686-mingw32/bin/../lib/gcc/nios2-elf/4.1.2\libgcc.a(_gt_sf.o)
 .bss           0x02019940        0x0 c:/altera/13.0sp1/nios2eds/bin/gnu/h-i686-mingw32/bin/../lib/gcc/nios2-elf/4.1.2\libgcc.a(_lt_sf.o)
 .bss           0x02019940        0x0 c:/altera/13.0sp1/nios2eds/bin/gnu/h-i686-mingw32/bin/../lib/gcc/nios2-elf/4.1.2\libgcc.a(_addsub_df.o)
 .bss           0x02019940        0x0 c:/altera/13.0sp1/nios2eds/bin/gnu/h-i686-mingw32/bin/../lib/gcc/nios2-elf/4.1.2\libgcc.a(_eq_df.o)
 .bss           0x02019940        0x0 c:/altera/13.0sp1/nios2eds/bin/gnu/h-i686-mingw32/bin/../lib/gcc/nios2-elf/4.1.2\libgcc.a(_ne_df.o)
 .bss           0x02019940        0x0 c:/altera/13.0sp1/nios2eds/bin/gnu/h-i686-mingw32/bin/../lib/gcc/nios2-elf/4.1.2\libgcc.a(_gt_df.o)
 .bss           0x02019940        0x0 c:/altera/13.0sp1/nios2eds/bin/gnu/h-i686-mingw32/bin/../lib/gcc/nios2-elf/4.1.2\libgcc.a(_ge_df.o)
 .bss           0x02019940        0x0 c:/altera/13.0sp1/nios2eds/bin/gnu/h-i686-mingw32/bin/../lib/gcc/nios2-elf/4.1.2\libgcc.a(_lt_df.o)
 .bss           0x02019940        0x0 c:/altera/13.0sp1/nios2eds/bin/gnu/h-i686-mingw32/bin/../lib/gcc/nios2-elf/4.1.2\libgcc.a(_le_df.o)
 .bss           0x02019940        0x0 c:/altera/13.0sp1/nios2eds/bin/gnu/h-i686-mingw32/bin/../lib/gcc/nios2-elf/4.1.2\libgcc.a(_si_to_df.o)
 .bss           0x02019940        0x0 c:/altera/13.0sp1/nios2eds/bin/gnu/h-i686-mingw32/bin/../lib/gcc/nios2-elf/4.1.2\libgcc.a(_df_to_si.o)
 .bss           0x02019940        0x0 c:/altera/13.0sp1/nios2eds/bin/gnu/h-i686-mingw32/bin/../lib/gcc/nios2-elf/4.1.2\libgcc.a(_df_to_sf.o)
 .bss           0x02019940        0x0 c:/altera/13.0sp1/nios2eds/bin/gnu/h-i686-mingw32/bin/../lib/gcc/nios2-elf/4.1.2\libgcc.a(_usi_to_df.o)
 .bss           0x02019940        0x0 c:/altera/13.0sp1/nios2eds/bin/gnu/h-i686-mingw32/bin/../lib/gcc/nios2-elf/4.1.2\libgcc.a(_fpcmp_parts_sf.o)
 .bss           0x02019940        0x0 c:/altera/13.0sp1/nios2eds/bin/gnu/h-i686-mingw32/bin/../lib/gcc/nios2-elf/4.1.2\libgcc.a(_make_sf.o)
 .bss           0x02019940        0x0 c:/altera/13.0sp1/nios2eds/bin/gnu/h-i686-mingw32/bin/../lib/gcc/nios2-elf/4.1.2\libgcc.a(_fpcmp_parts_df.o)
 .bss           0x02019940        0x0 ../DE0_Nano_bsp/\libhal_bsp.a(alt_close.o)
 .bss           0x02019940        0x0 ../DE0_Nano_bsp/\libhal_bsp.a(alt_dcache_flush.o)
 .bss           0x02019940        0x0 ../DE0_Nano_bsp/\libhal_bsp.a(alt_dcache_flush_all.o)
 .bss           0x02019940        0x0 ../DE0_Nano_bsp/\libhal_bsp.a(alt_dev.o)
 .bss           0x02019940        0x0 ../DE0_Nano_bsp/\libhal_bsp.a(alt_errno.o)
 .bss           0x02019940        0x0 ../DE0_Nano_bsp/\libhal_bsp.a(alt_flash_dev.o)
 .bss           0x02019940        0x0 ../DE0_Nano_bsp/\libhal_bsp.a(alt_fstat.o)
 .bss           0x02019940        0x0 ../DE0_Nano_bsp/\libhal_bsp.a(alt_irq_register.o)
 .bss           0x02019940        0x0 ../DE0_Nano_bsp/\libhal_bsp.a(alt_irq_vars.o)
 .bss           0x02019940        0x0 ../DE0_Nano_bsp/\libhal_bsp.a(alt_isatty.o)
 .bss           0x02019940        0x0 ../DE0_Nano_bsp/\libhal_bsp.a(alt_load.o)
 .bss           0x02019940        0x0 ../DE0_Nano_bsp/\libhal_bsp.a(alt_lseek.o)
 .bss           0x02019940        0x0 ../DE0_Nano_bsp/\libhal_bsp.a(alt_main.o)
 .bss           0x02019940        0x0 ../DE0_Nano_bsp/\libhal_bsp.a(alt_malloc_lock.o)
 .bss           0x02019940        0x0 ../DE0_Nano_bsp/\libhal_bsp.a(alt_read.o)
 .bss           0x02019940        0x0 ../DE0_Nano_bsp/\libhal_bsp.a(alt_release_fd.o)
 .bss           0x02019940        0x0 ../DE0_Nano_bsp/\libhal_bsp.a(alt_sbrk.o)
 .bss           0x02019940        0x0 ../DE0_Nano_bsp/\libhal_bsp.a(alt_tick.o)
 .bss           0x02019940        0x0 ../DE0_Nano_bsp/\libhal_bsp.a(alt_usleep.o)
 .bss           0x02019940        0x0 ../DE0_Nano_bsp/\libhal_bsp.a(alt_write.o)
 .bss           0x02019940        0x0 ../DE0_Nano_bsp/\libhal_bsp.a(alt_sys_init.o)
 .bss           0x02019940        0x0 ../DE0_Nano_bsp/\libhal_bsp.a(altera_avalon_epcs_flash_controller.o)
 .bss           0x02019940        0x0 ../DE0_Nano_bsp/\libhal_bsp.a(altera_avalon_jtag_uart_fd.o)
 .bss           0x02019940        0x0 ../DE0_Nano_bsp/\libhal_bsp.a(altera_avalon_jtag_uart_init.o)
 .bss           0x02019940        0x0 ../DE0_Nano_bsp/\libhal_bsp.a(altera_avalon_jtag_uart_ioctl.o)
 .bss           0x02019940        0x0 ../DE0_Nano_bsp/\libhal_bsp.a(altera_avalon_jtag_uart_read.o)
 .bss           0x02019940        0x0 ../DE0_Nano_bsp/\libhal_bsp.a(altera_avalon_jtag_uart_write.o)
 .bss           0x02019940        0x0 ../DE0_Nano_bsp/\libhal_bsp.a(altera_avalon_timer_sc.o)
 .bss           0x02019940        0x0 ../DE0_Nano_bsp/\libhal_bsp.a(epcs_commands.o)
 .bss           0x02019940        0x0 ../DE0_Nano_bsp/\libhal_bsp.a(alt_alarm_start.o)
 .bss           0x02019940        0x0 ../DE0_Nano_bsp/\libhal_bsp.a(alt_busy_sleep.o)
 .bss           0x02019940        0x0 ../DE0_Nano_bsp/\libhal_bsp.a(alt_dev_llist_insert.o)
 .bss           0x02019940        0x0 ../DE0_Nano_bsp/\libhal_bsp.a(alt_do_ctors.o)
 .bss           0x02019940        0x0 ../DE0_Nano_bsp/\libhal_bsp.a(alt_do_dtors.o)
 .bss           0x02019940        0x0 ../DE0_Nano_bsp/\libhal_bsp.a(alt_find_dev.o)
 .bss           0x02019940        0x0 ../DE0_Nano_bsp/\libhal_bsp.a(alt_icache_flush_all.o)
 .bss           0x02019940        0x0 ../DE0_Nano_bsp/\libhal_bsp.a(alt_iic.o)
 .bss           0x02019940        0x0 ../DE0_Nano_bsp/\libhal_bsp.a(alt_iic_isr_register.o)
 .bss           0x02019940        0x0 ../DE0_Nano_bsp/\libhal_bsp.a(alt_io_redirect.o)
 .bss           0x02019940        0x0 ../DE0_Nano_bsp/\libhal_bsp.a(alt_irq_entry.o)
 .bss           0x02019940        0x0 ../DE0_Nano_bsp/\libhal_bsp.a(alt_irq_handler.o)
 .bss           0x02019940        0x0 ../DE0_Nano_bsp/\libhal_bsp.a(alt_open.o)
 .bss           0x02019940        0x0 ../DE0_Nano_bsp/\libhal_bsp.a(altera_nios2_qsys_irq.o)
 .bss           0x02019940        0x0 ../DE0_Nano_bsp/\libhal_bsp.a(altera_avalon_spi.o)
 .bss           0x02019940        0x0 ../DE0_Nano_bsp/\libhal_bsp.a(alt_exception_entry.o)
 .bss           0x02019940        0x0 ../DE0_Nano_bsp/\libhal_bsp.a(alt_find_file.o)
 .bss           0x02019940        0x0 ../DE0_Nano_bsp/\libhal_bsp.a(alt_get_fd.o)
 .bss           0x02019940        0x0 ../DE0_Nano_bsp/\libhal_bsp.a(alt_icache_flush.o)
 .bss           0x02019940        0x0 c:/altera/13.0sp1/nios2eds/bin/gnu/h-i686-mingw32/bin/../lib/gcc/nios2-elf/4.1.2/../../../../nios2-elf/lib\libc.a(lib_a-atexit.o)
 .bss           0x02019940        0x0 c:/altera/13.0sp1/nios2eds/bin/gnu/h-i686-mingw32/bin/../lib/gcc/nios2-elf/4.1.2/../../../../nios2-elf/lib\libc.a(lib_a-exit.o)
 .bss           0x02019940        0x0 c:/altera/13.0sp1/nios2eds/bin/gnu/h-i686-mingw32/bin/../lib/gcc/nios2-elf/4.1.2/../../../../nios2-elf/lib\libc.a(lib_a-memcmp.o)
 .bss           0x02019940        0x0 c:/altera/13.0sp1/nios2eds/bin/gnu/h-i686-mingw32/bin/../lib/gcc/nios2-elf/4.1.2/../../../../nios2-elf/lib\libc.a(lib_a-__atexit.o)
 .bss           0x02019940        0x0 c:/altera/13.0sp1/nios2eds/bin/gnu/h-i686-mingw32/bin/../lib/gcc/nios2-elf/4.1.2/../../../../nios2-elf/lib\libc.a(lib_a-__call_atexit.o)
 .bss           0x02019940        0x0 ../DE0_Nano_bsp/\libhal_bsp.a(alt_exit.o)
 *(COMMON)
 COMMON         0x02019940      0x100 c:/altera/13.0sp1/nios2eds/bin/gnu/h-i686-mingw32/bin/../lib/gcc/nios2-elf/4.1.2/../../../../nios2-elf/lib\libc.a(lib_a-gdtoa-gethex.o)
                0x02019940                __hexdig
 COMMON         0x02019a40      0x100 ../DE0_Nano_bsp/\libhal_bsp.a(alt_irq_handler.o)
                0x02019a40                alt_irq
 COMMON         0x02019b40      0x190 c:/altera/13.0sp1/nios2eds/bin/gnu/h-i686-mingw32/bin/../lib/gcc/nios2-elf/4.1.2/../../../../nios2-elf/lib\libc.a(lib_a-atexit.o)
                0x02019b40                _atexit0
                0x02019cd0                . = ALIGN (0x4)
                0x02019cd0                __bss_end = ABSOLUTE (.)

.sdram          0x02019cd0        0x0
                0x02019cd0                PROVIDE (_alt_partition_sdram_start, ABSOLUTE (.))
 *(.sdram. sdram.*)
                0x02019cd0                . = ALIGN (0x4)
                0x02019cd0                PROVIDE (_alt_partition_sdram_end, ABSOLUTE (.))
                0x02019cd0                _end = ABSOLUTE (.)
                0x02019cd0                end = ABSOLUTE (.)
                0x02019cd0                __alt_stack_base = ABSOLUTE (.)
                0x02019cd0                PROVIDE (_alt_partition_sdram_load_addr, LOADADDR (.sdram))

.epcs           0x05000000        0x0 load address 0x02019cd0
                0x05000000                PROVIDE (_alt_partition_epcs_start, ABSOLUTE (.))
 *(.epcs. epcs.*)
                0x05000000                . = ALIGN (0x4)
                0x05000000                PROVIDE (_alt_partition_epcs_end, ABSOLUTE (.))
                0x02019cd0                PROVIDE (_alt_partition_epcs_load_addr, LOADADDR (.epcs))

.stab
 *(.stab)

.stabstr
 *(.stabstr)

.stab.excl
 *(.stab.excl)

.stab.exclstr
 *(.stab.exclstr)

.stab.index
 *(.stab.index)

.stab.indexstr
 *(.stab.indexstr)

.comment        0x00000000       0x26
 *(.comment)
 .comment       0x00000000       0x26 obj/default/main.o
                                 0x27 (size before relaxing)
 .comment       0x00000000       0x27 obj/default/terasic_lib/I2C.o
 .comment       0x00000000       0x27 obj/default/terasic_lib/accelerometer_adxl345_spi.o
 .comment       0x00000000       0x27 obj/default/terasic_lib/adc_spi_read.o
 .comment       0x00000000       0x27 obj/default/terasic_lib/flash.o
 .comment       0x00000000       0x27 obj/default/terasic_lib/terasic_spi.o
 .comment       0x00000000       0x27 c:/altera/13.0sp1/nios2eds/bin/gnu/h-i686-mingw32/bin/../lib/gcc/nios2-elf/4.1.2\libgcc.a(_sf_to_df.o)
 .comment       0x00000000       0x27 c:/altera/13.0sp1/nios2eds/bin/gnu/h-i686-mingw32/bin/../lib/gcc/nios2-elf/4.1.2\libgcc.a(_usi_to_sf.o)
 .comment       0x00000000       0x27 c:/altera/13.0sp1/nios2eds/bin/gnu/h-i686-mingw32/bin/../lib/gcc/nios2-elf/4.1.2\libgcc.a(_mul_df.o)
 .comment       0x00000000       0x27 c:/altera/13.0sp1/nios2eds/bin/gnu/h-i686-mingw32/bin/../lib/gcc/nios2-elf/4.1.2\libgcc.a(_div_df.o)
 .comment       0x00000000       0x27 c:/altera/13.0sp1/nios2eds/bin/gnu/h-i686-mingw32/bin/../lib/gcc/nios2-elf/4.1.2\libgcc.a(_make_df.o)
 .comment       0x00000000       0x27 c:/altera/13.0sp1/nios2eds/bin/gnu/h-i686-mingw32/bin/../lib/gcc/nios2-elf/4.1.2\libgcc.a(_thenan_df.o)
 .comment       0x00000000       0x27 c:/altera/13.0sp1/nios2eds/bin/gnu/h-i686-mingw32/bin/../lib/gcc/nios2-elf/4.1.2\libgcc.a(lib2-divmod.o)
 .comment       0x00000000       0x27 c:/altera/13.0sp1/nios2eds/bin/gnu/h-i686-mingw32/bin/../lib/gcc/nios2-elf/4.1.2\libgcc.a(_muldi3.o)
 .comment       0x00000000       0x27 c:/altera/13.0sp1/nios2eds/bin/gnu/h-i686-mingw32/bin/../lib/gcc/nios2-elf/4.1.2\libgcc.a(_clzsi2.o)
 .comment       0x00000000       0x27 c:/altera/13.0sp1/nios2eds/bin/gnu/h-i686-mingw32/bin/../lib/gcc/nios2-elf/4.1.2\libgcc.a(_pack_sf.o)
 .comment       0x00000000       0x27 c:/altera/13.0sp1/nios2eds/bin/gnu/h-i686-mingw32/bin/../lib/gcc/nios2-elf/4.1.2\libgcc.a(_unpack_sf.o)
 .comment       0x00000000       0x27 c:/altera/13.0sp1/nios2eds/bin/gnu/h-i686-mingw32/bin/../lib/gcc/nios2-elf/4.1.2\libgcc.a(_pack_df.o)
 .comment       0x00000000       0x27 c:/altera/13.0sp1/nios2eds/bin/gnu/h-i686-mingw32/bin/../lib/gcc/nios2-elf/4.1.2\libgcc.a(_unpack_df.o)
 .comment       0x00000000       0x27 c:/altera/13.0sp1/nios2eds/bin/gnu/h-i686-mingw32/bin/../lib/gcc/nios2-elf/4.1.2\libgcc.a(_clz.o)
 .comment       0x00000000       0x27 c:/altera/13.0sp1/nios2eds/bin/gnu/h-i686-mingw32/bin/../lib/gcc/nios2-elf/4.1.2/../../../../nios2-elf/lib\libc.a(lib_a-malloc.o)