Archive member included because of file (symbol)

c:/altera/11.1/nios2eds/bin/gnu/h-i686-mingw32/bin/../lib/gcc/nios2-elf/4.1.2\libgcc.a(lib2-divmod.o)
                              obj/default/SEG7.o (__udivsi3)
c:/altera/11.1/nios2eds/bin/gnu/h-i686-mingw32/bin/../lib/gcc/nios2-elf/4.1.2/../../../../nios2-elf/lib\libc.a(lib_a-printf.o)
                              obj/default/DE2_115_NIOS_HOST_MOUSE_VGA.o (printf)
c:/altera/11.1/nios2eds/bin/gnu/h-i686-mingw32/bin/../lib/gcc/nios2-elf/4.1.2/../../../../nios2-elf/lib\libc.a(lib_a-puts.o)
                              obj/default/DE2_115_NIOS_HOST_MOUSE_VGA.o (puts)
c:/altera/11.1/nios2eds/bin/gnu/h-i686-mingw32/bin/../lib/gcc/nios2-elf/4.1.2/../../../../nios2-elf/lib\libc.a(lib_a-strlen.o)
                              obj/default/LCD.o (strlen)
c:/altera/11.1/nios2eds/bin/gnu/h-i686-mingw32/bin/../lib/gcc/nios2-elf/4.1.2/../../../../nios2-elf/lib\libc.a(lib_a-vfprintf.o)
                              c:/altera/11.1/nios2eds/bin/gnu/h-i686-mingw32/bin/../lib/gcc/nios2-elf/4.1.2/../../../../nios2-elf/lib\libc.a(lib_a-printf.o) (___vfprintf_internal_r)
c:/altera/11.1/nios2eds/bin/gnu/h-i686-mingw32/bin/../lib/gcc/nios2-elf/4.1.2/../../../../nios2-elf/lib\libc.a(lib_a-wsetup.o)
                              c:/altera/11.1/nios2eds/bin/gnu/h-i686-mingw32/bin/../lib/gcc/nios2-elf/4.1.2/../../../../nios2-elf/lib\libc.a(lib_a-vfprintf.o) (__swsetup_r)
c:/altera/11.1/nios2eds/bin/gnu/h-i686-mingw32/bin/../lib/gcc/nios2-elf/4.1.2/../../../../nios2-elf/lib\libc.a(lib_a-dtoa.o)
                              c:/altera/11.1/nios2eds/bin/gnu/h-i686-mingw32/bin/../lib/gcc/nios2-elf/4.1.2/../../../../nios2-elf/lib\libc.a(lib_a-vfprintf.o) (_dtoa_r)
c:/altera/11.1/nios2eds/bin/gnu/h-i686-mingw32/bin/../lib/gcc/nios2-elf/4.1.2/../../../../nios2-elf/lib\libc.a(lib_a-fflush.o)
                              c:/altera/11.1/nios2eds/bin/gnu/h-i686-mingw32/bin/../lib/gcc/nios2-elf/4.1.2/../../../../nios2-elf/lib\libc.a(lib_a-vfprintf.o) (_fflush_r)
c:/altera/11.1/nios2eds/bin/gnu/h-i686-mingw32/bin/../lib/gcc/nios2-elf/4.1.2/../../../../nios2-elf/lib\libc.a(lib_a-findfp.o)
                              c:/altera/11.1/nios2eds/bin/gnu/h-i686-mingw32/bin/../lib/gcc/nios2-elf/4.1.2/../../../../nios2-elf/lib\libc.a(lib_a-vfprintf.o) (__sinit)
c:/altera/11.1/nios2eds/bin/gnu/h-i686-mingw32/bin/../lib/gcc/nios2-elf/4.1.2/../../../../nios2-elf/lib\libc.a(lib_a-freer.o)
                              c:/altera/11.1/nios2eds/bin/gnu/h-i686-mingw32/bin/../lib/gcc/nios2-elf/4.1.2/../../../../nios2-elf/lib\libc.a(lib_a-wsetup.o) (_free_r)
c:/altera/11.1/nios2eds/bin/gnu/h-i686-mingw32/bin/../lib/gcc/nios2-elf/4.1.2/../../../../nios2-elf/lib\libc.a(lib_a-fvwrite.o)
                              c:/altera/11.1/nios2eds/bin/gnu/h-i686-mingw32/bin/../lib/gcc/nios2-elf/4.1.2/../../../../nios2-elf/lib\libc.a(lib_a-puts.o) (__sfvwrite_r)
c:/altera/11.1/nios2eds/bin/gnu/h-i686-mingw32/bin/../lib/gcc/nios2-elf/4.1.2/../../../../nios2-elf/lib\libc.a(lib_a-fwalk.o)
                              c:/altera/11.1/nios2eds/bin/gnu/h-i686-mingw32/bin/../lib/gcc/nios2-elf/4.1.2/../../../../nios2-elf/lib\libc.a(lib_a-fflush.o) (_fwalk_reent)
c:/altera/11.1/nios2eds/bin/gnu/h-i686-mingw32/bin/../lib/gcc/nios2-elf/4.1.2/../../../../nios2-elf/lib\libc.a(lib_a-impure.o)
                              c:/altera/11.1/nios2eds/bin/gnu/h-i686-mingw32/bin/../lib/gcc/nios2-elf/4.1.2/../../../../nios2-elf/lib\libc.a(lib_a-printf.o) (_impure_ptr)
c:/altera/11.1/nios2eds/bin/gnu/h-i686-mingw32/bin/../lib/gcc/nios2-elf/4.1.2/../../../../nios2-elf/lib\libc.a(lib_a-locale.o)
                              c:/altera/11.1/nios2eds/bin/gnu/h-i686-mingw32/bin/../lib/gcc/nios2-elf/4.1.2/../../../../nios2-elf/lib\libc.a(lib_a-vfprintf.o) (_localeconv_r)
c:/altera/11.1/nios2eds/bin/gnu/h-i686-mingw32/bin/../lib/gcc/nios2-elf/4.1.2/../../../../nios2-elf/lib\libc.a(lib_a-makebuf.o)
                              c:/altera/11.1/nios2eds/bin/gnu/h-i686-mingw32/bin/../lib/gcc/nios2-elf/4.1.2/../../../../nios2-elf/lib\libc.a(lib_a-wsetup.o) (__smakebuf_r)
c:/altera/11.1/nios2eds/bin/gnu/h-i686-mingw32/bin/../lib/gcc/nios2-elf/4.1.2/../../../../nios2-elf/lib\libc.a(lib_a-mallocr.o)
                              c:/altera/11.1/nios2eds/bin/gnu/h-i686-mingw32/bin/../lib/gcc/nios2-elf/4.1.2/../../../../nios2-elf/lib\libc.a(lib_a-findfp.o) (_malloc_r)
c:/altera/11.1/nios2eds/bin/gnu/h-i686-mingw32/bin/../lib/gcc/nios2-elf/4.1.2/../../../../nios2-elf/lib\libc.a(lib_a-memchr.o)
                              c:/altera/11.1/nios2eds/bin/gnu/h-i686-mingw32/bin/../lib/gcc/nios2-elf/4.1.2/../../../../nios2-elf/lib\libc.a(lib_a-vfprintf.o) (memchr)
c:/altera/11.1/nios2eds/bin/gnu/h-i686-mingw32/bin/../lib/gcc/nios2-elf/4.1.2/../../../../nios2-elf/lib\libc.a(lib_a-memcpy.o)
                              c:/altera/11.1/nios2eds/bin/gnu/h-i686-mingw32/bin/../lib/gcc/nios2-elf/4.1.2/../../../../nios2-elf/lib\libc.a(lib_a-dtoa.o) (memcpy)
[...]
Memory Configuration

Name             Origin             Length             Attributes
reset            0x00000000         0x00000020
sdram            0x00000020         0x07ffffe0
sram             0x08200000         0x00200000
*default*        0x00000000         0xffffffff

Linker script and memory map

LOAD ../DE2_115_NIOS_HOST_MOUSE_VGA_bsp//obj/HAL/src/crt0.o
LOAD obj/default/DE2_115_NIOS_HOST_MOUSE_VGA.o
LOAD obj/default/LCD.o
LOAD obj/default/SEG7.o
LOAD obj/default/VGA.o
LOAD c:/altera/11.1/nios2eds/bin/gnu/h-i686-mingw32/bin/../lib/gcc/nios2-elf/4.1.2/../../../../nios2-elf/lib\libstdc++.a
LOAD c:/altera/11.1/nios2eds/bin/gnu/h-i686-mingw32/bin/../lib/gcc/nios2-elf/4.1.2/../../../../nios2-elf/lib\libm.a
LOAD c:/altera/11.1/nios2eds/bin/gnu/h-i686-mingw32/bin/../lib/gcc/nios2-elf/4.1.2\libgcc.a
START GROUP
LOAD c:/altera/11.1/nios2eds/bin/gnu/h-i686-mingw32/bin/../lib/gcc/nios2-elf/4.1.2/../../../../nios2-elf/lib\libc.a
LOAD c:/altera/11.1/nios2eds/bin/gnu/h-i686-mingw32/bin/../lib/gcc/nios2-elf/4.1.2\libgcc.a
LOAD ../DE2_115_NIOS_HOST_MOUSE_VGA_bsp/\libhal_bsp.a
END GROUP
LOAD c:/altera/11.1/nios2eds/bin/gnu/h-i686-mingw32/bin/../lib/gcc/nios2-elf/4.1.2\libgcc.a
                0x00000000                __alt_mem_sdram = 0x0
                0x08200000                __alt_mem_sram = 0x8200000

.entry          0x00000000       0x20
 *(.entry)
 .entry         0x00000000       0x20 ../DE2_115_NIOS_HOST_MOUSE_VGA_bsp//obj/HAL/src/crt0.o
                0x00000000                __reset

.exceptions     0x00000020      0x194
                0x00000020                PROVIDE (__ram_exceptions_start, ABSOLUTE (.))
                0x00000020                . = ALIGN (0x20)
 *(.irq)
 *(.exceptions.entry.label)
 .exceptions.entry.label
                0x00000020        0x0 ../DE2_115_NIOS_HOST_MOUSE_VGA_bsp/\libhal_bsp.a(alt_irq_entry.o)
                0x00000020                alt_irq_entry
 .exceptions.entry.label
                0x00000020        0x0 ../DE2_115_NIOS_HOST_MOUSE_VGA_bsp/\libhal_bsp.a(alt_exception_entry.o)
                0x00000020                alt_exception
 *(.exceptions.entry.user)
 *(.exceptions.entry)
 .exceptions.entry
                0x00000020       0x54 ../DE2_115_NIOS_HOST_MOUSE_VGA_bsp/\libhal_bsp.a(alt_exception_entry.o)
 *(.exceptions.irqtest.user)
 *(.exceptions.irqtest)
 .exceptions.irqtest
                0x00000074       0x10 ../DE2_115_NIOS_HOST_MOUSE_VGA_bsp/\libhal_bsp.a(alt_irq_entry.o)
 *(.exceptions.irqhandler.user)
 *(.exceptions.irqhandler)
 .exceptions.irqhandler
                0x00000084        0x4 ../DE2_115_NIOS_HOST_MOUSE_VGA_bsp/\libhal_bsp.a(alt_irq_entry.o)
 *(.exceptions.irqreturn.user)
 *(.exceptions.irqreturn)
 .exceptions.irqreturn
                0x00000088        0x4 ../DE2_115_NIOS_HOST_MOUSE_VGA_bsp/\libhal_bsp.a(alt_irq_entry.o)
 *(.exceptions.notirq.label)
 .exceptions.notirq.label
                0x0000008c        0x0 ../DE2_115_NIOS_HOST_MOUSE_VGA_bsp/\libhal_bsp.a(alt_irq_entry.o)
 *(.exceptions.notirq.user)
 *(.exceptions.notirq)
 .exceptions.notirq
                0x0000008c        0x8 ../DE2_115_NIOS_HOST_MOUSE_VGA_bsp/\libhal_bsp.a(alt_exception_entry.o)
 *(.exceptions.soft.user)
 *(.exceptions.soft)
 *(.exceptions.unknown.user)
 *(.exceptions.unknown)
 .exceptions.unknown
                0x00000094        0x4 ../DE2_115_NIOS_HOST_MOUSE_VGA_bsp/\libhal_bsp.a(alt_exception_entry.o)
 *(.exceptions.exit.label)
 .exceptions.exit.label
                0x00000098        0x0 ../DE2_115_NIOS_HOST_MOUSE_VGA_bsp/\libhal_bsp.a(alt_irq_entry.o)
 .exceptions.exit.label
                0x00000098        0x0 ../DE2_115_NIOS_HOST_MOUSE_VGA_bsp/\libhal_bsp.a(alt_exception_entry.o)
 *(.exceptions.exit.user)
 *(.exceptions.exit)
 .exceptions.exit
                0x00000098       0x54 ../DE2_115_NIOS_HOST_MOUSE_VGA_bsp/\libhal_bsp.a(alt_exception_entry.o)
 *(.exceptions)
 .exceptions    0x000000ec       0xc8 ../DE2_115_NIOS_HOST_MOUSE_VGA_bsp/\libhal_bsp.a(alt_irq_handler.o)
                0x000000ec                alt_irq_handler
                0x000001b4                PROVIDE (__ram_exceptions_end, ABSOLUTE (.))
                0x00000020                PROVIDE (__flash_exceptions_start, LOADADDR (.exceptions))

.text           0x000001b4    0x1151c
                0x000001b4                PROVIDE (stext, ABSOLUTE (.))
 *(.interp)
 *(.hash)
 *(.dynsym)
 *(.dynstr)
 *(.gnu.version)
 *(.gnu.version_d)
 *(.gnu.version_r)
 *(.rel.init)
 *(.rela.init)
 *(.rel.text .rel.text.* .rel.gnu.linkonce.t.*)
 *(.rela.text .rela.text.* .rela.gnu.linkonce.t.*)
 *(.rel.fini)
 *(.rela.fini)
 *(.rel.rodata .rel.rodata.* .rel.gnu.linkonce.r.*)
 *(.rela.rodata .rela.rodata.* .rela.gnu.linkonce.r.*)
 *(.rel.data .rel.data.* .rel.gnu.linkonce.d.*)
 *(.rela.data .rela.data.* .rela.gnu.linkonce.d.*)
 *(.rel.tdata .rel.tdata.* .rel.gnu.linkonce.td.*)
 *(.rela.tdata .rela.tdata.* .rela.gnu.linkonce.td.*)
 *(.rel.tbss .rel.tbss.* .rel.gnu.linkonce.tb.*)
 *(.rela.tbss .rela.tbss.* .rela.gnu.linkonce.tb.*)
 *(.rel.ctors)
 *(.rela.ctors)
 *(.rel.dtors)
 *(.rela.dtors)
 *(.rel.got)
 *(.rela.got)
 *(.rel.sdata .rel.sdata.* .rel.gnu.linkonce.s.*)
 *(.rela.sdata .rela.sdata.* .rela.gnu.linkonce.s.*)
 *(.rel.sbss .rel.sbss.* .rel.gnu.linkonce.sb.*)
 *(.rela.sbss .rela.sbss.* .rela.gnu.linkonce.sb.*)
 *(.rel.sdata2 .rel.sdata2.* .rel.gnu.linkonce.s2.*)
 *(.rela.sdata2 .rela.sdata2.* .rela.gnu.linkonce.s2.*)
 *(.rel.sbss2 .rel.sbss2.* .rel.gnu.linkonce.sb2.*)
 *(.rela.sbss2 .rela.sbss2.* .rela.gnu.linkonce.sb2.*)
 *(.rel.bss .rel.bss.* .rel.gnu.linkonce.b.*)
 *(.rela.bss .rela.bss.* .rela.gnu.linkonce.b.*)
 *(.rel.plt)
 *(.rela.plt)
 *(.rel.dyn)
 *(.init)
 *(.plt)
 *(.text .stub .text.* .gnu.linkonce.t.*)
 .text          0x000001b4       0x4c ../DE2_115_NIOS_HOST_MOUSE_VGA_bsp//obj/HAL/src/crt0.o
                0x000001b4                _start
 .text          0x00000200     0x3bac obj/default/DE2_115_NIOS_HOST_MOUSE_VGA.o
                0x00000200                maxmin
                0x00000254                Vga_clear_screen
                0x000002dc                main
                0x00003c6c                UsbWrite
                0x00003cb0                UsbRead
                0x00003cf0                UsbSoftReset
 .text          0x00003dac      0x1ec obj/default/LCD.o
                0x00003dac                LCD_Init
                0x00003e48                LCD_Show_Text
                0x00003ed0                LCD_Line2
                0x00003f0c                LCD_Test
 .text          0x00003f98      0x2d8 obj/default/SEG7.o
                0x00003f98                SEG7_Clear
                0x00003ff0                SEG7_Full
                0x00004050                SEG7_Number
                0x000040c4                SEG7_Hex
                0x00004190                SEG7_Decimal
 .text          0x00004270      0x14c obj/default/VGA.o
                0x00004270                Set_Cursor_XY
                0x000042b4                Set_Cursor_Color
                0x0000430c                Set_Pixel_On_Color
                0x00004364                Set_Pixel_Off_Color
 .text          0x000043bc      0x14c c:/altera/11.1/nios2eds/bin/gnu/h-i686-mingw32/bin/../lib/gcc/nios2-elf/4.1.2\libgcc.a(lib2-divmod.o)
                0x00004438                __divsi3
                0x00004498                __modsi3
                0x000044f8                __udivsi3
                0x00004500                __umodsi3
 .text          0x00004508       0x78 c:/altera/11.1/nios2eds/bin/gnu/h-i686-mingw32/bin/../lib/gcc/nios2-elf/4.1.2/../../../../nios2-elf/lib\libc.a(lib_a-printf.o)
                0x00004508                printf
                0x0000454c                _printf_r
 .text          0x00004580       0xb4 c:/altera/11.1/nios2eds/bin/gnu/h-i686-mingw32/bin/../lib/gcc/nios2-elf/4.1.2/../../../../nios2-elf/lib\libc.a(lib_a-puts.o)
                0x00004580                _puts_r
                0x00004620                puts
 .text          0x00004634       0x74 c:/altera/11.1/nios2eds/bin/gnu/h-i686-mingw32/bin/../lib/gcc/nios2-elf/4.1.2/../../../../nios2-elf/lib\libc.a(lib_a-strlen.o)
                0x00004634                strlen
 .text          0x000046a8     0x1f28 c:/altera/11.1/nios2eds/bin/gnu/h-i686-mingw32/bin/../lib/gcc/nios2-elf/4.1.2/../../../../nios2-elf/lib\libc.a(lib_a-vfprintf.o)
                0x00004700                ___vfprintf_internal_r
                0x000065ac                __vfprintf_internal
 .text          0x000065d0      0x13c c:/altera/11.1/nios2eds/bin/gnu/h-i686-mingw32/bin/../lib/gcc/nios2-elf/4.1.2/../../../../nios2-elf/lib\libc.a(lib_a-wsetup.o)
                0x000065d0                __swsetup_r
 .text          0x0000670c     0x17cc c:/altera/11.1/nios2eds/bin/gnu/h-i686-mingw32/bin/../lib/gcc/nios2-elf/4.1.2/../../../../nios2-elf/lib\libc.a(lib_a-dtoa.o)
                0x00006924                _dtoa_r
 .text          0x00007ed8      0x230 c:/altera/11.1/nios2eds/bin/gnu/h-i686-mingw32/bin/../lib/gcc/nios2-elf/4.1.2/../../../../nios2-elf/lib\libc.a(lib_a-fflush.o)
                0x00007ed8                _fflush_r
                0x000080d4                fflush
 .text          0x00008108      0x2c0 c:/altera/11.1/nios2eds/bin/gnu/h-i686-mingw32/bin/../lib/gcc/nios2-elf/4.1.2/../../../../nios2-elf/lib\libc.a(lib_a-findfp.o)
                0x00008160                __sfp_lock_acquire
                0x00008164                __sfp_lock_release
                0x00008168                __sinit_lock_acquire
                0x0000816c                __sinit_lock_release
                0x00008170                __sinit
                0x00008224                __fp_unlock_all
                0x0000823c                __fp_lock_all
                0x00008254                _cleanup_r
                0x00008260                _cleanup
                0x00008270                __sfmoreglue
                0x000082d8                __sfp
 .text          0x000083c8      0x440 c:/altera/11.1/nios2eds/bin/gnu/h-i686-mingw32/bin/../lib/gcc/nios2-elf/4.1.2/../../../../nios2-elf/lib\libc.a(lib_a-freer.o)
                0x000083c8                _malloc_trim_r
                0x000084f4                _free_r
 .text          0x00008808      0x49c c:/altera/11.1/nios2eds/bin/gnu/h-i686-mingw32/bin/../lib/gcc/nios2-elf/4.1.2/../../../../nios2-elf/lib\libc.a(lib_a-fvwrite.o)
                0x00008808                __sfvwrite_r
 .text          0x00008ca4      0x180 c:/altera/11.1/nios2eds/bin/gnu/h-i686-mingw32/bin/../lib/gcc/nios2-elf/4.1.2/../../../../nios2-elf/lib\libc.a(lib_a-fwalk.o)
                0x00008ca4                _fwalk_reent
                0x00008d6c                _fwalk
 .text          0x00008e24        0x0 c:/altera/11.1/nios2eds/bin/gnu/h-i686-mingw32/bin/../lib/gcc/nios2-elf/4.1.2/../../../../nios2-elf/lib\libc.a(lib_a-impure.o)
 .text          0x00008e24       0xc4 c:/altera/11.1/nios2eds/bin/gnu/h-i686-mingw32/bin/../lib/gcc/nios2-elf/4.1.2/../../../../nios2-elf/lib\libc.a(lib_a-locale.o)
                0x00008e24                __locale_charset
                0x00008e2c                _localeconv_r
                0x00008e38                localeconv
                0x00008e48                _setlocale_r
                0x00008ecc                setlocale
 .text          0x00008ee8      0x194 c:/altera/11.1/nios2eds/bin/gnu/h-i686-mingw32/bin/../lib/gcc/nios2-elf/4.1.2/../../../../nios2-elf/lib\libc.a(lib_a-makebuf.o)
                0x00008ee8                __smakebuf_r
 .text          0x0000907c      0x740 c:/altera/11.1/nios2eds/bin/gnu/h-i686-mingw32/bin/../lib/gcc/nios2-elf/4.1.2/../../../../nios2-elf/lib\libc.a(lib_a-mallocr.o)
                0x0000907c                _malloc_r
 .text          0x000097bc       0xe4 c:/altera/11.1/nios2eds/bin/gnu/h-i686-mingw32/bin/../lib/gcc/nios2-elf/4.1.2/../../../../nios2-elf/lib\libc.a(lib_a-memchr.o)
                0x000097bc                memchr
 .text          0x000098a0       0xa0 c:/altera/11.1/nios2eds/bin/gnu/h-i686-mingw32/bin/../lib/gcc/nios2-elf/4.1.2/../../../../nios2-elf/lib\libc.a(lib_a-memcpy.o)
                0x000098a0                memcpy
 .text          0x00009940       0xe0 c:/altera/11.1/nios2eds/bin/gnu/h-i686-mingw32/bin/../lib/gcc/nios2-elf/4.1.2/../../../../nios2-elf/lib\libc.a(lib_a-memmove.o)
                0x00009940                memmove
 .text          0x00009a20       0x98 c:/altera/11.1/nios2eds/bin/gnu/h-i686-mingw32/bin/../lib/gcc/nios2-elf/4.1.2/../../../../nios2-elf/lib\libc.a(lib_a-memset.o)
                0x00009a20                memset
 .text          0x00009ab8      0xff4 c:/altera/11.1/nios2eds/bin/gnu/h-i686-mingw32/bin/../lib/gcc/nios2-elf/4.1.2/../../../../nios2-elf/lib\libc.a(lib_a-mprec.o)
                0x00009ab8                _Bfree
                0x00009ae0                __hi0bits
                0x00009b50                __lo0bits
                0x00009c14                __mcmp
                0x00009c74                __ulp
                0x00009cf4                __b2d
                0x00009e14                __ratio
                0x00009ec4                _mprec_log10
                0x00009f58                __copybits
                0x00009fb0                __any_on
                0x0000a038                _Balloc
                0x0000a0f4                __d2b
                0x0000a270                __mdiff
                0x0000a3fc                __lshift
                0x0000a548                __multiply
                0x0000a730                __i2b
                0x0000a76c                __multadd
                0x0000a86c                __pow5mult
                0x0000a98c                __s2b
 .text          0x0000aaac      0x5f4 c:/altera/11.1/nios2eds/bin/gnu/h-i686-mingw32/bin/../lib/gcc/nios2-elf/4.1.2/../../../../nios2-elf/lib\libc.a(lib_a-reallocr.o)
                0x0000aaac                _realloc_r
 .text          0x0000b0a0       0x40 c:/altera/11.1/nios2eds/bin/gnu/h-i686-mingw32/bin/../lib/gcc/nios2-elf/4.1.2/../../../../nios2-elf/lib\libc.a(lib_a-s_isinfd.o)
                0x0000b0a0                __isinfd
 .text          0x0000b0e0       0x30 c:/altera/11.1/nios2eds/bin/gnu/h-i686-mingw32/bin/../lib/gcc/nios2-elf/4.1.2/../../../../nios2-elf/lib\libc.a(lib_a-s_isnand.o)
                0x0000b0e0                __isnand
 .text          0x0000b110       0x70 c:/altera/11.1/nios2eds/bin/gnu/h-i686-mingw32/bin/../lib/gcc/nios2-elf/4.1.2/../../../../nios2-elf/lib\libc.a(lib_a-sbrkr.o)
                0x0000b110                _sbrk_r
 .text          0x0000b180      0x14c c:/altera/11.1/nios2eds/bin/gnu/h-i686-mingw32/bin/../lib/gcc/nios2-elf/4.1.2/../../../../nios2-elf/lib\libc.a(lib_a-stdio.o)
                0x0000b180                __sclose
                0x0000b188                __sseek
                0x0000b1f0                __swrite
                0x0000b26c                __sread
 .text          0x0000b2cc       0xbc c:/altera/11.1/nios2eds/bin/gnu/h-i686-mingw32/bin/../lib/gcc/nios2-elf/4.1.2/../../../../nios2-elf/lib\libc.a(lib_a-strcmp.o)
                0x0000b2cc                strcmp
 .text          0x0000b388       0x78 c:/altera/11.1/nios2eds/bin/gnu/h-i686-mingw32/bin/../lib/gcc/nios2-elf/4.1.2/../../../../nios2-elf/lib\libc.a(lib_a-writer.o)
                0x0000b388                _write_r
 .text          0x0000b400       0xb4 c:/altera/11.1/nios2eds/bin/gnu/h-i686-mingw32/bin/../lib/gcc/nios2-elf/4.1.2/../../../../nios2-elf/lib\libc.a(lib_a-callocr.o)
                0x0000b400                _calloc_r
 .text          0x0000b4b4       0x70 c:/altera/11.1/nios2eds/bin/gnu/h-i686-mingw32/bin/../lib/gcc/nios2-elf/4.1.2/../../../../nios2-elf/lib\libc.a(lib_a-closer.o)
                0x0000b4b4                _close_r
 .text          0x0000b524      0x124 c:/altera/11.1/nios2eds/bin/gnu/h-i686-mingw32/bin/../lib/gcc/nios2-elf/4.1.2/../../../../nios2-elf/lib\libc.a(lib_a-fclose.o)
                0x0000b524                _fclose_r
                0x0000b634                fclose
 .text          0x0000b648       0x74 c:/altera/11.1/nios2eds/bin/gnu/h-i686-mingw32/bin/../lib/gcc/nios2-elf/4.1.2/../../../../nios2-elf/lib\libc.a(lib_a-fstatr.o)
                0x0000b648                _fstat_r
 .text          0x0000b6bc        0x0 c:/altera/11.1/nios2eds/bin/gnu/h-i686-mingw32/bin/../lib/gcc/nios2-elf/4.1.2/../../../../nios2-elf/lib\libc.a(lib_a-int_errno.o)
 .text          0x0000b6bc       0x70 c:/altera/11.1/nios2eds/bin/gnu/h-i686-mingw32/bin/../lib/gcc/nios2-elf/4.1.2/../../../../nios2-elf/lib\libc.a(lib_a-isattyr.o)
                0x0000b6bc                _isatty_r
 .text          0x0000b72c       0x78 c:/altera/11.1/nios2eds/bin/gnu/h-i686-mingw32/bin/../lib/gcc/nios2-elf/4.1.2/../../../../nios2-elf/lib\libc.a(lib_a-lseekr.o)
                0x0000b72c                _lseek_r
 .text          0x0000b7a4       0x78 c:/altera/11.1/nios2eds/bin/gnu/h-i686-mingw32/bin/../lib/gcc/nios2-elf/4.1.2/../../../../nios2-elf/lib\libc.a(lib_a-readr.o)
                0x0000b7a4                _read_r
 .text          0x0000b81c      0x5dc c:/altera/11.1/nios2eds/bin/gnu/h-i686-mingw32/bin/../lib/gcc/nios2-elf/4.1.2\libgcc.a(_udivdi3.o)
                0x0000b81c                __udivdi3
 .text          0x0000bdf8      0x5b0 c:/altera/11.1/nios2eds/bin/gnu/h-i686-mingw32/bin/../lib/gcc/nios2-elf/4.1.2\libgcc.a(_umoddi3.o)
                0x0000bdf8                __umoddi3
 .text          0x0000c3a8      0x504 c:/altera/11.1/nios2eds/bin/gnu/h-i686-mingw32/bin/../lib/gcc/nios2-elf/4.1.2\libgcc.a(_addsub_df.o)
                0x0000c7b8                __subdf3
                0x0000c838                __adddf3
 .text          0x0000c8ac      0x3c4 c:/altera/11.1/nios2eds/bin/gnu/h-i686-mingw32/bin/../lib/gcc/nios2-elf/4.1.2\libgcc.a(_mul_df.o)
                0x0000c8ac                __muldf3
 .text          0x0000cc70      0x258 c:/altera/11.1/nios2eds/bin/gnu/h-i686-mingw32/bin/../lib/gcc/nios2-elf/4.1.2\libgcc.a(_div_df.o)
                0x0000cc70                __divdf3
 .text          0x0000cec8       0x88 c:/altera/11.1/nios2eds/bin/gnu/h-i686-mingw32/bin/../lib/gcc/nios2-elf/4.1.2\libgcc.a(_eq_df.o)
                0x0000cec8                __eqdf2
 .text          0x0000cf50       0x88 c:/altera/11.1/nios2eds/bin/gnu/h-i686-mingw32/bin/../lib/gcc/nios2-elf/4.1.2\libgcc.a(_ne_df.o)
                0x0000cf50                __nedf2
 .text          0x0000cfd8       0x88 c:/altera/11.1/nios2eds/bin/gnu/h-i686-mingw32/bin/../lib/gcc/nios2-elf/4.1.2\libgcc.a(_gt_df.o)
                0x0000cfd8                __gtdf2
 .text          0x0000d060       0x88 c:/altera/11.1/nios2eds/bin/gnu/h-i686-mingw32/bin/../lib/gcc/nios2-elf/4.1.2\libgcc.a(_ge_df.o)
                0x0000d060                __gedf2
 .text          0x0000d0e8       0x88 c:/altera/11.1/nios2eds/bin/gnu/h-i686-mingw32/bin/../lib/gcc/nios2-elf/4.1.2\libgcc.a(_lt_df.o)
                0x0000d0e8                __ltdf2
 .text          0x0000d170       0xf8 c:/altera/11.1/nios2eds/bin/gnu/h-i686-mingw32/bin/../lib/gcc/nios2-elf/4.1.2\libgcc.a(_si_to_df.o)
                0x0000d170                __floatsidf
 .text          0x0000d268       0xd8 c:/altera/11.1/nios2eds/bin/gnu/h-i686-mingw32/bin/../lib/gcc/nios2-elf/4.1.2\libgcc.a(_df_to_si.o)
                0x0000d268                __fixdfsi
 .text          0x0000d340        0x0 c:/altera/11.1/nios2eds/bin/gnu/h-i686-mingw32/bin/../lib/gcc/nios2-elf/4.1.2\libgcc.a(_thenan_df.o)
 .text          0x0000d340      0x194 c:/altera/11.1/nios2eds/bin/gnu/h-i686-mingw32/bin/../lib/gcc/nios2-elf/4.1.2\libgcc.a(_usi_to_df.o)
                0x0000d340                __floatunsidf
 .text          0x0000d4d4       0x98 c:/altera/11.1/nios2eds/bin/gnu/h-i686-mingw32/bin/../lib/gcc/nios2-elf/4.1.2\libgcc.a(_muldi3.o)
                0x0000d4d4                __muldi3
 .text          0x0000d56c        0x0 c:/altera/11.1/nios2eds/bin/gnu/h-i686-mingw32/bin/../lib/gcc/nios2-elf/4.1.2\libgcc.a(_clz.o)
 .text          0x0000d56c       0x80 c:/altera/11.1/nios2eds/bin/gnu/h-i686-mingw32/bin/../lib/gcc/nios2-elf/4.1.2\libgcc.a(_clzsi2.o)
                0x0000d56c                __clzsi2
 .text          0x0000d5ec      0x314 c:/altera/11.1/nios2eds/bin/gnu/h-i686-mingw32/bin/../lib/gcc/nios2-elf/4.1.2\libgcc.a(_pack_df.o)
                0x0000d5ec                __pack_d
 .text          0x0000d900      0x138 c:/altera/11.1/nios2eds/bin/gnu/h-i686-mingw32/bin/../lib/gcc/nios2-elf/4.1.2\libgcc.a(_unpack_df.o)
                0x0000d900                __unpack_d
 .text          0x0000da38       0xc8 c:/altera/11.1/nios2eds/bin/gnu/h-i686-mingw32/bin/../lib/gcc/nios2-elf/4.1.2\libgcc.a(_fpcmp_parts_df.o)
                0x0000da38                __fpcmp_parts_d
 .text          0x0000db00      0x15c ../DE2_115_NIOS_HOST_MOUSE_VGA_bsp/\libhal_bsp.a(alt_close.o)
                0x0000db00                close
 .text          0x0000dc5c       0x2c ../DE2_115_NIOS_HOST_MOUSE_VGA_bsp/\libhal_bsp.a(alt_dev.o)
 .text          0x0000dc88        0x0 ../DE2_115_NIOS_HOST_MOUSE_VGA_bsp/\libhal_bsp.a(alt_errno.o)
 .text          0x0000dc88      0x134 ../DE2_115_NIOS_HOST_MOUSE_VGA_bsp/\libhal_bsp.a(alt_fstat.o)
                0x0000dc88                fstat
 .text          0x0000ddbc      0x120 ../DE2_115_NIOS_HOST_MOUSE_VGA_bsp/\libhal_bsp.a(alt_isatty.o)
                0x0000ddbc                isatty
 .text          0x0000dedc       0xec ../DE2_115_NIOS_HOST_MOUSE_VGA_bsp/\libhal_bsp.a(alt_load.o)
                0x0000dedc                alt_load
 .text          0x0000dfc8      0x150 ../DE2_115_NIOS_HOST_MOUSE_VGA_bsp/\libhal_bsp.a(alt_lseek.o)
                0x0000dfc8                lseek
 .text          0x0000e118       0x6c ../DE2_115_NIOS_HOST_MOUSE_VGA_bsp/\libhal_bsp.a(alt_main.o)
                0x0000e118                alt_main
 .text          0x0000e184       0x40 ../DE2_115_NIOS_HOST_MOUSE_VGA_bsp/\libhal_bsp.a(alt_malloc_lock.o)
                0x0000e184                __malloc_lock
                0x0000e1a4                __malloc_unlock
 .text          0x0000e1c4      0x180 ../DE2_115_NIOS_HOST_MOUSE_VGA_bsp/\libhal_bsp.a(alt_read.o)
                0x0000e1c4                read
 .text          0x0000e344       0x60 ../DE2_115_NIOS_HOST_MOUSE_VGA_bsp/\libhal_bsp.a(alt_release_fd.o)
                0x0000e344                alt_release_fd
 .text          0x0000e3a4       0xbc ../DE2_115_NIOS_HOST_MOUSE_VGA_bsp/\libhal_bsp.a(alt_sbrk.o)
                0x0000e3a4                sbrk
 .text          0x0000e460       0x30 ../DE2_115_NIOS_HOST_MOUSE_VGA_bsp/\libhal_bsp.a(alt_usleep.o)
                0x0000e460                usleep
 .text          0x0000e490      0x180 ../DE2_115_NIOS_HOST_MOUSE_VGA_bsp/\libhal_bsp.a(alt_write.o)
                0x0000e490                write
 .text          0x0000e610       0xe0 ../DE2_115_NIOS_HOST_MOUSE_VGA_bsp/\libhal_bsp.a(alt_sys_init.o)
                0x0000e610                alt_irq_init
                0x0000e644                alt_sys_init
 .text          0x0000e6f0      0x148 ../DE2_115_NIOS_HOST_MOUSE_VGA_bsp/\libhal_bsp.a(altera_avalon_jtag_uart_fd.o)
                0x0000e6f0                altera_avalon_jtag_uart_read_fd
                0x0000e748                altera_avalon_jtag_uart_write_fd
                0x0000e7a0                altera_avalon_jtag_uart_close_fd
                0x0000e7e8                altera_avalon_jtag_uart_ioctl_fd
 .text          0x0000e838      0x40c ../DE2_115_NIOS_HOST_MOUSE_VGA_bsp/\libhal_bsp.a(altera_avalon_jtag_uart_init.o)
                0x0000e838                altera_avalon_jtag_uart_init
                0x0000ebd0                altera_avalon_jtag_uart_close
 .text          0x0000ec44       0xf4 ../DE2_115_NIOS_HOST_MOUSE_VGA_bsp/\libhal_bsp.a(altera_avalon_jtag_uart_ioctl.o)
                0x0000ec44                altera_avalon_jtag_uart_ioctl
 .text          0x0000ed38      0x224 ../DE2_115_NIOS_HOST_MOUSE_VGA_bsp/\libhal_bsp.a(altera_avalon_jtag_uart_read.o)
                0x0000ed38                altera_avalon_jtag_uart_read
 .text          0x0000ef5c      0x240 ../DE2_115_NIOS_HOST_MOUSE_VGA_bsp/\libhal_bsp.a(altera_avalon_jtag_uart_write.o)
                0x0000ef5c                altera_avalon_jtag_uart_write
 .text          0x0000f19c      0xee8 ../DE2_115_NIOS_HOST_MOUSE_VGA_bsp/\libhal_bsp.a(altera_avalon_lcd_16207.o)
                0x0000f970                altera_avalon_lcd_16207_write
                0x0000ff48                altera_avalon_lcd_16207_init
 .text          0x00010084       0x58 ../DE2_115_NIOS_HOST_MOUSE_VGA_bsp/\libhal_bsp.a(altera_avalon_lcd_16207_fd.o)
                0x00010084                altera_avalon_lcd_16207_write_fd
 .text          0x000100dc      0x100 ../DE2_115_NIOS_HOST_MOUSE_VGA_bsp/\libhal_bsp.a(altera_avalon_timer_sc.o)
                0x0001014c                alt_avalon_timer_sc_init
 .text          0x000101dc      0x154 ../DE2_115_NIOS_HOST_MOUSE_VGA_bsp/\libhal_bsp.a(alt_alarm_start.o)
                0x000101dc                alt_alarm_start
 .text          0x00010330      0x14c ../DE2_115_NIOS_HOST_MOUSE_VGA_bsp/\libhal_bsp.a(alt_busy_sleep.o)
                0x00010330                alt_busy_sleep
 .text          0x0001047c       0x44 ../DE2_115_NIOS_HOST_MOUSE_VGA_bsp/\libhal_bsp.a(alt_dcache_flush_all.o)
                0x0001047c                alt_dcache_flush_all
 .text          0x000104c0      0x114 ../DE2_115_NIOS_HOST_MOUSE_VGA_bsp/\libhal_bsp.a(alt_dev_llist_insert.o)
                0x000104c0                alt_dev_llist_insert
 .text          0x000105d4       0x64 ../DE2_115_NIOS_HOST_MOUSE_VGA_bsp/\libhal_bsp.a(alt_do_ctors.o)
                0x000105d4                _do_ctors
 .text          0x00010638       0x64 ../DE2_115_NIOS_HOST_MOUSE_VGA_bsp/\libhal_bsp.a(alt_do_dtors.o)
                0x00010638                _do_dtors
 .text          0x0001069c       0x30 ../DE2_115_NIOS_HOST_MOUSE_VGA_bsp/\libhal_bsp.a(alt_icache_flush_all.o)
                0x0001069c                alt_icache_flush_all
 .text          0x000106cc      0x1d4 ../DE2_115_NIOS_HOST_MOUSE_VGA_bsp/\libhal_bsp.a(alt_iic.o)
                0x000106cc                alt_ic_isr_register
                0x0001071c                alt_ic_irq_enable
                0x000107b8                alt_ic_irq_disable
                0x00010858                alt_ic_irq_enabled
 .text          0x000108a0       0xf8 ../DE2_115_NIOS_HOST_MOUSE_VGA_bsp/\libhal_bsp.a(alt_iic_isr_register.o)
                0x000108a0                alt_iic_isr_register
 .text          0x00010998      0x13c ../DE2_115_NIOS_HOST_MOUSE_VGA_bsp/\libhal_bsp.a(alt_io_redirect.o)
                0x00010a5c                alt_io_redirect
 .text          0x00010ad4        0x0 ../DE2_115_NIOS_HOST_MOUSE_VGA_bsp/\libhal_bsp.a(alt_irq_entry.o)
 .text          0x00010ad4        0x0 ../DE2_115_NIOS_HOST_MOUSE_VGA_bsp/\libhal_bsp.a(alt_irq_handler.o)
 .text          0x00010ad4        0x0 ../DE2_115_NIOS_HOST_MOUSE_VGA_bsp/\libhal_bsp.a(alt_irq_vars.o)
 .text          0x00010ad4      0x2c4 ../DE2_115_NIOS_HOST_MOUSE_VGA_bsp/\libhal_bsp.a(alt_open.o)
                0x00010bb0                open
 .text          0x00010d98      0x1a4 ../DE2_115_NIOS_HOST_MOUSE_VGA_bsp/\libhal_bsp.a(alt_tick.o)
                0x00010d98                alt_alarm_stop
                0x00010e30                alt_tick
 .text          0x00010f3c       0x20 ../DE2_115_NIOS_HOST_MOUSE_VGA_bsp/\libhal_bsp.a(altera_nios2_qsys_irq.o)
                0x00010f3c                altera_nios2_qsys_irq_init
 .text          0x00010f5c        0x0 ../DE2_115_NIOS_HOST_MOUSE_VGA_bsp/\libhal_bsp.a(alt_exception_entry.o)
 .text          0x00010f5c       0x94 ../DE2_115_NIOS_HOST_MOUSE_VGA_bsp/\libhal_bsp.a(alt_find_dev.o)
                0x00010f5c                alt_find_dev
 .text          0x00010ff0      0x120 ../DE2_115_NIOS_HOST_MOUSE_VGA_bsp/\libhal_bsp.a(alt_find_file.o)
                0x00010ff0                alt_find_file
 .text          0x00011110       0xb8 ../DE2_115_NIOS_HOST_MOUSE_VGA_bsp/\libhal_bsp.a(alt_get_fd.o)
                0x00011110                alt_get_fd
 .text          0x000111c8       0x90 ../DE2_115_NIOS_HOST_MOUSE_VGA_bsp/\libhal_bsp.a(alt_icache_flush.o)
                0x000111c8                alt_icache_flush
 .text          0x00011258       0x14 c:/altera/11.1/nios2eds/bin/gnu/h-i686-mingw32/bin/../lib/gcc/nios2-elf/4.1.2/../../../../nios2-elf/lib\libc.a(lib_a-atexit.o)
                0x00011258                atexit
 .text          0x0001126c        0x0 c:/altera/11.1/nios2eds/bin/gnu/h-i686-mingw32/bin/../lib/gcc/nios2-elf/4.1.2/../../../../nios2-elf/lib\libc.a(lib_a-ctype_.o)
 .text          0x0001126c       0x38 c:/altera/11.1/nios2eds/bin/gnu/h-i686-mingw32/bin/../lib/gcc/nios2-elf/4.1.2/../../../../nios2-elf/lib\libc.a(lib_a-exit.o)
                0x0001126c                exit
 .text          0x000112a4       0x74 c:/altera/11.1/nios2eds/bin/gnu/h-i686-mingw32/bin/../lib/gcc/nios2-elf/4.1.2/../../../../nios2-elf/lib\libc.a(lib_a-memcmp.o)
                0x000112a4                memcmp
 .text          0x00011318      0x134 c:/altera/11.1/nios2eds/bin/gnu/h-i686-mingw32/bin/../lib/gcc/nios2-elf/4.1.2/../../../../nios2-elf/lib\libc.a(lib_a-__atexit.o)
                0x00011318                __register_exitproc
 .text          0x0001144c      0x1b4 c:/altera/11.1/nios2eds/bin/gnu/h-i686-mingw32/bin/../lib/gcc/nios2-elf/4.1.2/../../../../nios2-elf/lib\libc.a(lib_a-__call_atexit.o)
                0x00011450                __call_exitprocs
 .text          0x00011600       0x60 ../DE2_115_NIOS_HOST_MOUSE_VGA_bsp/\libhal_bsp.a(alt_exit.o)
                0x00011640                _exit
 *(.gnu.warning.*)
 *(.fini)
                0x00011660                PROVIDE (__etext, ABSOLUTE (.))
                0x00011660                PROVIDE (_etext, ABSOLUTE (.))
                0x00011660                PROVIDE (etext, ABSOLUTE (.))
 *(.eh_frame_hdr)
                0x00011660                . = ALIGN (0x4)
                0x00011660                PROVIDE (__preinit_array_start, ABSOLUTE (.))
 *(.preinit_array)
                0x00011660                PROVIDE (__preinit_array_end, ABSOLUTE (.))
                0x00011660                PROVIDE (__init_array_start, ABSOLUTE (.))
 *(.init_array)
                0x00011660                PROVIDE (__init_array_end, ABSOLUTE (.))
                0x00011660                PROVIDE (__fini_array_start, ABSOLUTE (.))
 *(.fini_array)
                0x00011660                PROVIDE (__fini_array_end, ABSOLUTE (.))
 *(.eh_frame)
 .eh_frame      0x00011660       0x40 c:/altera/11.1/nios2eds/bin/gnu/h-i686-mingw32/bin/../lib/gcc/nios2-elf/4.1.2\libgcc.a(_udivdi3.o)
 .eh_frame      0x000116a0       0x2c c:/altera/11.1/nios2eds/bin/gnu/h-i686-mingw32/bin/../lib/gcc/nios2-elf/4.1.2\libgcc.a(_umoddi3.o)
                                 0x40 (size before relaxing)
 *(.gcc_except_table)
 *(.dynamic)
                0x000116cc                PROVIDE (__CTOR_LIST__, ABSOLUTE (.))
 *(.ctors)
 *(SORT(.ctors.*))
 .ctors.65535   0x000116cc        0x4 c:/altera/11.1/nios2eds/bin/gnu/h-i686-mingw32/bin/../lib/gcc/nios2-elf/4.1.2/../../../../nios2-elf/lib\libc.a(lib_a-__call_atexit.o)
                0x000116d0                PROVIDE (__CTOR_END__, ABSOLUTE (.))
                0x000116d0                PROVIDE (__DTOR_LIST__, ABSOLUTE (.))
 *(.dtors)
 *(SORT(.dtors.*))
                0x000116d0                PROVIDE (__DTOR_END__, ABSOLUTE (.))
 *(.jcr)
                0x000116d0                . = ALIGN (0x4)

.rodata         0x000116d0      0xd88
                0x000116d0                PROVIDE (__ram_rodata_start, ABSOLUTE (.))
                0x000116d0                . = ALIGN (0x4)
 *(.rodata .rodata.* .gnu.linkonce.r.*)
 .rodata        0x000116d0      0x794 obj/default/DE2_115_NIOS_HOST_MOUSE_VGA.o
 .rodata        0x00011e64       0x28 obj/default/LCD.o
 .rodata.str1.4
                0x00011e8c        0x2 c:/altera/11.1/nios2eds/bin/gnu/h-i686-mingw32/bin/../lib/gcc/nios2-elf/4.1.2/../../../../nios2-elf/lib\libc.a(lib_a-puts.o)
                                  0x4 (size before relaxing)
 *fill*         0x00011e8e        0x2 00
 .rodata.str1.4
                0x00011e90       0x5e c:/altera/11.1/nios2eds/bin/gnu/h-i686-mingw32/bin/../lib/gcc/nios2-elf/4.1.2/../../../../nios2-elf/lib\libc.a(lib_a-vfprintf.o)
                                 0x60 (size before relaxing)
 .rodata        0x00011eee       0x20 c:/altera/11.1/nios2eds/bin/gnu/h-i686-mingw32/bin/../lib/gcc/nios2-elf/4.1.2/../../../../nios2-elf/lib\libc.a(lib_a-vfprintf.o)
 *fill*         0x00011f0e        0x2 00
 .rodata.str1.4
                0x00011f10       0x10 c:/altera/11.1/nios2eds/bin/gnu/h-i686-mingw32/bin/../lib/gcc/nios2-elf/4.1.2/../../../../nios2-elf/lib\libc.a(lib_a-dtoa.o)
                                 0x14 (size before relaxing)
 .rodata.str1.4
                0x00011f20        0x2 c:/altera/11.1/nios2eds/bin/gnu/h-i686-mingw32/bin/../lib/gcc/nios2-elf/4.1.2/../../../../nios2-elf/lib\libc.a(lib_a-impure.o)
                                  0x4 (size before relaxing)
 *fill*         0x00011f22        0x2 00
 .rodata.str1.4
                0x00011f24       0x10 c:/altera/11.1/nios2eds/bin/gnu/h-i686-mingw32/bin/../lib/gcc/nios2-elf/4.1.2/../../../../nios2-elf/lib\libc.a(lib_a-locale.o)
                                 0x18 (size before relaxing)
 .rodata        0x00011f34       0x30 c:/altera/11.1/nios2eds/bin/gnu/h-i686-mingw32/bin/../lib/gcc/nios2-elf/4.1.2/../../../../nios2-elf/lib\libc.a(lib_a-locale.o)
 .rodata        0x00011f64      0x124 c:/altera/11.1/nios2eds/bin/gnu/h-i686-mingw32/bin/../lib/gcc/nios2-elf/4.1.2/../../../../nios2-elf/lib\libc.a(lib_a-mprec.o)
                0x00011f64                __mprec_tens
                0x0001202c                __mprec_bigtens
                0x00012054                __mprec_tinytens
 .rodata        0x00012088       0x14 c:/altera/11.1/nios2eds/bin/gnu/h-i686-mingw32/bin/../lib/gcc/nios2-elf/4.1.2\libgcc.a(_thenan_df.o)
                0x00012088                __thenan_df
 .rodata        0x0001209c      0x100 c:/altera/11.1/nios2eds/bin/gnu/h-i686-mingw32/bin/../lib/gcc/nios2-elf/4.1.2\libgcc.a(_clz.o)
                0x0001209c                __clz_tab
 .rodata        0x0001219c        0xc ../DE2_115_NIOS_HOST_MOUSE_VGA_bsp/\libhal_bsp.a(alt_dev.o)
 .rodata        0x000121a8       0x10 ../DE2_115_NIOS_HOST_MOUSE_VGA_bsp/\libhal_bsp.a(alt_main.o)
 .rodata        0x000121b8       0x1c ../DE2_115_NIOS_HOST_MOUSE_VGA_bsp/\libhal_bsp.a(alt_sys_init.o)
 .rodata        0x000121d4      0x281 c:/altera/11.1/nios2eds/bin/gnu/h-i686-mingw32/bin/../lib/gcc/nios2-elf/4.1.2/../../../../nios2-elf/lib\libc.a(lib_a-ctype_.o)
                0x000121d4                _ctype_
 *(.rodata1)
                0x00012458                . = ALIGN (0x4)
 *fill*         0x00012455        0x3 00
                0x00012458                PROVIDE (__ram_rodata_end, ABSOLUTE (.))
                0x000116d0                PROVIDE (__flash_rodata_start, LOADADDR (.rodata))

.rwdata         0x00012458     0x1b94 load address 0x00013fec
                0x00012458                PROVIDE (__ram_rwdata_start, ABSOLUTE (.))
                0x00012458                . = ALIGN (0x4)
 *(.got.plt)
 *(.got)
 *(.data1)
 *(.data .data.* .gnu.linkonce.d.*)
 .data          0x00012458        0x0 ../DE2_115_NIOS_HOST_MOUSE_VGA_bsp//obj/HAL/src/crt0.o
 .data          0x00012458        0x0 obj/default/DE2_115_NIOS_HOST_MOUSE_VGA.o
 .data          0x00012458        0x0 obj/default/LCD.o
 .data          0x00012458       0x10 obj/default/SEG7.o
 .data          0x00012468        0x0 obj/default/VGA.o
 .data          0x00012468        0x0 c:/altera/11.1/nios2eds/bin/gnu/h-i686-mingw32/bin/../lib/gcc/nios2-elf/4.1.2\libgcc.a(lib2-divmod.o)
 .data          0x00012468        0x0 c:/altera/11.1/nios2eds/bin/gnu/h-i686-mingw32/bin/../lib/gcc/nios2-elf/4.1.2/../../../../nios2-elf/lib\libc.a(lib_a-printf.o)
 .data          0x00012468        0x0 c:/altera/11.1/nios2eds/bin/gnu/h-i686-mingw32/bin/../lib/gcc/nios2-elf/4.1.2/../../../../nios2-elf/lib\libc.a(lib_a-puts.o)
 .data          0x00012468        0x0 c:/altera/11.1/nios2eds/bin/gnu/h-i686-mingw32/bin/../lib/gcc/nios2-elf/4.1.2/../../../../nios2-elf/lib\libc.a(lib_a-strlen.o)
 .data          0x00012468        0x0 c:/altera/11.1/nios2eds/bin/gnu/h-i686-mingw32/bin/../lib/gcc/nios2-elf/4.1.2/../../../../nios2-elf/lib\libc.a(lib_a-vfprintf.o)
 .data          0x00012468        0x0 c:/altera/11.1/nios2eds/bin/gnu/h-i686-mingw32/bin/../lib/gcc/nios2-elf/4.1.2/../../../../nios2-elf/lib\libc.a(lib_a-wsetup.o)
 .data          0x00012468        0x0 c:/altera/11.1/nios2eds/bin/gnu/h-i686-mingw32/bin/../lib/gcc/nios2-elf/4.1.2/../../../../nios2-elf/lib\libc.a(lib_a-dtoa.o)
 .data          0x00012468        0x0 c:/altera/11.1/nios2eds/bin/gnu/h-i686-mingw32/bin/../lib/gcc/nios2-elf/4.1.2/../../../../nios2-elf/lib\libc.a(lib_a-fflush.o)
 .data          0x00012468        0x0 c:/altera/11.1/nios2eds/bin/gnu/h-i686-mingw32/bin/../lib/gcc/nios2-elf/4.1.2/../../../../nios2-elf/lib\libc.a(lib_a-findfp.o)
 .data          0x00012468        0x0 c:/altera/11.1/nios2eds/bin/gnu/h-i686-mingw32/bin/../lib/gcc/nios2-elf/4.1.2/../../../../nios2-elf/lib\libc.a(lib_a-freer.o)
 .data          0x00012468        0x0 c:/altera/11.1/nios2eds/bin/gnu/h-i686-mingw32/bin/../lib/gcc/nios2-elf/4.1.2/../../../../nios2-elf/lib\libc.a(lib_a-fvwrite.o)
 .data          0x00012468        0x0 c:/altera/11.1/nios2eds/bin/gnu/h-i686-mingw32/bin/../lib/gcc/nios2-elf/4.1.2/../../../../nios2-elf/lib\libc.a(lib_a-fwalk.o)
 .data          0x00012468      0x400 c:/altera/11.1/nios2eds/bin/gnu/h-i686-mingw32/bin/../lib/gcc/nios2-elf/4.1.2/../../../../nios2-elf/lib\libc.a(lib_a-impure.o)
 .data          0x00012868        0xc c:/altera/11.1/nios2eds/bin/gnu/h-i686-mingw32/bin/../lib/gcc/nios2-elf/4.1.2/../../../../nios2-elf/lib\libc.a(lib_a-locale.o)
                0x00012868                __lc_ctype
 .data          0x00012874        0x0 c:/altera/11.1/nios2eds/bin/gnu/h-i686-mingw32/bin/../lib/gcc/nios2-elf/4.1.2/../../../../nios2-elf/lib\libc.a(lib_a-makebuf.o)
 .data          0x00012874      0x408 c:/altera/11.1/nios2eds/bin/gnu/h-i686-mingw32/bin/../lib/gcc/nios2-elf/4.1.2/../../../../nios2-elf/lib\libc.a(lib_a-mallocr.o)
                0x00012874                __malloc_av_
 .data          0x00012c7c        0x0 c:/altera/11.1/nios2eds/bin/gnu/h-i686-mingw32/bin/../lib/gcc/nios2-elf/4.1.2/../../../../nios2-elf/lib\libc.a(lib_a-memchr.o)
 .data          0x00012c7c        0x0 c:/altera/11.1/nios2eds/bin/gnu/h-i686-mingw32/bin/../lib/gcc/nios2-elf/4.1.2/../../../../nios2-elf/lib\libc.a(lib_a-memcpy.o)
 .data          0x00012c7c        0x0 c:/altera/11.1/nios2eds/bin/gnu/h-i686-mingw32/bin/../lib/gcc/nios2-elf/4.1.2/../../../../nios2-elf/lib\libc.a(lib_a-memmove.o)
 .data          0x00012c7c        0x0 c:/altera/11.1/nios2eds/bin/gnu/h-i686-mingw32/bin/../lib/gcc/nios2-elf/4.1.2/../../../../nios2-elf/lib\libc.a(lib_a-memset.o)
 .data          0x00012c7c        0x0 c:/altera/11.1/nios2eds/bin/gnu/h-i686-mingw32/bin/../lib/gcc/nios2-elf/4.1.2/../../../../nios2-elf/lib\libc.a(lib_a-mprec.o)
 .data          0x00012c7c        0x0 c:/altera/11.1/nios2eds/bin/gnu/h-i686-mingw32/bin/../lib/gcc/nios2-elf/4.1.2/../../../../nios2-elf/lib\libc.a(lib_a-reallocr.o)
 .data          0x00012c7c        0x0 c:/altera/11.1/nios2eds/bin/gnu/h-i686-mingw32/bin/../lib/gcc/nios2-elf/4.1.2/../../../../nios2-elf/lib\libc.a(lib_a-s_isinfd.o)
 .data          0x00012c7c        0x0 c:/altera/11.1/nios2eds/bin/gnu/h-i686-mingw32/bin/../lib/gcc/nios2-elf/4.1.2/../../../../nios2-elf/lib\libc.a(lib_a-s_isnand.o)
 .data          0x00012c7c        0x0 c:/altera/11.1/nios2eds/bin/gnu/h-i686-mingw32/bin/../lib/gcc/nios2-elf/4.1.2/../../../../nios2-elf/lib\libc.a(lib_a-sbrkr.o)
 .data          0x00012c7c        0x0 c:/altera/11.1/nios2eds/bin/gnu/h-i686-mingw32/bin/../lib/gcc/nios2-elf/4.1.2/../../../../nios2-elf/lib\libc.a(lib_a-stdio.o)
 .data          0x00012c7c        0x0 c:/altera/11.1/nios2eds/bin/gnu/h-i686-mingw32/bin/../lib/gcc/nios2-elf/4.1.2/../../../../nios2-elf/lib\libc.a(lib_a-strcmp.o)
 .data          0x00012c7c        0x0 c:/altera/11.1/nios2eds/bin/gnu/h-i686-mingw32/bin/../lib/gcc/nios2-elf/4.1.2/../../../../nios2-elf/lib\libc.a(lib_a-writer.o)
 .data          0x00012c7c        0x0 c:/altera/11.1/nios2eds/bin/gnu/h-i686-mingw32/bin/../lib/gcc/nios2-elf/4.1.2/../../../../nios2-elf/lib\libc.a(lib_a-callocr.o)
 .data          0x00012c7c        0x0 c:/altera/11.1/nios2eds/bin/gnu/h-i686-mingw32/bin/../lib/gcc/nios2-elf/4.1.2/../../../../nios2-elf/lib\libc.a(lib_a-closer.o)
 .data          0x00012c7c        0x0 c:/altera/11.1/nios2eds/bin/gnu/h-i686-mingw32/bin/../lib/gcc/nios2-elf/4.1.2/../../../../nios2-elf/lib\libc.a(lib_a-fclose.o)
 .data          0x00012c7c        0x0 c:/altera/11.1/nios2eds/bin/gnu/h-i686-mingw32/bin/../lib/gcc/nios2-elf/4.1.2/../../../../nios2-elf/lib\libc.a(lib_a-fstatr.o)
 .data          0x00012c7c        0x0 c:/altera/11.1/nios2eds/bin/gnu/h-i686-mingw32/bin/../lib/gcc/nios2-elf/4.1.2/../../../../nios2-elf/lib\libc.a(lib_a-int_errno.o)
 .data          0x00012c7c        0x0 c:/altera/11.1/nios2eds/bin/gnu/h-i686-mingw32/bin/../lib/gcc/nios2-elf/4.1.2/../../../../nios2-elf/lib\libc.a(lib_a-isattyr.o)
 .data          0x00012c7c        0x0 c:/altera/11.1/nios2eds/bin/gnu/h-i686-mingw32/bin/../lib/gcc/nios2-elf/4.1.2/../../../../nios2-elf/lib\libc.a(lib_a-lseekr.o)
 .data          0x00012c7c        0x0 c:/altera/11.1/nios2eds/bin/gnu/h-i686-mingw32/bin/../lib/gcc/nios2-elf/4.1.2/../../../../nios2-elf/lib\libc.a(lib_a-readr.o)
 .data          0x00012c7c        0x0 c:/altera/11.1/nios2eds/bin/gnu/h-i686-mingw32/bin/../lib/gcc/nios2-elf/4.1.2\libgcc.a(_udivdi3.o)
 .data          0x00012c7c        0x0 c:/altera/11.1/nios2eds/bin/gnu/h-i686-mingw32/bin/../lib/gcc/nios2-elf/4.1.2\libgcc.a(_umoddi3.o)
 .data          0x00012c7c        0x0 c:/altera/11.1/nios2eds/bin/gnu/h-i686-mingw32/bin/../lib/gcc/nios2-elf/4.1.2\libgcc.a(_addsub_df.o)
 .data          0x00012c7c        0x0 c:/altera/11.1/nios2eds/bin/gnu/h-i686-mingw32/bin/../lib/gcc/nios2-elf/4.1.2\libgcc.a(_mul_df.o)
 .data          0x00012c7c        0x0 c:/altera/11.1/nios2eds/bin/gnu/h-i686-mingw32/bin/../lib/gcc/nios2-elf/4.1.2\libgcc.a(_div_df.o)
 .data          0x00012c7c        0x0 c:/altera/11.1/nios2eds/bin/gnu/h-i686-mingw32/bin/../lib/gcc/nios2-elf/4.1.2\libgcc.a(_eq_df.o)
 .data          0x00012c7c        0x0 c:/altera/11.1/nios2eds/bin/gnu/h-i686-mingw32/bin/../lib/gcc/nios2-elf/4.1.2\libgcc.a(_ne_df.o)
 .data          0x00012c7c        0x0 c:/altera/11.1/nios2eds/bin/gnu/h-i686-mingw32/bin/../lib/gcc/nios2-elf/4.1.2\libgcc.a(_gt_df.o)
 .data          0x00012c7c        0x0 c:/altera/11.1/nios2eds/bin/gnu/h-i686-mingw32/bin/../lib/gcc/nios2-elf/4.1.2\libgcc.a(_ge_df.o)
 .data          0x00012c7c        0x0 c:/altera/11.1/nios2eds/bin/gnu/h-i686-mingw32/bin/../lib/gcc/nios2-elf/4.1.2\libgcc.a(_lt_df.o)
 .data          0x00012c7c        0x0 c:/altera/11.1/nios2eds/bin/gnu/h-i686-mingw32/bin/../lib/gcc/nios2-elf/4.1.2\libgcc.a(_si_to_df.o)
 .data          0x00012c7c        0x0 c:/altera/11.1/nios2eds/bin/gnu/h-i686-mingw32/bin/../lib/gcc/nios2-elf/4.1.2\libgcc.a(_df_to_si.o)
 .data          0x00012c7c        0x0 c:/altera/11.1/nios2eds/bin/gnu/h-i686-mingw32/bin/../lib/gcc/nios2-elf/4.1.2\libgcc.a(_thenan_df.o)
 .data          0x00012c7c        0x0 c:/altera/11.1/nios2eds/bin/gnu/h-i686-mingw32/bin/../lib/gcc/nios2-elf/4.1.2\libgcc.a(_usi_to_df.o)
 .data          0x00012c7c        0x0 c:/altera/11.1/nios2eds/bin/gnu/h-i686-mingw32/bin/../lib/gcc/nios2-elf/4.1.2\libgcc.a(_muldi3.o)
 .data          0x00012c7c        0x0 c:/altera/11.1/nios2eds/bin/gnu/h-i686-mingw32/bin/../lib/gcc/nios2-elf/4.1.2\libgcc.a(_clz.o)
 .data          0x00012c7c        0x0 c:/altera/11.1/nios2eds/bin/gnu/h-i686-mingw32/bin/../lib/gcc/nios2-elf/4.1.2\libgcc.a(_clzsi2.o)
 .data          0x00012c7c        0x0 c:/altera/11.1/nios2eds/bin/gnu/h-i686-mingw32/bin/../lib/gcc/nios2-elf/4.1.2\libgcc.a(_pack_df.o)
 .data          0x00012c7c        0x0 c:/altera/11.1/nios2eds/bin/gnu/h-i686-mingw32/bin/../lib/gcc/nios2-elf/4.1.2\libgcc.a(_unpack_df.o)
 .data          0x00012c7c        0x0 c:/altera/11.1/nios2eds/bin/gnu/h-i686-mingw32/bin/../lib/gcc/nios2-elf/4.1.2\libgcc.a(_fpcmp_parts_df.o)
 .data          0x00012c7c        0x0 ../DE2_115_NIOS_HOST_MOUSE_VGA_bsp/\libhal_bsp.a(alt_close.o)
 .data          0x00012c7c      0x1a8 ../DE2_115_NIOS_HOST_MOUSE_VGA_bsp/\libhal_bsp.a(alt_dev.o)
                0x00012c7c                alt_dev_null
                0x00012ca4                alt_fd_list
 .data          0x00012e24        0x0 ../DE2_115_NIOS_HOST_MOUSE_VGA_bsp/\libhal_bsp.a(alt_errno.o)
 .data          0x00012e24        0x0 ../DE2_115_NIOS_HOST_MOUSE_VGA_bsp/\libhal_bsp.a(alt_fstat.o)
 .data          0x00012e24        0x0 ../DE2_115_NIOS_HOST_MOUSE_VGA_bsp/\libhal_bsp.a(alt_isatty.o)
 .data          0x00012e24        0x0 ../DE2_115_NIOS_HOST_MOUSE_VGA_bsp/\libhal_bsp.a(alt_load.o)
 .data          0x00012e24        0x0 ../DE2_115_NIOS_HOST_MOUSE_VGA_bsp/\libhal_bsp.a(alt_lseek.o)
 .data          0x00012e24        0x0 ../DE2_115_NIOS_HOST_MOUSE_VGA_bsp/\libhal_bsp.a(alt_main.o)
 .data          0x00012e24        0x0 ../DE2_115_NIOS_HOST_MOUSE_VGA_bsp/\libhal_bsp.a(alt_malloc_lock.o)
 .data          0x00012e24        0x0 ../DE2_115_NIOS_HOST_MOUSE_VGA_bsp/\libhal_bsp.a(alt_read.o)
 .data          0x00012e24        0x0 ../DE2_115_NIOS_HOST_MOUSE_VGA_bsp/\libhal_bsp.a(alt_release_fd.o)
 .data          0x00012e24        0x0 ../DE2_115_NIOS_HOST_MOUSE_VGA_bsp/\libhal_bsp.a(alt_sbrk.o)
 .data          0x00012e24        0x0 ../DE2_115_NIOS_HOST_MOUSE_VGA_bsp/\libhal_bsp.a(alt_usleep.o)
 .data          0x00012e24        0x0 ../DE2_115_NIOS_HOST_MOUSE_VGA_bsp/\libhal_bsp.a(alt_write.o)
 .data          0x00012e24     0x1180 ../DE2_115_NIOS_HOST_MOUSE_VGA_bsp/\libhal_bsp.a(alt_sys_init.o)
 .data          0x00013fa4        0x0 ../DE2_115_NIOS_HOST_MOUSE_VGA_bsp/\libhal_bsp.a(altera_avalon_jtag_uart_fd.o)
 .data          0x00013fa4        0x0 ../DE2_115_NIOS_HOST_MOUSE_VGA_bsp/\libhal_bsp.a(altera_avalon_jtag_uart_init.o)
 .data          0x00013fa4        0x0 ../DE2_115_NIOS_HOST_MOUSE_VGA_bsp/\libhal_bsp.a(altera_avalon_jtag_uart_ioctl.o)
 .data          0x00013fa4        0x0 ../DE2_115_NIOS_HOST_MOUSE_VGA_bsp/\libhal_bsp.a(altera_avalon_jtag_uart_read.o)
 .data          0x00013fa4        0x0 ../DE2_115_NIOS_HOST_MOUSE_VGA_bsp/\libhal_bsp.a(altera_avalon_jtag_uart_write.o)
 .data          0x00013fa4        0x0 ../DE2_115_NIOS_HOST_MOUSE_VGA_bsp/\libhal_bsp.a(altera_avalon_lcd_16207.o)
 .data          0x00013fa4        0x0 ../DE2_115_NIOS_HOST_MOUSE_VGA_bsp/\libhal_bsp.a(altera_avalon_lcd_16207_fd.o)
 .data          0x00013fa4        0x0 ../DE2_115_NIOS_HOST_MOUSE_VGA_bsp/\libhal_bsp.a(altera_avalon_timer_sc.o)
 .data          0x00013fa4        0x0 ../DE2_115_NIOS_HOST_MOUSE_VGA_bsp/\libhal_bsp.a(alt_alarm_start.o)
 .data          0x00013fa4        0x0 ../DE2_115_NIOS_HOST_MOUSE_VGA_bsp/\libhal_bsp.a(alt_busy_sleep.o)
 .data          0x00013fa4        0x0 ../DE2_115_NIOS_HOST_MOUSE_VGA_bsp/\libhal_bsp.a(alt_dcache_flush_all.o)
 .data          0x00013fa4        0x0 ../DE2_115_NIOS_HOST_MOUSE_VGA_bsp/\libhal_bsp.a(alt_dev_llist_insert.o)
 .data          0x00013fa4        0x0 ../DE2_115_NIOS_HOST_MOUSE_VGA_bsp/\libhal_bsp.a(alt_do_ctors.o)
 .data          0x00013fa4        0x0 ../DE2_115_NIOS_HOST_MOUSE_VGA_bsp/\libhal_bsp.a(alt_do_dtors.o)
 .data          0x00013fa4        0x0 ../DE2_115_NIOS_HOST_MOUSE_VGA_bsp/\libhal_bsp.a(alt_icache_flush_all.o)
 .data          0x00013fa4        0x0 ../DE2_115_NIOS_HOST_MOUSE_VGA_bsp/\libhal_bsp.a(alt_iic.o)
 .data          0x00013fa4        0x0 ../DE2_115_NIOS_HOST_MOUSE_VGA_bsp/\libhal_bsp.a(alt_iic_isr_register.o)
 .data          0x00013fa4        0x0 ../DE2_115_NIOS_HOST_MOUSE_VGA_bsp/\libhal_bsp.a(alt_io_redirect.o)
 .data          0x00013fa4        0x0 ../DE2_115_NIOS_HOST_MOUSE_VGA_bsp/\libhal_bsp.a(alt_irq_entry.o)
 .data          0x00013fa4        0x0 ../DE2_115_NIOS_HOST_MOUSE_VGA_bsp/\libhal_bsp.a(alt_irq_handler.o)
 .data          0x00013fa4        0x0 ../DE2_115_NIOS_HOST_MOUSE_VGA_bsp/\libhal_bsp.a(alt_irq_vars.o)
 .data          0x00013fa4        0x0 ../DE2_115_NIOS_HOST_MOUSE_VGA_bsp/\libhal_bsp.a(alt_open.o)
 .data          0x00013fa4        0x0 ../DE2_115_NIOS_HOST_MOUSE_VGA_bsp/\libhal_bsp.a(alt_tick.o)
 .data          0x00013fa4        0x0 ../DE2_115_NIOS_HOST_MOUSE_VGA_bsp/\libhal_bsp.a(altera_nios2_qsys_irq.o)
 .data          0x00013fa4        0x0 ../DE2_115_NIOS_HOST_MOUSE_VGA_bsp/\libhal_bsp.a(alt_exception_entry.o)
 .data          0x00013fa4        0x0 ../DE2_115_NIOS_HOST_MOUSE_VGA_bsp/\libhal_bsp.a(alt_find_dev.o)
 .data          0x00013fa4        0x0 ../DE2_115_NIOS_HOST_MOUSE_VGA_bsp/\libhal_bsp.a(alt_find_file.o)
 .data          0x00013fa4        0x0 ../DE2_115_NIOS_HOST_MOUSE_VGA_bsp/\libhal_bsp.a(alt_get_fd.o)
 .data          0x00013fa4        0x0 ../DE2_115_NIOS_HOST_MOUSE_VGA_bsp/\libhal_bsp.a(alt_icache_flush.o)
 .data          0x00013fa4        0x0 c:/altera/11.1/nios2eds/bin/gnu/h-i686-mingw32/bin/../lib/gcc/nios2-elf/4.1.2/../../../../nios2-elf/lib\libc.a(lib_a-atexit.o)
 .data          0x00013fa4        0x0 c:/altera/11.1/nios2eds/bin/gnu/h-i686-mingw32/bin/../lib/gcc/nios2-elf/4.1.2/../../../../nios2-elf/lib\libc.a(lib_a-ctype_.o)
 .data          0x00013fa4        0x0 c:/altera/11.1/nios2eds/bin/gnu/h-i686-mingw32/bin/../lib/gcc/nios2-elf/4.1.2/../../../../nios2-elf/lib\libc.a(lib_a-exit.o)
 .data          0x00013fa4        0x0 c:/altera/11.1/nios2eds/bin/gnu/h-i686-mingw32/bin/../lib/gcc/nios2-elf/4.1.2/../../../../nios2-elf/lib\libc.a(lib_a-memcmp.o)
 .data          0x00013fa4        0x0 c:/altera/11.1/nios2eds/bin/gnu/h-i686-mingw32/bin/../lib/gcc/nios2-elf/4.1.2/../../../../nios2-elf/lib\libc.a(lib_a-__atexit.o)
 .data          0x00013fa4        0x0 c:/altera/11.1/nios2eds/bin/gnu/h-i686-mingw32/bin/../lib/gcc/nios2-elf/4.1.2/../../../../nios2-elf/lib\libc.a(lib_a-__call_atexit.o)
 .data          0x00013fa4        0x0 ../DE2_115_NIOS_HOST_MOUSE_VGA_bsp/\libhal_bsp.a(alt_exit.o)
                0x0001bfa4                _gp = ABSOLUTE ((. + 0x8000))
                0x0001bfa4                PROVIDE (gp, _gp)
 *(.rwdata .rwdata.*)
 *(.sdata .sdata.* .gnu.linkonce.s.*)
 .sdata         0x00013fa4        0x8 c:/altera/11.1/nios2eds/bin/gnu/h-i686-mingw32/bin/../lib/gcc/nios2-elf/4.1.2/../../../../nios2-elf/lib\libc.a(lib_a-impure.o)
                0x00013fa4                _impure_ptr
                0x00013fa8                _global_impure_ptr
 .sdata         0x00013fac        0x8 c:/altera/11.1/nios2eds/bin/gnu/h-i686-mingw32/bin/../lib/gcc/nios2-elf/4.1.2/../../../../nios2-elf/lib\libc.a(lib_a-locale.o)
                0x00013fac                __mb_cur_max
 .sdata         0x00013fb4        0x8 c:/altera/11.1/nios2eds/bin/gnu/h-i686-mingw32/bin/../lib/gcc/nios2-elf/4.1.2/../../../../nios2-elf/lib\libc.a(lib_a-mallocr.o)
                0x00013fb4                __malloc_trim_threshold
                0x00013fb8                __malloc_sbrk_base
 .sdata         0x00013fbc       0x14 ../DE2_115_NIOS_HOST_MOUSE_VGA_bsp/\libhal_bsp.a(alt_dev.o)
                0x00013fbc                alt_fs_list
                0x00013fc4                alt_dev_list
                0x00013fcc                alt_max_fd
 .sdata         0x00013fd0        0x4 ../DE2_115_NIOS_HOST_MOUSE_VGA_bsp/\libhal_bsp.a(alt_errno.o)
                0x00013fd0                alt_errno
 .sdata         0x00013fd4        0x4 ../DE2_115_NIOS_HOST_MOUSE_VGA_bsp/\libhal_bsp.a(alt_sbrk.o)
 .sdata         0x00013fd8        0x4 ../DE2_115_NIOS_HOST_MOUSE_VGA_bsp/\libhal_bsp.a(altera_avalon_lcd_16207.o)
 .sdata         0x00013fdc        0x4 ../DE2_115_NIOS_HOST_MOUSE_VGA_bsp/\libhal_bsp.a(alt_irq_vars.o)
                0x00013fdc                alt_priority_mask
 .sdata         0x00013fe0        0x8 ../DE2_115_NIOS_HOST_MOUSE_VGA_bsp/\libhal_bsp.a(alt_tick.o)
                0x00013fe0                alt_alarm_list
 .sdata         0x00013fe8        0x4 c:/altera/11.1/nios2eds/bin/gnu/h-i686-mingw32/bin/../lib/gcc/nios2-elf/4.1.2/../../../../nios2-elf/lib\libc.a(lib_a-ctype_.o)
                0x00013fe8                __ctype_ptr
 *(.sdata2 .sdata2.* .gnu.linkonce.s2.*)
                0x00013fec                . = ALIGN (0x4)
                0x00013fec                _edata = ABSOLUTE (.)
                0x00013fec                PROVIDE (edata, ABSOLUTE (.))
                0x00013fec                PROVIDE (__ram_rwdata_end, ABSOLUTE (.))
                0x00013fec                PROVIDE (__flash_rwdata_start, LOADADDR (.rwdata))

.bss            0x00015b80      0x2f0
                0x00015b80                __bss_start = ABSOLUTE (.)
                0x00015b80                PROVIDE (__sbss_start, ABSOLUTE (.))
                0x00015b80                PROVIDE (___sbss_start, ABSOLUTE (.))
 *(.dynsbss)
 *(.sbss .sbss.* .gnu.linkonce.sb.*)
 .sbss          0x00015b80        0x4 obj/default/DE2_115_NIOS_HOST_MOUSE_VGA.o
 .sbss          0x00015b84        0xc c:/altera/11.1/nios2eds/bin/gnu/h-i686-mingw32/bin/../lib/gcc/nios2-elf/4.1.2/../../../../nios2-elf/lib\libc.a(lib_a-locale.o)
                0x00015b84                __nlocale_changed
                0x00015b88                __mlocale_changed
                0x00015b8c                _PathLocale
 .sbss          0x00015b90        0xc c:/altera/11.1/nios2eds/bin/gnu/h-i686-mingw32/bin/../lib/gcc/nios2-elf/4.1.2/../../../../nios2-elf/lib\libc.a(lib_a-mallocr.o)
                0x00015b90                __malloc_top_pad
                0x00015b94                __malloc_max_sbrked_mem
                0x00015b98                __malloc_max_total_mem
 .sbss          0x00015b9c        0x4 c:/altera/11.1/nios2eds/bin/gnu/h-i686-mingw32/bin/../lib/gcc/nios2-elf/4.1.2/../../../../nios2-elf/lib\libc.a(lib_a-int_errno.o)
                0x00015b9c                errno
 .sbss          0x00015ba0        0xc ../DE2_115_NIOS_HOST_MOUSE_VGA_bsp/\libhal_bsp.a(alt_main.o)
                0x00015ba0                alt_argc
                0x00015ba4                alt_argv
                0x00015ba8                alt_envp
 .sbss          0x00015bac        0x4 ../DE2_115_NIOS_HOST_MOUSE_VGA_bsp/\libhal_bsp.a(alt_irq_vars.o)
                0x00015bac                alt_irq_active
 .sbss          0x00015bb0        0x8 ../DE2_115_NIOS_HOST_MOUSE_VGA_bsp/\libhal_bsp.a(alt_tick.o)
                0x00015bb0                _alt_tick_rate
                0x00015bb4                _alt_nticks
 *(.sbss2 .sbss2.* .gnu.linkonce.sb2.*)
 *(.scommon)
                0x00015bb8                PROVIDE (__sbss_end, ABSOLUTE (.))
                0x00015bb8                PROVIDE (___sbss_end, ABSOLUTE (.))
 *(.dynbss)
 *(.bss .bss.* .gnu.linkonce.b.*)
 .bss           0x00015bb8        0x0 ../DE2_115_NIOS_HOST_MOUSE_VGA_bsp//obj/HAL/src/crt0.o
 .bss           0x00015bb8        0x0 obj/default/DE2_115_NIOS_HOST_MOUSE_VGA.o
 .bss           0x00015bb8        0x0 obj/default/LCD.o
 .bss           0x00015bb8        0x0 obj/default/SEG7.o
 .bss           0x00015bb8        0x0 obj/default/VGA.o
 .bss           0x00015bb8        0x0 c:/altera/11.1/nios2eds/bin/gnu/h-i686-mingw32/bin/../lib/gcc/nios2-elf/4.1.2\libgcc.a(lib2-divmod.o)
 .bss           0x00015bb8        0x0 c:/altera/11.1/nios2eds/bin/gnu/h-i686-mingw32/bin/../lib/gcc/nios2-elf/4.1.2/../../../../nios2-elf/lib\libc.a(lib_a-printf.o)
 .bss           0x00015bb8        0x0 c:/altera/11.1/nios2eds/bin/gnu/h-i686-mingw32/bin/../lib/gcc/nios2-elf/4.1.2/../../../../nios2-elf/lib\libc.a(lib_a-puts.o)
 .bss           0x00015bb8        0x0 c:/altera/11.1/nios2eds/bin/gnu/h-i686-mingw32/bin/../lib/gcc/nios2-elf/4.1.2/../../../../nios2-elf/lib\libc.a(lib_a-strlen.o)
 .bss           0x00015bb8        0x0 c:/altera/11.1/nios2eds/bin/gnu/h-i686-mingw32/bin/../lib/gcc/nios2-elf/4.1.2/../../../../nios2-elf/lib\libc.a(lib_a-vfprintf.o)
 .bss           0x00015bb8        0x0 c:/altera/11.1/nios2eds/bin/gnu/h-i686-mingw32/bin/../lib/gcc/nios2-elf/4.1.2/../../../../nios2-elf/lib\libc.a(lib_a-wsetup.o)
 .bss           0x00015bb8        0x0 c:/altera/11.1/nios2eds/bin/gnu/h-i686-mingw32/bin/../lib/gcc/nios2-elf/4.1.2/../../../../nios2-elf/lib\libc.a(lib_a-dtoa.o)
 .bss           0x00015bb8        0x0 c:/altera/11.1/nios2eds/bin/gnu/h-i686-mingw32/bin/../lib/gcc/nios2-elf/4.1.2/../../../../nios2-elf/lib\libc.a(lib_a-fflush.o)
 .bss           0x00015bb8        0x0 c:/altera/11.1/nios2eds/bin/gnu/h-i686-mingw32/bin/../lib/gcc/nios2-elf/4.1.2/../../../../nios2-elf/lib\libc.a(lib_a-findfp.o)
 .bss           0x00015bb8        0x0 c:/altera/11.1/nios2eds/bin/gnu/h-i686-mingw32/bin/../lib/gcc/nios2-elf/4.1.2/../../../../nios2-elf/lib\libc.a(lib_a-freer.o)
 .bss           0x00015bb8        0x0 c:/altera/11.1/nios2eds/bin/gnu/h-i686-mingw32/bin/../lib/gcc/nios2-elf/4.1.2/../../../../nios2-elf/lib\libc.a(lib_a-fvwrite.o)
 .bss           0x00015bb8        0x0 c:/altera/11.1/nios2eds/bin/gnu/h-i686-mingw32/bin/../lib/gcc/nios2-elf/4.1.2/../../../../nios2-elf/lib\libc.a(lib_a-fwalk.o)
 .bss           0x00015bb8        0x0 c:/altera/11.1/nios2eds/bin/gnu/h-i686-mingw32/bin/../lib/gcc/nios2-elf/4.1.2/../../../../nios2-elf/lib\libc.a(lib_a-impure.o)
 .bss           0x00015bb8        0x0 c:/altera/11.1/nios2eds/bin/gnu/h-i686-mingw32/bin/../lib/gcc/nios2-elf/4.1.2/../../../../nios2-elf/lib\libc.a(lib_a-locale.o)
 .bss           0x00015bb8        0x0 c:/altera/11.1/nios2eds/bin/gnu/h-i686-mingw32/bin/../lib/gcc/nios2-elf/4.1.2/../../../../nios2-elf/lib\libc.a(lib_a-makebuf.o)
 .bss           0x00015bb8       0x28 c:/altera/11.1/nios2eds/bin/gnu/h-i686-mingw32/bin/../lib/gcc/nios2-elf/4.1.2/../../../../nios2-elf/lib\libc.a(lib_a-mallocr.o)
                0x00015bb8                __malloc_current_mallinfo
 .bss           0x00015be0        0x0 c:/altera/11.1/nios2eds/bin/gnu/h-i686-mingw32/bin/../lib/gcc/nios2-elf/4.1.2/../../../../nios2-elf/lib\libc.a(lib_a-memchr.o)
 .bss           0x00015be0        0x0 c:/altera/11.1/nios2eds/bin/gnu/h-i686-mingw32/bin/../lib/gcc/nios2-elf/4.1.2/../../../../nios2-elf/lib\libc.a(lib_a-memcpy.o)
 .bss           0x00015be0        0x0 c:/altera/11.1/nios2eds/bin/gnu/h-i686-mingw32/bin/../lib/gcc/nios2-elf/4.1.2/../../../../nios2-elf/lib\libc.a(lib_a-memmove.o)
 .bss           0x00015be0        0x0 c:/altera/11.1/nios2eds/bin/gnu/h-i686-mingw32/bin/../lib/gcc/nios2-elf/4.1.2/../../../../nios2-elf/lib\libc.a(lib_a-memset.o)
 .bss           0x00015be0        0x0 c:/altera/11.1/nios2eds/bin/gnu/h-i686-mingw32/bin/../lib/gcc/nios2-elf/4.1.2/../../../../nios2-elf/lib\libc.a(lib_a-mprec.o)
 .bss           0x00015be0        0x0 c:/altera/11.1/nios2eds/bin/gnu/h-i686-mingw32/bin/../lib/gcc/nios2-elf/4.1.2/../../../../nios2-elf/lib\libc.a(lib_a-reallocr.o)
 .bss           0x00015be0        0x0 c:/altera/11.1/nios2eds/bin/gnu/h-i686-mingw32/bin/../lib/gcc/nios2-elf/4.1.2/../../../../nios2-elf/lib\libc.a(lib_a-s_isinfd.o)
 .bss           0x00015be0        0x0 c:/altera/11.1/nios2eds/bin/gnu/h-i686-mingw32/bin/../lib/gcc/nios2-elf/4.1.2/../../../../nios2-elf/lib\libc.a(lib_a-s_isnand.o)
 .bss           0x00015be0        0x0 c:/altera/11.1/nios2eds/bin/gnu/h-i686-mingw32/bin/../lib/gcc/nios2-elf/4.1.2/../../../../nios2-elf/lib\libc.a(lib_a-sbrkr.o)
 .bss           0x00015be0        0x0 c:/altera/11.1/nios2eds/bin/gnu/h-i686-mingw32/bin/../lib/gcc/nios2-elf/4.1.2/../../../../nios2-elf/lib\libc.a(lib_a-stdio.o)
 .bss           0x00015be0        0x0 c:/altera/11.1/nios2eds/bin/gnu/h-i686-mingw32/bin/../lib/gcc/nios2-elf/4.1.2/../../../../nios2-elf/lib\libc.a(lib_a-strcmp.o)
 .bss           0x00015be0        0x0 c:/altera/11.1/nios2eds/bin/gnu/h-i686-mingw32/bin/../lib/gcc/nios2-elf/4.1.2/../../../../nios2-elf/lib\libc.a(lib_a-writer.o)
 .bss           0x00015be0        0x0 c:/altera/11.1/nios2eds/bin/gnu/h-i686-mingw32/bin/../lib/gcc/nios2-elf/4.1.2/../../../../nios2-elf/lib\libc.a(lib_a-callocr.o)
 .bss           0x00015be0        0x0 c:/altera/11.1/nios2eds/bin/gnu/h-i686-mingw32/bin/../lib/gcc/nios2-elf/4.1.2/../../../../nios2-elf/lib\libc.a(lib_a-closer.o)
 .bss           0x00015be0        0x0 c:/altera/11.1/nios2eds/bin/gnu/h-i686-mingw32/bin/../lib/gcc/nios2-elf/4.1.2/../../../../nios2-elf/lib\libc.a(lib_a-fclose.o)
 .bss           0x00015be0        0x0 c:/altera/11.1/nios2eds/bin/gnu/h-i686-mingw32/bin/../lib/gcc/nios2-elf/4.1.2/../../../../nios2-elf/lib\libc.a(lib_a-fstatr.o)
 .bss           0x00015be0        0x0 c:/altera/11.1/nios2eds/bin/gnu/h-i686-mingw32/bin/../lib/gcc/nios2-elf/4.1.2/../../../../nios2-elf/lib\libc.a(lib_a-int_errno.o)
 .bss           0x00015be0        0x0 c:/altera/11.1/nios2eds/bin/gnu/h-i686-mingw32/bin/../lib/gcc/nios2-elf/4.1.2/../../../../nios2-elf/lib\libc.a(lib_a-isattyr.o)
 .bss           0x00015be0        0x0 c:/altera/11.1/nios2eds/bin/gnu/h-i686-mingw32/bin/../lib/gcc/nios2-elf/4.1.2/../../../../nios2-elf/lib\libc.a(lib_a-lseekr.o)
 .bss           0x00015be0        0x0 c:/altera/11.1/nios2eds/bin/gnu/h-i686-mingw32/bin/../lib/gcc/nios2-elf/4.1.2/../../../../nios2-elf/lib\libc.a(lib_a-readr.o)
 .bss           0x00015be0        0x0 c:/altera/11.1/nios2eds/bin/gnu/h-i686-mingw32/bin/../lib/gcc/nios2-elf/4.1.2\libgcc.a(_udivdi3.o)
 .bss           0x00015be0        0x0 c:/altera/11.1/nios2eds/bin/gnu/h-i686-mingw32/bin/../lib/gcc/nios2-elf/4.1.2\libgcc.a(_umoddi3.o)
 .bss           0x00015be0        0x0 c:/altera/11.1/nios2eds/bin/gnu/h-i686-mingw32/bin/../lib/gcc/nios2-elf/4.1.2\libgcc.a(_addsub_df.o)
 .bss           0x00015be0        0x0 c:/altera/11.1/nios2eds/bin/gnu/h-i686-mingw32/bin/../lib/gcc/nios2-elf/4.1.2\libgcc.a(_mul_df.o)
 .bss           0x00015be0        0x0 c:/altera/11.1/nios2eds/bin/gnu/h-i686-mingw32/bin/../lib/gcc/nios2-elf/4.1.2\libgcc.a(_div_df.o)
 .bss           0x00015be0        0x0 c:/altera/11.1/nios2eds/bin/gnu/h-i686-mingw32/bin/../lib/gcc/nios2-elf/4.1.2\libgcc.a(_eq_df.o)
 .bss           0x00015be0        0x0 c:/altera/11.1/nios2eds/bin/gnu/h-i686-mingw32/bin/../lib/gcc/nios2-elf/4.1.2\libgcc.a(_ne_df.o)
 .bss           0x00015be0        0x0 c:/altera/11.1/nios2eds/bin/gnu/h-i686-mingw32/bin/../lib/gcc/nios2-elf/4.1.2\libgcc.a(_gt_df.o)
 .bss           0x00015be0        0x0 c:/altera/11.1/nios2eds/bin/gnu/h-i686-mingw32/bin/../lib/gcc/nios2-elf/4.1.2\libgcc.a(_ge_df.o)
 .bss           0x00015be0        0x0 c:/altera/11.1/nios2eds/bin/gnu/h-i686-mingw32/bin/../lib/gcc/nios2-elf/4.1.2\libgcc.a(_lt_df.o)
 .bss           0x00015be0        0x0 c:/altera/11.1/nios2eds/bin/gnu/h-i686-mingw32/bin/../lib/gcc/nios2-elf/4.1.2\libgcc.a(_si_to_df.o)
 .bss           0x00015be0        0x0 c:/altera/11.1/nios2eds/bin/gnu/h-i686-mingw32/bin/../lib/gcc/nios2-elf/4.1.2\libgcc.a(_df_to_si.o)
 .bss           0x00015be0        0x0 c:/altera/11.1/nios2eds/bin/gnu/h-i686-mingw32/bin/../lib/gcc/nios2-elf/4.1.2\libgcc.a(_thenan_df.o)
 .bss           0x00015be0        0x0 c:/altera/11.1/nios2eds/bin/gnu/h-i686-mingw32/bin/../lib/gcc/nios2-elf/4.1.2\libgcc.a(_usi_to_df.o)
 .bss           0x00015be0        0x0 c:/altera/11.1/nios2eds/bin/gnu/h-i686-mingw32/bin/../lib/gcc/nios2-elf/4.1.2\libgcc.a(_muldi3.o)
 .bss           0x00015be0        0x0 c:/altera/11.1/nios2eds/bin/gnu/h-i686-mingw32/bin/../lib/gcc/nios2-elf/4.1.2\libgcc.a(_clz.o)
 .bss           0x00015be0        0x0 c:/altera/11.1/nios2eds/bin/gnu/h-i686-mingw32/bin/../lib/gcc/nios2-elf/4.1.2\libgcc.a(_clzsi2.o)
 .bss           0x00015be0        0x0 c:/altera/11.1/nios2eds/bin/gnu/h-i686-mingw32/bin/../lib/gcc/nios2-elf/4.1.2\libgcc.a(_pack_df.o)
 .bss           0x00015be0        0x0 c:/altera/11.1/nios2eds/bin/gnu/h-i686-mingw32/bin/../lib/gcc/nios2-elf/4.1.2\libgcc.a(_unpack_df.o)
 .bss           0x00015be0        0x0 c:/altera/11.1/nios2eds/bin/gnu/h-i686-mingw32/bin/../lib/gcc/nios2-elf/4.1.2\libgcc.a(_fpcmp_parts_df.o)
 .bss           0x00015be0        0x0 ../DE2_115_NIOS_HOST_MOUSE_VGA_bsp/\libhal_bsp.a(alt_close.o)
 .bss           0x00015be0        0x0 ../DE2_115_NIOS_HOST_MOUSE_VGA_bsp/\libhal_bsp.a(alt_dev.o)
 .bss           0x00015be0        0x0 ../DE2_115_NIOS_HOST_MOUSE_VGA_bsp/\libhal_bsp.a(alt_errno.o)
 .bss           0x00015be0        0x0 ../DE2_115_NIOS_HOST_MOUSE_VGA_bsp/\libhal_bsp.a(alt_fstat.o)
 .bss           0x00015be0        0x0 ../DE2_115_NIOS_HOST_MOUSE_VGA_bsp/\libhal_bsp.a(alt_isatty.o)
 .bss           0x00015be0        0x0 ../DE2_115_NIOS_HOST_MOUSE_VGA_bsp/\libhal_bsp.a(alt_load.o)
 .bss           0x00015be0        0x0 ../DE2_115_NIOS_HOST_MOUSE_VGA_bsp/\libhal_bsp.a(alt_lseek.o)
 .bss           0x00015be0        0x0 ../DE2_115_NIOS_HOST_MOUSE_VGA_bsp/\libhal_bsp.a(alt_main.o)
 .bss           0x00015be0        0x0 ../DE2_115_NIOS_HOST_MOUSE_VGA_bsp/\libhal_bsp.a(alt_malloc_lock.o)
 .bss           0x00015be0        0x0 ../DE2_115_NIOS_HOST_MOUSE_VGA_bsp/\libhal_bsp.a(alt_read.o)
 .bss           0x00015be0        0x0 ../DE2_115_NIOS_HOST_MOUSE_VGA_bsp/\libhal_bsp.a(alt_release_fd.o)
 .bss           0x00015be0        0x0 ../DE2_115_NIOS_HOST_MOUSE_VGA_bsp/\libhal_bsp.a(alt_sbrk.o)
 .bss           0x00015be0        0x0 ../DE2_115_NIOS_HOST_MOUSE_VGA_bsp/\libhal_bsp.a(alt_usleep.o)
 .bss           0x00015be0        0x0 ../DE2_115_NIOS_HOST_MOUSE_VGA_bsp/\libhal_bsp.a(alt_write.o)
 .bss           0x00015be0        0x0 ../DE2_115_NIOS_HOST_MOUSE_VGA_bsp/\libhal_bsp.a(alt_sys_init.o)
 .bss           0x00015be0        0x0 ../DE2_115_NIOS_HOST_MOUSE_VGA_bsp/\libhal_bsp.a(altera_avalon_jtag_uart_fd.o)
 .bss           0x00015be0        0x0 ../DE2_115_NIOS_HOST_MOUSE_VGA_bsp/\libhal_bsp.a(altera_avalon_jtag_uart_init.o)
 .bss           0x00015be0        0x0 ../DE2_115_NIOS_HOST_MOUSE_VGA_bsp/\libhal_bsp.a(altera_avalon_jtag_uart_ioctl.o)
 .bss           0x00015be0        0x0 ../DE2_115_NIOS_HOST_MOUSE_VGA_bsp/\libhal_bsp.a(altera_avalon_jtag_uart_read.o)
 .bss           0x00015be0        0x0 ../DE2_115_NIOS_HOST_MOUSE_VGA_bsp/\libhal_bsp.a(altera_avalon_jtag_uart_write.o)
 .bss           0x00015be0        0x0 ../DE2_115_NIOS_HOST_MOUSE_VGA_bsp/\libhal_bsp.a(altera_avalon_lcd_16207.o)
 .bss           0x00015be0        0x0 ../DE2_115_NIOS_HOST_MOUSE_VGA_bsp/\libhal_bsp.a(altera_avalon_lcd_16207_fd.o)
 .bss           0x00015be0        0x0 ../DE2_115_NIOS_HOST_MOUSE_VGA_bsp/\libhal_bsp.a(altera_avalon_timer_sc.o)
 .bss           0x00015be0        0x0 ../DE2_115_NIOS_HOST_MOUSE_VGA_bsp/\libhal_bsp.a(alt_alarm_start.o)
 .bss           0x00015be0        0x0 ../DE2_115_NIOS_HOST_MOUSE_VGA_bsp/\libhal_bsp.a(alt_busy_sleep.o)
 .bss           0x00015be0        0x0 ../DE2_115_NIOS_HOST_MOUSE_VGA_bsp/\libhal_bsp.a(alt_dcache_flush_all.o)
 .bss           0x00015be0        0x0 ../DE2_115_NIOS_HOST_MOUSE_VGA_bsp/\libhal_bsp.a(alt_dev_llist_insert.o)
 .bss           0x00015be0        0x0 ../DE2_115_NIOS_HOST_MOUSE_VGA_bsp/\libhal_bsp.a(alt_do_ctors.o)
 .bss           0x00015be0        0x0 ../DE2_115_NIOS_HOST_MOUSE_VGA_bsp/\libhal_bsp.a(alt_do_dtors.o)
 .bss           0x00015be0        0x0 ../DE2_115_NIOS_HOST_MOUSE_VGA_bsp/\libhal_bsp.a(alt_icache_flush_all.o)
 .bss           0x00015be0        0x0 ../DE2_115_NIOS_HOST_MOUSE_VGA_bsp/\libhal_bsp.a(alt_iic.o)
 .bss           0x00015be0        0x0 ../DE2_115_NIOS_HOST_MOUSE_VGA_bsp/\libhal_bsp.a(alt_iic_isr_register.o)
 .bss           0x00015be0        0x0 ../DE2_115_NIOS_HOST_MOUSE_VGA_bsp/\libhal_bsp.a(alt_io_redirect.o)
 .bss           0x00015be0        0x0 ../DE2_115_NIOS_HOST_MOUSE_VGA_bsp/\libhal_bsp.a(alt_irq_entry.o)
 .bss           0x00015be0        0x0 ../DE2_115_NIOS_HOST_MOUSE_VGA_bsp/\libhal_bsp.a(alt_irq_handler.o)
 .bss           0x00015be0        0x0 ../DE2_115_NIOS_HOST_MOUSE_VGA_bsp/\libhal_bsp.a(alt_irq_vars.o)
 .bss           0x00015be0        0x0 ../DE2_115_NIOS_HOST_MOUSE_VGA_bsp/\libhal_bsp.a(alt_open.o)
 .bss           0x00015be0        0x0 ../DE2_115_NIOS_HOST_MOUSE_VGA_bsp/\libhal_bsp.a(alt_tick.o)
 .bss           0x00015be0        0x0 ../DE2_115_NIOS_HOST_MOUSE_VGA_bsp/\libhal_bsp.a(altera_nios2_qsys_irq.o)
 .bss           0x00015be0        0x0 ../DE2_115_NIOS_HOST_MOUSE_VGA_bsp/\libhal_bsp.a(alt_exception_entry.o)
 .bss           0x00015be0        0x0 ../DE2_115_NIOS_HOST_MOUSE_VGA_bsp/\libhal_bsp.a(alt_find_dev.o)
 .bss           0x00015be0        0x0 ../DE2_115_NIOS_HOST_MOUSE_VGA_bsp/\libhal_bsp.a(alt_find_file.o)
 .bss           0x00015be0        0x0 ../DE2_115_NIOS_HOST_MOUSE_VGA_bsp/\libhal_bsp.a(alt_get_fd.o)
 .bss           0x00015be0        0x0 ../DE2_115_NIOS_HOST_MOUSE_VGA_bsp/\libhal_bsp.a(alt_icache_flush.o)
 .bss           0x00015be0        0x0 c:/altera/11.1/nios2eds/bin/gnu/h-i686-mingw32/bin/../lib/gcc/nios2-elf/4.1.2/../../../../nios2-elf/lib\libc.a(lib_a-atexit.o)
 .bss           0x00015be0        0x0 c:/altera/11.1/nios2eds/bin/gnu/h-i686-mingw32/bin/../lib/gcc/nios2-elf/4.1.2/../../../../nios2-elf/lib\libc.a(lib_a-ctype_.o)
 .bss           0x00015be0        0x0 c:/altera/11.1/nios2eds/bin/gnu/h-i686-mingw32/bin/../lib/gcc/nios2-elf/4.1.2/../../../../nios2-elf/lib\libc.a(lib_a-exit.o)
 .bss           0x00015be0        0x0 c:/altera/11.1/nios2eds/bin/gnu/h-i686-mingw32/bin/../lib/gcc/nios2-elf/4.1.2/../../../../nios2-elf/lib\libc.a(lib_a-memcmp.o)
 .bss           0x00015be0        0x0 c:/altera/11.1/nios2eds/bin/gnu/h-i686-mingw32/bin/../lib/gcc/nios2-elf/4.1.2/../../../../nios2-elf/lib\libc.a(lib_a-__atexit.o)
 .bss           0x00015be0        0x0 c:/altera/11.1/nios2eds/bin/gnu/h-i686-mingw32/bin/../lib/gcc/nios2-elf/4.1.2/../../../../nios2-elf/lib\libc.a(lib_a-__call_atexit.o)
 .bss           0x00015be0        0x0 ../DE2_115_NIOS_HOST_MOUSE_VGA_bsp/\libhal_bsp.a(alt_exit.o)
 *(COMMON)
 COMMON         0x00015be0      0x100 ../DE2_115_NIOS_HOST_MOUSE_VGA_bsp/\libhal_bsp.a(alt_irq_handler.o)
                0x00015be0                alt_irq
 COMMON         0x00015ce0      0x190 c:/altera/11.1/nios2eds/bin/gnu/h-i686-mingw32/bin/../lib/gcc/nios2-elf/4.1.2/../../../../nios2-elf/lib\libc.a(lib_a-atexit.o)
                0x00015ce0                _atexit0
                0x00015e70                . = ALIGN (0x4)
                0x00015e70                __bss_end = ABSOLUTE (.)

.sdram          0x00015e70        0x0
                0x00015e70                PROVIDE (_alt_partition_sdram_start, ABSOLUTE (.))
 *(.sdram. sdram.*)
                0x00015e70                . = ALIGN (0x4)
                0x00015e70                PROVIDE (_alt_partition_sdram_end, ABSOLUTE (.))
                0x00015e70                _end = ABSOLUTE (.)
                0x00015e70                end = ABSOLUTE (.)
                0x00015e70                __alt_stack_base = ABSOLUTE (.)
                0x00015e70                PROVIDE (_alt_partition_sdram_load_addr, LOADADDR (.sdram))

.sram           0x08200000        0x0 load address 0x00015e70
                0x08200000                PROVIDE (_alt_partition_sram_start, ABSOLUTE (.))
 *(.sram. sram.*)
                0x08200000                . = ALIGN (0x4)
                0x08200000                PROVIDE (_alt_partition_sram_end, ABSOLUTE (.))
                0x00015e70                PROVIDE (_alt_partition_sram_load_addr, LOADADDR (.sram))

.stab
 *(.stab)

.stabstr
 *(.stabstr)

.stab.excl
 *(.stab.excl)

.stab.exclstr
 *(.stab.exclstr)

.stab.index
 *(.stab.index)

.stab.indexstr
 *(.stab.indexstr)

.comment        0x00000000       0x26
 *(.comment)
 .comment       0x00000000       0x26 obj/default/DE2_115_NIOS_HOST_MOUSE_VGA.o
                                 0x27 (size before relaxing)
 .comment       0x00000000       0x27 obj/default/LCD.o
 .comment       0x00000000       0x27 obj/default/SEG7.o
 .comment       0x00000000       0x27 obj/default/VGA.o
 .comment       0x00000000       0x27 c:/altera/11.1/nios2eds/bin/gnu/h-i686-mingw32/bin/../lib/gcc/nios2-elf/4.1.2\libgcc.a(lib2-divmod.o)
 .comment       0x00000000       0x27 c:/altera/11.1/nios2eds/bin/gnu/h-i686-mingw32/bin/../lib/gcc/nios2-elf/4.1.2/../../../../nios2-elf/lib\libc.a(lib_a-printf.o)
 .comment       0x00000000       0x27 c:/altera/11.1/nios2eds/bin/gnu/h-i686-mingw32/bin/../lib/gcc/nios2-elf/4.1.2/../../../../nios2-elf/lib\libc.a(lib_a-puts.o)
 .comment       0x00000000       0x27 c:/altera/11.1/nios2eds/bin/gnu/h-i686-mingw32/bin/../lib/gcc/nios2-elf/4.1.2/../../../../nios2-elf/lib\libc.a(lib_a-strlen.o)
 .comment       0x00000000       0x27 c:/altera/11.1/nios2eds/bin/gnu/h-i686-mingw32/bin/../lib/gcc/nios2-elf/4.1.2/../../../../nios2-elf/lib\libc.a(lib_a-vfprintf.o)
 .comment       0x00000000       0x27 c:/altera/11.1/nios2eds/bin/gnu/h-i686-mingw32/bin/../lib/gcc/nios2-elf/4.1.2/../../../../nios2-elf/lib\libc.a(lib_a-wsetup.o)
 .comment       0x00000000       0x27 c:/altera/11.1/nios2eds/bin/gnu/h-i686-mingw32/bin/../lib/gcc/nios2-elf/4.1.2/../../../../nios2-elf/lib\libc.a(lib_a-dtoa.o)
 .comment       0x00000000       0x27 c:/altera/11.1/nios2eds/bin/gnu/h-i686-mingw32/bin/../lib/gcc/nios2-elf/4.1.2/../../../../nios2-elf/lib\libc.a(lib_a-fflush.o)
 .comment       0x00000000       0x27 c:/altera/11.1/nios2eds/bin/gnu/h-i686-mingw32/bin/../lib/gcc/nios2-elf/4.1.2/../../../../nios2-elf/lib\libc.a(lib_a-findfp.o)
 .comment       0x00000000       0x27 c:/altera/11.1/nios2eds/bin/gnu/h-i686-mingw32/bin/../lib/gcc/nios2-elf/4.1.2/../../../../nios2-elf/lib\libc.a(lib_a-freer.o)
 .comment       0x00000000       0x27 c:/altera/11.1/nios2eds/bin/gnu/h-i686-mingw32/bin/../lib/gcc/nios2-elf/4.1.2/../../../../nios2-elf/lib\libc.a(lib_a-fvwrite.o)
 .comment       0x00000000       0x27 c:/altera/11.1/nios2eds/bin/gnu/h-i686-mingw32/bin/../lib/gcc/nios2-elf/4.1.2/../../../../nios2-elf/lib\libc.a(lib_a-fwalk.o)
 .comment       0x00000000       0x27 c:/altera/11.1/nios2eds/bin/gnu/h-i686-mingw32/bin/../lib/gcc/nios2-elf/4.1.2/../../../../nios2-elf/lib\libc.a(lib_a-impure.o)
 .comment       0x00000000       0x27 c:/altera/11.1/nios2eds/bin/gnu/h-i686-mingw32/bin/../lib/gcc/nios2-elf/4.1.2/../../../../nios2-elf/lib\libc.a(lib_a-locale.o)
 .comment       0x00000000       0x27 c:/altera/11.1/nios2eds/bin/gnu/h-i686-mingw32/bin/../lib/gcc/nios2-elf/4.1.2/../../../../nios2-elf/lib\libc.a(lib_a-makebuf.o)
 .comment       0x00000000       0x27 c:/altera/11.1/nios2eds/bin/gnu/h-i686-mingw32/bin/../lib/gcc/nios2-elf/4.1.2/../../../../nios2-elf/lib\libc.a(lib_a-mallocr.o)
 .comment       0x00000000       0x27 c:/altera/11.1/nios2eds/bin/gnu/h-i686-mingw32/bin/../lib/gcc/nios2-elf/4.1.2/../../../../nios2-elf/lib\libc.a(lib_a-memchr.o)
 .comment       0x00000000       0x27 c:/altera/11.1/nios2eds/bin/gnu/h-i686-mingw32/bin/../lib/gcc/nios2-elf/4.1.2/../../../../nios2-elf/lib\libc.a(lib_a-memcpy.o)
 .comment       0x00000000       0x27 c:/altera/11.1/nios2eds/bin/gnu/h-i686-mingw32/bin/../lib/gcc/nios2-elf/4.1.2/../../../../nios2-elf/lib\libc.a(lib_a-memmove.o)
 .comment       0x00000000       0x27 c:/altera/11.1/nios2eds/bin/gnu/h-i686-mingw32/bin/../lib/gcc/nios2-elf/4.1.2/../../../../nios2-elf/lib\libc.a(lib_a-memset.o)
 .comment       0x00000000       0x27 c:/altera/11.1/nios2eds/bin/gnu/h-i686-mingw32/bin/../lib/gcc/nios2-elf/4.1.2/../../../../nios2-elf/lib\libc.a(lib_a-mprec.o)
 .comment       0x00000000       0x27 c:/altera/11.1/nios2eds/bin/gnu/h-i686-mingw32/bin/../lib/gcc/nios2-elf/4.1.2/../../../../nios2-elf/lib\libc.a(lib_a-reallocr.o)
 .comment       0x00000000       0x27 c:/altera/11.1/nios2eds/bin/gnu/h-i686-mingw32/bin/../lib/gcc/nios2-elf/4.1.2/../../../../nios2-elf/lib\libc.a(lib_a-s_isinfd.o)
 .comment       0x00000000       0x27 c:/altera/11.1/nios2eds/bin/gnu/h-i686-mingw32/bin/../lib/gcc/nios2-elf/4.1.2/../../../../nios2-elf/lib\libc.a(lib_a-s_isnand.o)
 .comment       0x00000000       0x27 c:/altera/11.1/nios2eds/bin/gnu/h-i686-mingw32/bin/../lib/gcc/nios2-elf/4.1.2/../../../../nios2-elf/lib\libc.a(lib_a-sbrkr.o)
 .comment       0x00000000       0x27 c:/altera/11.1/nios2eds/bin/gnu/h-i686-mingw32/bin/../lib/gcc/nios2-elf/4.1.2/../../../../nios2-elf/lib\libc.a(lib_a-stdio.o)
 .comment       0x00000000       0x27 c:/altera/11.1/nios2eds/bin/gnu/h-i686-mingw32/bin/../lib/gcc/nios2-elf/4.1.2/../../../../nios2-elf/lib\libc.a(lib_a-strcmp.o)
 .comment       0x00000000       0x27 c:/altera/11.1/nios2eds/bin/gnu/h-i686-mingw32/bin/../lib/gcc/nios2-elf/4.1.2/../../../../nios2-elf/lib\libc.a(lib_a-writer.o)
 .comment       0x00000000       0x27 c:/altera/11.1/nios2eds/bin/gnu/h-i686-mingw32/bin/../lib/gcc/nios2-elf/4.1.2/../../../../nios2-elf/lib\libc.a(lib_a-callocr.o)
 .comment       0x00000000       0x27 c:/altera/11.1/nios2eds/bin/gnu/h-i686-mingw32/bin/../lib/gcc/nios2-elf/4.1.2/../../../../nios2-elf/lib\libc.a(lib_a-closer.o)
 .comment       0x00000000       0x27 c:/altera/11.1/nios2eds/bin/gnu/h-i686-mingw32/bin/../lib/gcc/nios2-elf/4.1.2/../../../../nios2-elf/lib\libc.a(lib_a-fclose.o)
 .comment       0x00000000       0x27 c:/altera/11.1/nios2eds/bin/gnu/h-i686-mingw32/bin/../lib/gcc/nios2-elf/4.1.2/../../../../nios2-elf/lib\libc.a(lib_a-fstatr.o)
 .comment       0x00000000       0x27 c:/altera/11.1/nios2eds/bin/gnu/h-i686-mingw32/bin/../lib/gcc/nios2-elf/4.1.2/../../../../nios2-elf/lib\libc.a(lib_a-int_errno.o)
 .comment       0x00000000       0x27 c:/altera/11.1/nios2eds/bin/gnu/h-i686-mingw32/bin/../lib/gcc/nios2-elf/4.1.2/../../../../nios2-elf/lib\libc.a(lib_a-isattyr.o)
 .comment       0x00000000       0x27 c:/altera/11.1/nios2eds/bin/gnu/h-i686-mingw32/bin/../lib/gcc/nios2-elf/4.1.2/../../../../nios2-elf/lib\libc.a(lib_a-lseekr.o)
 .comment       0x00000000       0x27 c:/altera/11.1/nios2eds/bin/gnu/h-i686-mingw32/bin/../lib/gcc/nios2-elf/4.1.2/../../../../nios2-elf/lib\libc.a(lib_a-readr.o)
 .comment       0x00000000       0x27 c:/altera/11.1/nios2eds/bin/gnu/h-i686-mingw32/bin/../lib/gcc/nios2-elf/4.1.2\libgcc.a(_udivdi3.o)
 .comment       0x00000000       0x27 c:/altera/11.1/nios2eds/bin/gnu/h-i686-mingw32/bin/../lib/gcc/nios2-elf/4.1.2\libgcc.a(_umoddi3.o)
 .comment       0x00000000       0x27 c:/altera/11.1/nios2eds/bin/gnu/h-i686-mingw32/bin/../lib/gcc/nios2-elf/4.1.2\libgcc.a(_addsub_df.o)
 .comment       0x00000000       0x27 c:/altera/11.1/nios2eds/bin/gnu/h-i686-mingw32/bin/../lib/gcc/nios2-elf/4.1.2\libgcc.a(_mul_df.o)
 .comment       0x00000000       0x27 c:/altera/11.1/nios2eds/bin/gnu/h-i686-mingw32/bin/../lib/gcc/nios2-elf/4.1.2\libgcc.a(_div_df.o)
 .comment       0x00000000       0x27 c:/altera/11.1/nios2eds/bin/gnu/h-i686-mingw32/bin/../lib/gcc/nios2-elf/4.1.2\libgcc.a(_eq_df.o)
 .comment       0x00000000       0x27 c:/altera/11.1/nios2eds/bin/gnu/h-i686-mingw32/bin/../lib/gcc/nios2-elf/4.1.2\libgcc.a(_ne_df.o)
 .comment       0x00000000       0x27 c:/altera/11.1/nios2eds/bin/gnu/h-i686-mingw32/bin/../lib/gcc/nios2-elf/4.1.2\libgcc.a(_gt_df.o)
 .comment       0x00000000       0x27 c:/altera/11.1/nios2eds/bin/gnu/h-i686-mingw32/bin/../lib/gcc/nios2-elf/4.1.2\libgcc.a(_ge_df.o)
 .comment       0x00000000       0x27 c:/altera/11.1/nios2eds/bin/gnu/h-i686-mingw32/bin/../lib/gcc/nios2-elf/4.1.2\libgcc.a(_lt_df.o)
 .comment       0x00000000       0x27 c:/altera/11.1/nios2eds/bin/gnu/h-i686-mingw32/bin/../lib/gcc/nios2-elf/4.1.2\libgcc.a(_si_to_df.o)
 .comment       0x00000000       0x27 c:/altera/11.1/nios2eds/bin/gnu/h-i686-mingw32/bin/../lib/gcc/nios2-elf/4.1.2\libgcc.a(_df_to_si.o)
 .comment       0x00000000       0x27 c:/altera/11.1/nios2eds/bin/gnu/h-i686-mingw32/bin/../lib/gcc/nios2-elf/4.1.2\libgcc.a(_thenan_df.o)
 .comment       0x00000000       0x27 c:/altera/11.1/nios2eds/bin/gnu/h-i686-mingw32/bin/../lib/gcc/nios2-elf/4.1.2\libgcc.a(_usi_to_df.o)
 .comment       0x00000000       0x27 c:/altera/11.1/nios2eds/bin/gnu/h-i686-mingw32/bin/../lib/gcc/nios2-elf/4.1.2\libgcc.a(_muldi3.o)
 .comment       0x00000000       0x27 c:/altera/11.1/nios2eds/bin/gnu/h-i686-mingw32/bin/../lib/gcc/nios2-elf/4.1.2\libgcc.a(_clz.o)
 .comment       0x00000000       0x27 c:/altera/11.1/nios2eds/bin/gnu/h-i686-mingw32/bin/../lib/gcc/nios2-elf/4.1.2\libgcc.a(_clzsi2.o)
 .comment       0x00000000       0x27 c:/altera/11.1/nios2eds/bin/gnu/h-i686-mingw32/bin/../lib/gcc/nios2-elf/4.1.2\libgcc.a(_pack_df.o)
 .comment       0x00000000       0x27 c:/altera/11.1/nios2eds/bin/gnu/h-i686-mingw32/bin/../lib/gcc/nios2-elf/4.1.2\libgcc.a(_unpack_df.o)
 .comment       0x00000000       0x27 c:/altera/11.1/nios2eds/bin/gnu/h-i686-mingw32/bin/../lib/gcc/nios2-elf/4.1.2\libgcc.a(_fpcmp_parts_df.o)
 .comment       0x00000000       0x27 ../DE2_115_NIOS_HOST_MOUSE_VGA_bsp/\libhal_bsp.a(alt_close.o)
 .comment       0x00000000       0x27 ../DE2_115_NIOS_HOST_MOUSE_VGA_bsp/\libhal_bsp.a(alt_dev.o)
 .comment       0x00000000       0x27 ../DE2_115_NIOS_HOST_MOUSE_VGA_bsp/\libhal_bsp.a(alt_errno.o)
 .comment       0x00000000       0x27 ../DE2_115_NIOS_HOST_MOUSE_VGA_bsp/\libhal_bsp.a(alt_fstat.o)
 .comment       0x00000000       0x27 ../DE2_115_NIOS_HOST_MOUSE_VGA_bsp/\libhal_bsp.a(alt_isatty.o)
 .comment       0x00000000       0x27 ../DE2_115_NIOS_HOST_MOUSE_VGA_bsp/\libhal_bsp.a(alt_load.o)
 .comment       0x00000000       0x27 ../DE2_115_NIOS_HOST_MOUSE_VGA_bsp/\libhal_bsp.a(alt_lseek.o)
 .comment       0x00000000       0x27 ../DE2_115_NIOS_HOST_MOUSE_VGA_bsp/\libhal_bsp.a(alt_main.o)
 .comment       0x00000000       0x27 ../DE2_115_NIOS_HOST_MOUSE_VGA_bsp/\libhal_bsp.a(alt_malloc_lock.o)
 .comment       0x00000000       0x27 ../DE2_115_NIOS_HOST_MOUSE_VGA_bsp/\libhal_bsp.a(alt_read.o)
 .comment       0x00000000       0x27 ../DE2_115_NIOS_HOST_MOUSE_VGA_bsp/\libhal_bsp.a(alt_release_fd.o)
 .comment       0x00000000       0x27 ../DE2_115_NIOS_HOST_MOUSE_VGA_bsp/\libhal_bsp.a(alt_sbrk.o)
 .comment       0x00000000       0x27 ../DE2_115_NIOS_HOST_MOUSE_VGA_bsp/\libhal_bsp.a(alt_usleep.o)
 .comment       0x00000000       0x27 ../DE2_115_NIOS_HOST_MOUSE_VGA_bsp/\libhal_bsp.a(alt_write.o)
 .comment       0x00000000       0x27 ../DE2_115_NIOS_HOST_MOUSE_VGA_bsp/\libhal_bsp.a(alt_sys_init.o)
 .comment       0x00000000       0x27 ../DE2_115_NIOS_HOST_MOUSE_VGA_bsp/\libhal_bsp.a(altera_avalon_jtag_uart_fd.o)
 .comment       0x00000000       0x27 ../DE2_115_NIOS_HOST_MOUSE_VGA_bsp/\libhal_bsp.a(altera_avalon_jtag_uart_init.o)
 .comment       0x00000000       0x27 ../DE2_115_NIOS_HOST_MOUSE_VGA_bsp/\libhal_bsp.a(altera_avalon_jtag_uart_ioctl.o)
 .comment       0x00000000       0x27 ../DE2_115_NIOS_HOST_MOUSE_VGA_bsp/\libhal_bsp.a(altera_avalon_jtag_uart_read.o)
 .comment       0x00000000       0x27 ../DE2_115_NIOS_HOST_MOUSE_VGA_bsp/\libhal_bsp.a(altera_avalon_jtag_uart_write.o)
 .comment       0x00000000       0x27 ../DE2_115_NIOS_HOST_MOUSE_VGA_bsp/\libhal_bsp.a(altera_avalon_lcd_16207.o)
 .comment       0x00000000       0x27 ../DE2_115_NIOS_HOST_MOUSE_VGA_bsp/\libhal_bsp.a(altera_avalon_lcd_16207_fd.o)
 .comment       0x00000000       0x27 ../DE2_115_NIOS_HOST_MOUSE_VGA_bsp/\libhal_bsp.a(altera_avalon_timer_sc.o)
 .comment       0x00000000       0x27 ../DE2_115_NIOS_HOST_MOUSE_VGA_bsp/\libhal_bsp.a(alt_alarm_start.o)
 .comment       0x00000000       0x27 ../DE2_115_NIOS_HOST_MOUSE_VGA_bsp/\libhal_bsp.a(alt_busy_sleep.o)
 .comment       0x00000000       0x27 ../DE2_115_NIOS_HOST_MOUSE_VGA_bsp/\libhal_bsp.a(alt_dcache_flush_all.o)
 .comment       0x00000000       0x27 ../DE2_115_NIOS_HOST_MOUSE_VGA_bsp/\libhal_bsp.a(alt_dev_llist_insert.o)
 .comment       0x00000000       0x27 ../DE2_115_NIOS_HOST_MOUSE_VGA_bsp/\libhal_bsp.a(alt_do_ctors.o)
 .comment       0x00000000       0x27 ../DE2_115_NIOS_HOST_MOUSE_VGA_bsp/\libhal_bsp.a(alt_do_dtors.o)
 .comment       0x00000000       0x27 ../DE2_115_NIOS_HOST_MOUSE_VGA_bsp/\libhal_bsp.a(alt_icache_flush_all.o)
 .comment       0x00000000       0x27 ../DE2_115_NIOS_HOST_MOUSE_VGA_bsp/\libhal_bsp.a(alt_iic.o)
 .comment       0x00000000       0x27 ../DE2_115_NIOS_HOST_MOUSE_VGA_bsp/\libhal_bsp.a(alt_iic_isr_register.o)
 .comment       0x00000000       0x27 ../DE2_115_NIOS_HOST_MOUSE_VGA_bsp/\libhal_bsp.a(alt_io_redirect.o)
 .comment       0x00000000       0x27 ../DE2_115_NIOS_HOST_MOUSE_VGA_bsp/\libhal_bsp.a(alt_irq_handler.o)
 .comment       0x00000000       0x27 ../DE2_115_NIOS_HOST_MOUSE_VGA_bsp/\libhal_bsp.a(alt_irq_vars.o)
 .comment       0x00000000       0x27 ../DE2_115_NIOS_HOST_MOUSE_VGA_bsp/\libhal_bsp.a(alt_open.o)
 .comment       0x00000000       0x27 ../DE2_115_NIOS_HOST_MOUSE_VGA_bsp/\libhal_bsp.a(alt_tick.o)
 .comment       0x00000000       0x27 ../DE2_115_NIOS_HOST_MOUSE_VGA_bsp/\libhal_bsp.a(altera_nios2_qsys_irq.o)
 .comment       0x00000000       0x27 ../DE2_115_NIOS_HOST_MOUSE_VGA_bsp/\libhal_bsp.a(alt_find_dev.o)
 .comment       0x00000000       0x27 ../DE2_115_NIOS_HOST_MOUSE_VGA_bsp/\libhal_bsp.a(alt_find_file.o)
 .comment       0x00000000       0x27 ../DE2_115_NIOS_HOST_MOUSE_VGA_bsp/\libhal_bsp.a(alt_get_fd.o)
 .comment       0x00000000       0x27 ../DE2_115_NIOS_HOST_MOUSE_VGA_bsp/\libhal_bsp.a(alt_icache_flush.o)
 .comment       0x00000000       0x27 c:/altera/11.1/nios2eds/bin/gnu/h-i686-mingw32/bin/../lib/gcc/nios2-elf/4.1.2/../../../../nios2-elf/lib\libc.a(lib_a-atexit.o)
 .comment       0x00000000       0x27 c:/altera/11.1/nios2eds/bin/gnu/h-i686-mingw32/bin/../lib/gcc/nios2-elf/4.1.2/../../../../nios2-elf/lib\libc.a(lib_a-ctype_.o)
 .comment       0x00000000       0x27 c:/altera/11.1/nios2eds/bin/gnu/h-i686-mingw32/bin/../lib/gcc/nios2-elf/4.1.2/../../../../nios2-elf/lib\libc.a(lib_a-exit.o)
 .comment       0x00000000       0x27 c:/altera/11.1/nios2eds/bin/gnu/h-i686-mingw32/bin/../lib/gcc/nios2-elf/4.1.2/../../../../nios2-elf/lib\libc.a(lib_a-memcmp.o)
 .comment       0x00000000       0x27 c:/altera/11.1/nios2eds/bin/gnu/h-i686-mingw32/bin/../lib/gcc/nios2-elf/4.1.2/../../../../nios2-elf/lib\libc.a(lib_a-__atexit.o)
 .comment       0x00000000       0x27 c:/altera/11.1/nios2eds/bin/gnu/h-i686-mingw32/bin/../lib/gcc/nios2-elf/4.1.2/../../../../nios2-elf/lib\libc.a(lib_a-__call_atexit.o)
 .comment       0x00000000       0x27 ../DE2_115_NIOS_HOST_MOUSE_VGA_bsp/\libhal_bsp.a(alt_exit.o)

.debug
 *(.debug)

.line
 *(.line)

.debug_srcinfo
 *(.debug_srcinfo)

.debug_sfnames
 *(.debug_sfnames)

.debug_aranges  0x00000000      0xd58
 *(.debug_aranges)
 .debug_aranges
                0x00000000       0x28 ../DE2_115_NIOS_HOST_MOUSE_VGA_bsp//obj/HAL/src/crt0.o
 .debug_aranges
                0x00000028       0x20 obj/default/DE2_115_NIOS_HOST_MOUSE_VGA.o
 .debug_aranges
                0x00000048       0x20 obj/default/LCD.o
 .debug_aranges
                0x00000068       0x20 obj/default/SEG7.o
 .debug_aranges
                0x00000088       0x20 obj/default/VGA.o
 .debug_aranges
                0x000000a8       0x20 c:/altera/11.1/nios2eds/bin/gnu/h-i686-mingw32/bin/../lib/gcc/nios2-elf/4.1.2\libgcc.a(lib2-divmod.o)
 .debug_aranges
                0x000000c8       0x20 c:/altera/11.1/nios2eds/bin/gnu/h-i686-mingw32/bin/../lib/gcc/nios2-elf/4.1.2/../../../../nios2-elf/lib\libc.a(lib_a-printf.o)
 .debug_aranges
                0x000000e8       0x20 c:/altera/11.1/nios2eds/bin/gnu/h-i686-mingw32/bin/../lib/gcc/nios2-elf/4.1.2/../../../../nios2-elf/lib\libc.a(lib_a-puts.o)
 .debug_aranges
                0x00000108       0x20 c:/altera/11.1/nios2eds/bin/gnu/h-i686-mingw32/bin/../lib/gcc/nios2-elf/4.1.2/../../../../nios2-elf/lib\libc.a(lib_a-strlen.o)
 .debug_aranges
                0x00000128       0x20 c:/altera/11.1/nios2eds/bin/gnu/h-i686-mingw32/bin/../lib/gcc/nios2-elf/4.1.2/../../../../nios2-elf/lib\libc.a(lib_a-vfprintf.o)
 .debug_aranges
                0x00000148       0x20 c:/altera/11.1/nios2eds/bin/gnu/h-i686-mingw32/bin/../lib/gcc/nios2-elf/4.1.2/../../../../nios2-elf/lib\libc.a(lib_a-wsetup.o)
 .debug_aranges
                0x00000168       0x20 c:/altera/11.1/nios2eds/bin/gnu/h-i686-mingw32/bin/../lib/gcc/nios2-elf/4.1.2/../../../../nios2-elf/lib\libc.a(lib_a-dtoa.o)
 .debug_aranges
                0x00000188       0x20 c:/altera/11.1/nios2eds/bin/gnu/h-i686-mingw32/bin/../lib/gcc/nios2-elf/4.1.2/../../../../nios2-elf/lib\libc.a(lib_a-fflush.o)
 .debug_aranges
                0x000001a8       0x20 c:/altera/11.1/nios2eds/bin/gnu/h-i686-mingw32/bin/../lib/gcc/nios2-elf/4.1.2/../../../../nios2-elf/lib\libc.a(lib_a-findfp.o)
 .debug_aranges
                0x000001c8       0x20 c:/altera/11.1/nios2eds/bin/gnu/h-i686-mingw32/bin/../lib/gcc/nios2-elf/4.1.2/../../../../nios2-elf/lib\libc.a(lib_a-freer.o)
 .debug_aranges
                0x000001e8       0x20 c:/altera/11.1/nios2eds/bin/gnu/h-i686-mingw32/bin/../lib/gcc/nios2-elf/4.1.2/../../../../nios2-elf/lib\libc.a(lib_a-fvwrite.o)
 .debug_aranges
                0x00000208       0x20 c:/altera/11.1/nios2eds/bin/gnu/h-i686-mingw32/bin/../lib/gcc/nios2-elf/4.1.2/../../../../nios2-elf/lib\libc.a(lib_a-fwalk.o)
 .debug_aranges
                0x00000228       0x20 c:/altera/11.1/nios2eds/bin/gnu/h-i686-mingw32/bin/../lib/gcc/nios2-elf/4.1.2/../../../../nios2-elf/lib\libc.a(lib_a-locale.o)
 .debug_aranges
                0x00000248       0x20 c:/altera/11.1/nios2eds/bin/gnu/h-i686-mingw32/bin/../lib/gcc/nios2-elf/4.1.2/../../../../nios2-elf/lib\libc.a(lib_a-makebuf.o)
 .debug_aranges
                0x00000268       0x20 c:/altera/11.1/nios2eds/bin/gnu/h-i686-mingw32/bin/../lib/gcc/nios2-elf/4.1.2/../../../../nios2-elf/lib\libc.a(lib_a-mallocr.o)
 .debug_aranges
                0x00000288       0x20 c:/altera/11.1/nios2eds/bin/gnu/h-i686-mingw32/bin/../lib/gcc/nios2-elf/4.1.2/../../../../nios2-elf/lib\libc.a(lib_a-memchr.o)
 .debug_aranges
                0x000002a8       0x20 c:/altera/11.1/nios2eds/bin/gnu/h-i686-mingw32/bin/../lib/gcc/nios2-elf/4.1.2/../../../../nios2-elf/lib\libc.a(lib_a-memcpy.o)
 .debug_aranges
                0x000002c8       0x20 c:/altera/11.1/nios2eds/bin/gnu/h-i686-mingw32/bin/../lib/gcc/nios2-elf/4.1.2/../../../../nios2-elf/lib\libc.a(lib_a-memmove.o)
 .debug_aranges
                0x000002e8       0x20 c:/altera/11.1/nios2eds/bin/gnu/h-i686-mingw32/bin/../lib/gcc/nios2-elf/4.1.2/../../../../nios2-elf/lib\libc.a(lib_a-memset.o)
 .debug_aranges
                0x00000308       0x20 c:/altera/11.1/nios2eds/bin/gnu/h-i686-mingw32/bin/../lib/gcc/nios2-elf/4.1.2/../../../../nios2-elf/lib\libc.a(lib_a-mprec.o)
 .debug_aranges
                0x00000328       0x20 c:/altera/11.1/nios2eds/bin/gnu/h-i686-mingw32/bin/../lib/gcc/nios2-elf/4.1.2/../../../../nios2-elf/lib\libc.a(lib_a-reallocr.o)
 .debug_aranges
                0x00000348       0x20 c:/altera/11.1/nios2eds/bin/gnu/h-i686-mingw32/bin/../lib/gcc/nios2-elf/4.1.2/../../../../nios2-elf/lib\libc.a(lib_a-s_isinfd.o)
 .debug_aranges
                0x00000368       0x20 c:/altera/11.1/nios2eds/bin/gnu/h-i686-mingw32/bin/../lib/gcc/nios2-elf/4.1.2/../../../../nios2-elf/lib\libc.a(lib_a-s_isnand.o)
 .debug_aranges
                0x00000388       0x20 c:/altera/11.1/nios2eds/bin/gnu/h-i686-mingw32/bin/../lib/gcc/nios2-elf/4.1.2/../../../../nios2-elf/lib\libc.a(lib_a-sbrkr.o)
 .debug_aranges
                0x000003a8       0x20 c:/altera/11.1/nios2eds/bin/gnu/h-i686-mingw32/bin/../lib/gcc/nios2-elf/4.1.2/../../../../nios2-elf/lib\libc.a(lib_a-stdio.o)
 .debug_aranges
                0x000003c8       0x20 c:/altera/11.1/nios2eds/bin/gnu/h-i686-mingw32/bin/../lib/gcc/nios2-elf/4.1.2/../../../../nios2-elf/lib\libc.a(lib_a-strcmp.o)
 .debug_aranges
                0x000003e8       0x20 c:/altera/11.1/nios2eds/bin/gnu/h-i686-mingw32/bin/../lib/gcc/nios2-elf/4.1.2/../../../../nios2-elf/lib\libc.a(lib_a-writer.o)
 .debug_aranges
                0x00000408       0x20 c:/altera/11.1/nios2eds/bin/gnu/h-i686-mingw32/bin/../lib/gcc/nios2-elf/4.1.2/../../../../nios2-elf/lib\libc.a(lib_a-callocr.o)
 .debug_aranges
                0x00000428       0x20 c:/altera/11.1/nios2eds/bin/gnu/h-i686-mingw32/bin/../lib/gcc/nios2-elf/4.1.2/../../../../nios2-elf/lib\libc.a(lib_a-closer.o)
 .debug_aranges
                0x00000448       0x20 c:/altera/11.1/nios2eds/bin/gnu/h-i686-mingw32/bin/../lib/gcc/nios2-elf/4.1.2/../../../../nios2-elf/lib\libc.a(lib_a-fclose.o)
 .debug_aranges
                0x00000468       0x20 c:/altera/11.1/nios2eds/bin/gnu/h-i686-mingw32/bin/../lib/gcc/nios2-elf/4.1.2/../../../../nios2-elf/lib\libc.a(lib_a-fstatr.o)
 .debug_aranges
                0x00000488       0x20 c:/altera/11.1/nios2eds/bin/gnu/h-i686-mingw32/bin/../lib/gcc/nios2-elf/4.1.2/../../../../nios2-elf/lib\libc.a(lib_a-isattyr.o)
 .debug_aranges
                0x000004a8       0x20 c:/altera/11.1/nios2eds/bin/gnu/h-i686-mingw32/bin/../lib/gcc/nios2-elf/4.1.2/../../../../nios2-elf/lib\libc.a(lib_a-lseekr.o)
 .debug_aranges
                0x000004c8       0x20 c:/altera/11.1/nios2eds/bin/gnu/h-i686-mingw32/bin/../lib/gcc/nios2-elf/4.1.2/../../../../nios2-elf/lib\libc.a(lib_a-readr.o)
 .debug_aranges
                0x000004e8       0x20 c:/altera/11.1/nios2eds/bin/gnu/h-i686-mingw32/bin/../lib/gcc/nios2-elf/4.1.2\libgcc.a(_udivdi3.o)
 .debug_aranges
                0x00000508       0x20 c:/altera/11.1/nios2eds/bin/gnu/h-i686-mingw32/bin/../lib/gcc/nios2-elf/4.1.2\libgcc.a(_umoddi3.o)
 .debug_aranges
                0x00000528       0x20 c:/altera/11.1/nios2eds/bin/gnu/h-i686-mingw32/bin/../lib/gcc/nios2-elf/4.1.2\libgcc.a(_addsub_df.o)
 .debug_aranges
                0x00000548       0x20 c:/altera/11.1/nios2eds/bin/gnu/h-i686-mingw32/bin/../lib/gcc/nios2-elf/4.1.2\libgcc.a(_mul_df.o)
 .debug_aranges
                0x00000568       0x20 c:/altera/11.1/nios2eds/bin/gnu/h-i686-mingw32/bin/../lib/gcc/nios2-elf/4.1.2\libgcc.a(_div_df.o)
 .debug_aranges
                0x00000588       0x20 c:/altera/11.1/nios2eds/bin/gnu/h-i686-mingw32/bin/../lib/gcc/nios2-elf/4.1.2\libgcc.a(_eq_df.o)
 .debug_aranges
                0x000005a8       0x20 c:/altera/11.1/nios2eds/bin/gnu/h-i686-mingw32/bin/../lib/gcc/nios2-elf/4.1.2\libgcc.a(_ne_df.o)
 .debug_aranges
                0x000005c8       0x20 c:/altera/11.1/nios2eds/bin/gnu/h-i686-mingw32/bin/../lib/gcc/nios2-elf/4.1.2\libgcc.a(_gt_df.o)
 .debug_aranges
                0x000005e8       0x20 c:/altera/11.1/nios2eds/bin/gnu/h-i686-mingw32/bin/../lib/gcc/nios2-elf/4.1.2\libgcc.a(_ge_df.o)
 .debug_aranges
                0x00000608       0x20 c:/altera/11.1/nios2eds/bin/gnu/h-i686-mingw32/bin/../lib/gcc/nios2-elf/4.1.2\libgcc.a(_lt_df.o)
 .debug_aranges
                0x00000628       0x20 c:/altera/11.1/nios2eds/bin/gnu/h-i686-mingw32/bin/../lib/gcc/nios2-elf/4.1.2\libgcc.a(_si_to_df.o)
 .debug_aranges
                0x00000648       0x20 c:/altera/11.1/nios2eds/bin/gnu/h-i686-mingw32/bin/../lib/gcc/nios2-elf/4.1.2\libgcc.a(_df_to_si.o)
 .debug_aranges