------------------------------------------------------------
TimeQuest Timing Analyzer Summary
------------------------------------------------------------

Type  : Slow 1200mV 85C Model Setup 'DE2_115_SOPC_inst|pll|sd1|pll7|clk[3]'
Slack : -2.033
TNS   : -46.724

Type  : Slow 1200mV 85C Model Setup 'DE2_115_SOPC_inst|pll|sd1|pll7|clk[0]'
Slack : 0.192
TNS   : 0.000

Type  : Slow 1200mV 85C Model Setup 'clock_50_1'
Slack : 16.311
TNS   : 0.000

Type  : Slow 1200mV 85C Model Setup 'DE2_115_SOPC_inst|pll|sd1|pll7|clk[2]'
Slack : 38.258
TNS   : 0.000

Type  : Slow 1200mV 85C Model Setup 'altera_reserved_tck'
Slack : 46.945
TNS   : 0.000

Type  : Slow 1200mV 85C Model Hold 'DE2_115_SOPC_inst|pll|sd1|pll7|clk[0]'
Slack : 0.280
TNS   : 0.000

Type  : Slow 1200mV 85C Model Hold 'DE2_115_SOPC_inst|pll|sd1|pll7|clk[2]'
Slack : 0.388
TNS   : 0.000

Type  : Slow 1200mV 85C Model Hold 'altera_reserved_tck'
Slack : 0.403
TNS   : 0.000

Type  : Slow 1200mV 85C Model Hold 'clock_50_1'
Slack : 0.403
TNS   : 0.000

Type  : Slow 1200mV 85C Model Hold 'DE2_115_SOPC_inst|pll|sd1|pll7|clk[3]'
Slack : 0.406
TNS   : 0.000

Type  : Slow 1200mV 85C Model Recovery 'DE2_115_SOPC_inst|pll|sd1|pll7|clk[0]'
Slack : 1.048
TNS   : 0.000

Type  : Slow 1200mV 85C Model Recovery 'DE2_115_SOPC_inst|pll|sd1|pll7|clk[3]'
Slack : 5.952
TNS   : 0.000

Type  : Slow 1200mV 85C Model Recovery 'clock_50_1'
Slack : 18.053
TNS   : 0.000

Type  : Slow 1200mV 85C Model Recovery 'altera_reserved_tck'
Slack : 48.236
TNS   : 0.000

Type  : Slow 1200mV 85C Model Recovery 'DE2_115_SOPC_inst|pll|sd1|pll7|clk[2]'
Slack : 93.671
TNS   : 0.000

Type  : Slow 1200mV 85C Model Removal 'altera_reserved_tck'
Slack : 1.010
TNS   : 0.000

Type  : Slow 1200mV 85C Model Removal 'clock_50_1'
Slack : 1.380
TNS   : 0.000

Type  : Slow 1200mV 85C Model Removal 'DE2_115_SOPC_inst|pll|sd1|pll7|clk[3]'
Slack : 2.767
TNS   : 0.000

Type  : Slow 1200mV 85C Model Removal 'DE2_115_SOPC_inst|pll|sd1|pll7|clk[0]'
Slack : 2.885
TNS   : 0.000

Type  : Slow 1200mV 85C Model Removal 'DE2_115_SOPC_inst|pll|sd1|pll7|clk[2]'
Slack : 4.684
TNS   : 0.000

Type  : Slow 1200mV 85C Model Minimum Pulse Width 'DE2_115_SOPC_inst|pll|sd1|pll7|clk[0]'
Slack : 4.622
TNS   : 0.000

Type  : Slow 1200mV 85C Model Minimum Pulse Width 'clock_50_1'
Slack : 9.685
TNS   : 0.000

Type  : Slow 1200mV 85C Model Minimum Pulse Width 'clock_50_2'
Slack : 16.000
TNS   : 0.000

Type  : Slow 1200mV 85C Model Minimum Pulse Width 'clock_50_3'
Slack : 16.000
TNS   : 0.000

Type  : Slow 1200mV 85C Model Minimum Pulse Width 'DE2_115_SOPC_inst|pll|sd1|pll7|clk[3]'
Slack : 19.712
TNS   : 0.000

Type  : Slow 1200mV 85C Model Minimum Pulse Width 'clock_27'
Slack : 33.030
TNS   : 0.000

Type  : Slow 1200mV 85C Model Minimum Pulse Width 'altera_reserved_tck'
Slack : 49.542
TNS   : 0.000

Type  : Slow 1200mV 85C Model Minimum Pulse Width 'DE2_115_SOPC_inst|pll|sd1|pll7|clk[2]'
Slack : 49.698
TNS   : 0.000

Type  : Slow 1200mV 0C Model Setup 'DE2_115_SOPC_inst|pll|sd1|pll7|clk[3]'
Slack : -1.409
TNS   : -31.746

Type  : Slow 1200mV 0C Model Setup 'DE2_115_SOPC_inst|pll|sd1|pll7|clk[0]'
Slack : 0.522
TNS   : 0.000

Type  : Slow 1200mV 0C Model Setup 'clock_50_1'
Slack : 16.645
TNS   : 0.000

Type  : Slow 1200mV 0C Model Setup 'DE2_115_SOPC_inst|pll|sd1|pll7|clk[2]'
Slack : 39.155
TNS   : 0.000

Type  : Slow 1200mV 0C Model Setup 'altera_reserved_tck'
Slack : 47.305
TNS   : 0.000

Type  : Slow 1200mV 0C Model Hold 'DE2_115_SOPC_inst|pll|sd1|pll7|clk[0]'
Slack : 0.290
TNS   : 0.000

Type  : Slow 1200mV 0C Model Hold 'DE2_115_SOPC_inst|pll|sd1|pll7|clk[2]'
Slack : 0.339
TNS   : 0.000

Type  : Slow 1200mV 0C Model Hold 'altera_reserved_tck'
Slack : 0.354
TNS   : 0.000

Type  : Slow 1200mV 0C Model Hold 'clock_50_1'
Slack : 0.354
TNS   : 0.000

Type  : Slow 1200mV 0C Model Hold 'DE2_115_SOPC_inst|pll|sd1|pll7|clk[3]'
Slack : 0.356
TNS   : 0.000

Type  : Slow 1200mV 0C Model Recovery 'DE2_115_SOPC_inst|pll|sd1|pll7|clk[0]'
Slack : 1.419
TNS   : 0.000

Type  : Slow 1200mV 0C Model Recovery 'DE2_115_SOPC_inst|pll|sd1|pll7|clk[3]'
Slack : 6.344
TNS   : 0.000

Type  : Slow 1200mV 0C Model Recovery 'clock_50_1'
Slack : 18.216
TNS   : 0.000

Type  : Slow 1200mV 0C Model Recovery 'altera_reserved_tck'
Slack : 48.509
TNS   : 0.000

Type  : Slow 1200mV 0C Model Recovery 'DE2_115_SOPC_inst|pll|sd1|pll7|clk[2]'
Slack : 94.275
TNS   : 0.000

Type  : Slow 1200mV 0C Model Removal 'altera_reserved_tck'
Slack : 0.913
TNS   : 0.000

Type  : Slow 1200mV 0C Model Removal 'clock_50_1'
Slack : 1.233
TNS   : 0.000

Type  : Slow 1200mV 0C Model Removal 'DE2_115_SOPC_inst|pll|sd1|pll7|clk[3]'
Slack : 2.454
TNS   : 0.000

Type  : Slow 1200mV 0C Model Removal 'DE2_115_SOPC_inst|pll|sd1|pll7|clk[0]'
Slack : 2.552
TNS   : 0.000

Type  : Slow 1200mV 0C Model Removal 'DE2_115_SOPC_inst|pll|sd1|pll7|clk[2]'
Slack : 4.227
TNS   : 0.000

Type  : Slow 1200mV 0C Model Minimum Pulse Width 'DE2_115_SOPC_inst|pll|sd1|pll7|clk[0]'
Slack : 4.648
TNS   : 0.000

Type  : Slow 1200mV 0C Model Minimum Pulse Width 'clock_50_1'
Slack : 9.691
TNS   : 0.000

Type  : Slow 1200mV 0C Model Minimum Pulse Width 'clock_50_2'
Slack : 16.000
TNS   : 0.000

Type  : Slow 1200mV 0C Model Minimum Pulse Width 'clock_50_3'
Slack : 16.000
TNS   : 0.000

Type  : Slow 1200mV 0C Model Minimum Pulse Width 'DE2_115_SOPC_inst|pll|sd1|pll7|clk[3]'
Slack : 19.696
TNS   : 0.000

Type  : Slow 1200mV 0C Model Minimum Pulse Width 'clock_27'
Slack : 33.030
TNS   : 0.000

Type  : Slow 1200mV 0C Model Minimum Pulse Width 'altera_reserved_tck'
Slack : 49.477
TNS   : 0.000

Type  : Slow 1200mV 0C Model Minimum Pulse Width 'DE2_115_SOPC_inst|pll|sd1|pll7|clk[2]'
Slack : 49.687
TNS   : 0.000

Type  : Fast 1200mV 0C Model Setup 'DE2_115_SOPC_inst|pll|sd1|pll7|clk[3]'
Slack : 1.517
TNS   : 0.000

Type  : Fast 1200mV 0C Model Setup 'DE2_115_SOPC_inst|pll|sd1|pll7|clk[0]'
Slack : 2.645
TNS   : 0.000

Type  : Fast 1200mV 0C Model Setup 'clock_50_1'
Slack : 18.215
TNS   : 0.000

Type  : Fast 1200mV 0C Model Setup 'DE2_115_SOPC_inst|pll|sd1|pll7|clk[2]'
Slack : 43.892
TNS   : 0.000

Type  : Fast 1200mV 0C Model Setup 'altera_reserved_tck'
Slack : 48.841
TNS   : 0.000

Type  : Fast 1200mV 0C Model Hold 'DE2_115_SOPC_inst|pll|sd1|pll7|clk[0]'
Slack : 0.094
TNS   : 0.000

Type  : Fast 1200mV 0C Model Hold 'DE2_115_SOPC_inst|pll|sd1|pll7|clk[2]'
Slack : 0.174
TNS   : 0.000

Type  : Fast 1200mV 0C Model Hold 'altera_reserved_tck'
Slack : 0.180
TNS   : 0.000

Type  : Fast 1200mV 0C Model Hold 'DE2_115_SOPC_inst|pll|sd1|pll7|clk[3]'
Slack : 0.182
TNS   : 0.000

Type  : Fast 1200mV 0C Model Hold 'clock_50_1'
Slack : 0.182
TNS   : 0.000

Type  : Fast 1200mV 0C Model Recovery 'DE2_115_SOPC_inst|pll|sd1|pll7|clk[0]'
Slack : 2.920
TNS   : 0.000

Type  : Fast 1200mV 0C Model Recovery 'DE2_115_SOPC_inst|pll|sd1|pll7|clk[3]'
Slack : 7.865
TNS   : 0.000

Type  : Fast 1200mV 0C Model Recovery 'clock_50_1'
Slack : 19.011
TNS   : 0.000

Type  : Fast 1200mV 0C Model Recovery 'altera_reserved_tck'
Slack : 49.451
TNS   : 0.000

Type  : Fast 1200mV 0C Model Recovery 'DE2_115_SOPC_inst|pll|sd1|pll7|clk[2]'
Slack : 96.540
TNS   : 0.000

Type  : Fast 1200mV 0C Model Removal 'altera_reserved_tck'
Slack : 0.493
TNS   : 0.000

Type  : Fast 1200mV 0C Model Removal 'clock_50_1'
Slack : 0.641
TNS   : 0.000

Type  : Fast 1200mV 0C Model Removal 'DE2_115_SOPC_inst|pll|sd1|pll7|clk[3]'
Slack : 1.437
TNS   : 0.000

Type  : Fast 1200mV 0C Model Removal 'DE2_115_SOPC_inst|pll|sd1|pll7|clk[0]'
Slack : 1.510
TNS   : 0.000

Type  : Fast 1200mV 0C Model Removal 'DE2_115_SOPC_inst|pll|sd1|pll7|clk[2]'
Slack : 2.421
TNS   : 0.000

Type  : Fast 1200mV 0C Model Minimum Pulse Width 'DE2_115_SOPC_inst|pll|sd1|pll7|clk[0]'
Slack : 4.747
TNS   : 0.000

Type  : Fast 1200mV 0C Model Minimum Pulse Width 'clock_50_1'
Slack : 9.268
TNS   : 0.000

Type  : Fast 1200mV 0C Model Minimum Pulse Width 'clock_50_2'
Slack : 16.000
TNS   : 0.000

Type  : Fast 1200mV 0C Model Minimum Pulse Width 'clock_50_3'
Slack : 16.000
TNS   : 0.000

Type  : Fast 1200mV 0C Model Minimum Pulse Width 'DE2_115_SOPC_inst|pll|sd1|pll7|clk[3]'
Slack : 19.749
TNS   : 0.000

Type  : Fast 1200mV 0C Model Minimum Pulse Width 'clock_27'
Slack : 33.030
TNS   : 0.000

Type  : Fast 1200mV 0C Model Minimum Pulse Width 'altera_reserved_tck'
Slack : 49.299
TNS   : 0.000

Type  : Fast 1200mV 0C Model Minimum Pulse Width 'DE2_115_SOPC_inst|pll|sd1|pll7|clk[2]'
Slack : 49.752
TNS   : 0.000

------------------------------------------------------------
