Archive member included because of file (symbol)

c:/altera/12.0/nios2eds/bin/gnu/h-i686-mingw32/bin/../lib/gcc/nios2-elf/4.1.2\libgcc.a(lib2-divmod.o)
                              obj/default/srec_flash.o (__divsi3)
c:/altera/12.0/nios2eds/bin/gnu/h-i686-mingw32/bin/../lib/gcc/nios2-elf/4.1.2/../../../../nios2-elf/lib\libc.a(lib_a-atoi.o)
                              obj/default/http.o (atoi)
c:/altera/12.0/nios2eds/bin/gnu/h-i686-mingw32/bin/../lib/gcc/nios2-elf/4.1.2/../../../../nios2-elf/lib\libc.a(lib_a-ctype_.o)
                              obj/default/http.o (__ctype_ptr)
c:/altera/12.0/nios2eds/bin/gnu/h-i686-mingw32/bin/../lib/gcc/nios2-elf/4.1.2/../../../../nios2-elf/lib\libc.a(lib_a-fclose.o)
                              obj/default/http.o (fclose)
c:/altera/12.0/nios2eds/bin/gnu/h-i686-mingw32/bin/../lib/gcc/nios2-elf/4.1.2/../../../../nios2-elf/lib\libc.a(lib_a-fflush.o)
                              c:/altera/12.0/nios2eds/bin/gnu/h-i686-mingw32/bin/../lib/gcc/nios2-elf/4.1.2/../../../../nios2-elf/lib\libc.a(lib_a-fclose.o) (_fflush_r)
c:/altera/12.0/nios2eds/bin/gnu/h-i686-mingw32/bin/../lib/gcc/nios2-elf/4.1.2/../../../../nios2-elf/lib\libc.a(lib_a-fgetpos.o)
                              obj/default/http.o (fgetpos)
c:/altera/12.0/nios2eds/bin/gnu/h-i686-mingw32/bin/../lib/gcc/nios2-elf/4.1.2/../../../../nios2-elf/lib\libc.a(lib_a-findfp.o)
                              c:/altera/12.0/nios2eds/bin/gnu/h-i686-mingw32/bin/../lib/gcc/nios2-elf/4.1.2/../../../../nios2-elf/lib\libc.a(lib_a-fclose.o) (__sfp_lock_acquire)
c:/altera/12.0/nios2eds/bin/gnu/h-i686-mingw32/bin/../lib/gcc/nios2-elf/4.1.2/../../../../nios2-elf/lib\libc.a(lib_a-fopen.o)
                              obj/default/http.o (fopen)
c:/altera/12.0/nios2eds/bin/gnu/h-i686-mingw32/bin/../lib/gcc/nios2-elf/4.1.2/../../../../nios2-elf/lib\libc.a(lib_a-fprintf.o)
                              obj/default/alt_error_handler.o (fprintf)
c:/altera/12.0/nios2eds/bin/gnu/h-i686-mingw32/bin/../lib/gcc/nios2-elf/4.1.2/../../../../nios2-elf/lib\libc.a(lib_a-fread.o)
                              obj/default/http.o (fread)
c:/altera/12.0/nios2eds/bin/gnu/h-i686-mingw32/bin/../lib/gcc/nios2-elf/4.1.2/../../../../nios2-elf/lib\libc.a(lib_a-freer.o)
                              c:/altera/12.0/nios2eds/bin/gnu/h-i686-mingw32/bin/../lib/gcc/nios2-elf/4.1.2/../../../../nios2-elf/lib\libc.a(lib_a-fclose.o) (_free_r)
c:/altera/12.0/nios2eds/bin/gnu/h-i686-mingw32/bin/../lib/gcc/nios2-elf/4.1.2/../../../../nios2-elf/lib\libc.a(lib_a-fseek.o)
                              c:/altera/12.0/nios2eds/bin/gnu/h-i686-mingw32/bin/../lib/gcc/nios2-elf/4.1.2/../../../../nios2-elf/lib\libc.a(lib_a-fopen.o) (_fseek_r)
c:/altera/12.0/nios2eds/bin/gnu/h-i686-mingw32/bin/../lib/gcc/nios2-elf/4.1.2/../../../../nios2-elf/lib\libc.a(lib_a-fstatr.o)
                              c:/altera/12.0/nios2eds/bin/gnu/h-i686-mingw32/bin/../lib/gcc/nios2-elf/4.1.2/../../../../nios2-elf/lib\libc.a(lib_a-fseek.o) (_fstat_r)
c:/altera/12.0/nios2eds/bin/gnu/h-i686-mingw32/bin/../lib/gcc/nios2-elf/4.1.2/../../../../nios2-elf/lib\libc.a(lib_a-ftell.o)
                              c:/altera/12.0/nios2eds/bin/gnu/h-i686-mingw32/bin/../lib/gcc/nios2-elf/4.1.2/../../../../nios2-elf/lib\libc.a(lib_a-fgetpos.o) (_ftell_r)
c:/altera/12.0/nios2eds/bin/gnu/h-i686-mingw32/bin/../lib/gcc/nios2-elf/4.1.2/../../../../nios2-elf/lib\libc.a(lib_a-fwalk.o)
                              c:/altera/12.0/nios2eds/bin/gnu/h-i686-mingw32/bin/../lib/gcc/nios2-elf/4.1.2/../../../../nios2-elf/lib\libc.a(lib_a-fflush.o) (_fwalk_reent)
c:/altera/12.0/nios2eds/bin/gnu/h-i686-mingw32/bin/../lib/gcc/nios2-elf/4.1.2/../../../../nios2-elf/lib\libc.a(lib_a-fwrite.o)
                              obj/default/alt_error_handler.o (fwrite)
c:/altera/12.0/nios2eds/bin/gnu/h-i686-mingw32/bin/../lib/gcc/nios2-elf/4.1.2/../../../../nios2-elf/lib\libc.a(lib_a-getc.o)
                              obj/default/network_utilities.o (getc)
c:/altera/12.0/nios2eds/bin/gnu/h-i686-mingw32/bin/../lib/gcc/nios2-elf/4.1.2/../../../../nios2-elf/lib\libc.a(lib_a-impure.o)
                              obj/default/alt_error_handler.o (_impure_ptr)
c:/altera/12.0/nios2eds/bin/gnu/h-i686-mingw32/bin/../lib/gcc/nios2-elf/4.1.2/../../../../nios2-elf/lib\libc.a(lib_a-int_errno.o)
                              c:/altera/12.0/nios2eds/bin/gnu/h-i686-mingw32/bin/../lib/gcc/nios2-elf/4.1.2/../../../../nios2-elf/lib\libc.a(lib_a-fstatr.o) (errno)
c:/altera/12.0/nios2eds/bin/gnu/h-i686-mingw32/bin/../lib/gcc/nios2-elf/4.1.2/../../../../nios2-elf/lib\libc.a(lib_a-makebuf.o)
                              c:/altera/12.0/nios2eds/bin/gnu/h-i686-mingw32/bin/../lib/gcc/nios2-elf/4.1.2/../../../../nios2-elf/lib\libc.a(lib_a-fseek.o) (__smakebuf_r)
c:/altera/12.0/nios2eds/bin/gnu/h-i686-mingw32/bin/../lib/gcc/nios2-elf/4.1.2/../../../../nios2-elf/lib\libc.a(lib_a-mallocr.o)
[...]
Memory Configuration

Name             Origin             Length             Attributes
reset            0x00000000         0x00000020
sdram            0x00000020         0x07ffffe0
sram             0x08000000         0x00200000
onchip_memory2   0x08200000         0x00020000
descriptor_memory 0x08220000         0x00001000
cfi_flash        0x09000000         0x00800000
*default*        0x00000000         0xffffffff

Linker script and memory map

LOAD ../web_server_bsp//obj/HAL/src/crt0.o
LOAD obj/default/alt_error_handler.o
LOAD obj/default/http.o
LOAD obj/default/network_utilities.o
LOAD obj/default/srec_flash.o
LOAD obj/default/tse_my_system.o
LOAD obj/default/web_server.o
LOAD c:/altera/12.0/nios2eds/bin/gnu/h-i686-mingw32/bin/../lib/gcc/nios2-elf/4.1.2/../../../../nios2-elf/lib\libstdc++.a
LOAD c:/altera/12.0/nios2eds/bin/gnu/h-i686-mingw32/bin/../lib/gcc/nios2-elf/4.1.2/../../../../nios2-elf/lib\libm.a
LOAD c:/altera/12.0/nios2eds/bin/gnu/h-i686-mingw32/bin/../lib/gcc/nios2-elf/4.1.2\libgcc.a
START GROUP
LOAD c:/altera/12.0/nios2eds/bin/gnu/h-i686-mingw32/bin/../lib/gcc/nios2-elf/4.1.2/../../../../nios2-elf/lib\libc.a
LOAD c:/altera/12.0/nios2eds/bin/gnu/h-i686-mingw32/bin/../lib/gcc/nios2-elf/4.1.2\libgcc.a
LOAD ../web_server_bsp/\libucosii_bsp.a
END GROUP
LOAD c:/altera/12.0/nios2eds/bin/gnu/h-i686-mingw32/bin/../lib/gcc/nios2-elf/4.1.2\libgcc.a
                0x00000000                __alt_mem_sdram = 0x0
                0x08000000                __alt_mem_sram = 0x8000000
                0x08200000                __alt_mem_onchip_memory2 = 0x8200000
                0x08220000                __alt_mem_descriptor_memory = 0x8220000
                0x09000000                __alt_mem_cfi_flash = 0x9000000

.entry          0x00000000       0x20
 *(.entry)
 .entry         0x00000000       0x20 ../web_server_bsp//obj/HAL/src/crt0.o
                0x00000000                __reset

.exceptions     0x00000020      0x19c
                0x00000020                PROVIDE (__ram_exceptions_start, ABSOLUTE (.))
                0x00000020                . = ALIGN (0x20)
 *(.irq)
 *(.exceptions.entry.label)
 .exceptions.entry.label
                0x00000020        0x0 ../web_server_bsp/\libucosii_bsp.a(alt_irq_entry.o)
                0x00000020                alt_irq_entry
 .exceptions.entry.label
                0x00000020        0x0 ../web_server_bsp/\libucosii_bsp.a(alt_exception_entry.o)
                0x00000020                alt_exception
 *(.exceptions.entry.user)
 *(.exceptions.entry)
 .exceptions.entry
                0x00000020       0x54 ../web_server_bsp/\libucosii_bsp.a(alt_exception_entry.o)
 *(.exceptions.irqtest.user)
 *(.exceptions.irqtest)
 .exceptions.irqtest
                0x00000074       0x10 ../web_server_bsp/\libucosii_bsp.a(alt_irq_entry.o)
 *(.exceptions.irqhandler.user)
 *(.exceptions.irqhandler)
 .exceptions.irqhandler
                0x00000084        0x4 ../web_server_bsp/\libucosii_bsp.a(alt_irq_entry.o)
 *(.exceptions.irqreturn.user)
 *(.exceptions.irqreturn)
 .exceptions.irqreturn
                0x00000088        0x4 ../web_server_bsp/\libucosii_bsp.a(alt_irq_entry.o)
 *(.exceptions.notirq.label)
 .exceptions.notirq.label
                0x0000008c        0x0 ../web_server_bsp/\libucosii_bsp.a(alt_irq_entry.o)
 *(.exceptions.notirq.user)
 *(.exceptions.notirq)
 .exceptions.notirq
                0x0000008c        0x8 ../web_server_bsp/\libucosii_bsp.a(alt_exception_entry.o)
 *(.exceptions.soft.user)
 *(.exceptions.soft)
 *(.exceptions.unknown.user)
 *(.exceptions.unknown)
 .exceptions.unknown
                0x00000094        0x4 ../web_server_bsp/\libucosii_bsp.a(alt_exception_entry.o)
 *(.exceptions.exit.label)
 .exceptions.exit.label
                0x00000098        0x0 ../web_server_bsp/\libucosii_bsp.a(alt_irq_entry.o)
 .exceptions.exit.label
                0x00000098        0x0 ../web_server_bsp/\libucosii_bsp.a(alt_exception_entry.o)
 *(.exceptions.exit.user)
 *(.exceptions.exit)
 .exceptions.exit
                0x00000098       0x54 ../web_server_bsp/\libucosii_bsp.a(alt_exception_entry.o)
 *(.exceptions)
 .exceptions    0x000000ec       0xd0 ../web_server_bsp/\libucosii_bsp.a(alt_irq_handler.o)
                0x000000ec                alt_irq_handler
                0x000001bc                PROVIDE (__ram_exceptions_end, ABSOLUTE (.))
                0x00000020                PROVIDE (__flash_exceptions_start, LOADADDR (.exceptions))

.text           0x000001bc    0x5568c
                0x000001bc                PROVIDE (stext, ABSOLUTE (.))
 *(.interp)
 *(.hash)
 *(.dynsym)
 *(.dynstr)
 *(.gnu.version)
 *(.gnu.version_d)
 *(.gnu.version_r)
 *(.rel.init)
 *(.rela.init)
 *(.rel.text .rel.text.* .rel.gnu.linkonce.t.*)
 *(.rela.text .rela.text.* .rela.gnu.linkonce.t.*)
 *(.rel.fini)
 *(.rela.fini)
 *(.rel.rodata .rel.rodata.* .rel.gnu.linkonce.r.*)
 *(.rela.rodata .rela.rodata.* .rela.gnu.linkonce.r.*)
 *(.rel.data .rel.data.* .rel.gnu.linkonce.d.*)
 *(.rela.data .rela.data.* .rela.gnu.linkonce.d.*)
 *(.rel.tdata .rel.tdata.* .rel.gnu.linkonce.td.*)
 *(.rela.tdata .rela.tdata.* .rela.gnu.linkonce.td.*)
 *(.rel.tbss .rel.tbss.* .rel.gnu.linkonce.tb.*)
 *(.rela.tbss .rela.tbss.* .rela.gnu.linkonce.tb.*)
 *(.rel.ctors)
 *(.rela.ctors)
 *(.rel.dtors)
 *(.rela.dtors)
 *(.rel.got)
 *(.rela.got)
 *(.rel.sdata .rel.sdata.* .rel.gnu.linkonce.s.*)
 *(.rela.sdata .rela.sdata.* .rela.gnu.linkonce.s.*)
 *(.rel.sbss .rel.sbss.* .rel.gnu.linkonce.sb.*)
 *(.rela.sbss .rela.sbss.* .rela.gnu.linkonce.sb.*)
 *(.rel.sdata2 .rel.sdata2.* .rel.gnu.linkonce.s2.*)
 *(.rela.sdata2 .rela.sdata2.* .rela.gnu.linkonce.s2.*)
 *(.rel.sbss2 .rel.sbss2.* .rel.gnu.linkonce.sb2.*)
 *(.rela.sbss2 .rela.sbss2.* .rela.gnu.linkonce.sb2.*)
 *(.rel.bss .rel.bss.* .rel.gnu.linkonce.b.*)
 *(.rela.bss .rela.bss.* .rela.gnu.linkonce.b.*)
 *(.rel.plt)
 *(.rela.plt)
 *(.rel.dyn)
 *(.init)
 *(.plt)
 *(.text .stub .text.* .gnu.linkonce.t.*)
 .text          0x000001bc       0x4c ../web_server_bsp//obj/HAL/src/crt0.o
                0x000001bc                _start
 .text          0x00000208      0x624 obj/default/alt_error_handler.o
                0x00000208                alt_uCOSIIErrorHandler
 .text          0x0000082c     0x2c5c obj/default/http.o
                0x0000082c                print
                0x0000085c                sweep1
                0x00000a58                http_cleanup_seg_num
                0x00000ae4                sweep2
                0x00000bd0                http_cleanup_lcd_text
                0x00000c4c                lcd_output
                0x00000d18                http_parse_multipart_header
                0x00000fa8                file_upload
                0x00001228                ProgFlashStub
                0x00001278                http_reset_connection
                0x00001368                http_manage_connection
                0x00001514                http_handle_accept
                0x0000163c                http_read_line
                0x000016e8                http_parse_type_boundary
                0x000017e0                http_process_headers
                0x00001a24                http_process_request
                0x00001d04                http_send_file_chunk
                0x00001eb0                http_send_file_header
                0x000025f4                http_find_file
                0x000028e4                http_send_redirect
                0x00002918                http_handle_post
                0x00002cb4                http_prepare_response
                0x00002d28                http_handle_receive
                0x000030f0                http_handle_transmit
                0x00003150                WSTask
 .text          0x00003488      0x72c obj/default/network_utilities.o
                0x00003488                die_with_error
                0x000034b8                generate_and_store_mac_addr
                0x0000382c                get_board_mac_addr
                0x000039d0                get_mac_addr
                0x00003a04                get_ip_addr
                0x00003a70                FindLastFlashSectorOffset
 .text          0x00003bb4      0x7f8 obj/default/srec_flash.o
                0x00003bb4                ProgFlash
                0x00003e58                ParseAndProgramLine
                0x00004114                ParseSRECBuf
 .text          0x000043ac        0x0 obj/default/tse_my_system.o
 .text          0x000043ac      0x8d4 obj/default/web_server.o
                0x000043ac                lcd_ip_addr
                0x00004568                WSInitialTask
                0x000045e4                main
                0x00004798                lcd_output_text
                0x00004814                board_control_task
                0x000048c8                LED_task
                0x00004910                SSD_task
 .text          0x00004c80      0x14c c:/altera/12.0/nios2eds/bin/gnu/h-i686-mingw32/bin/../lib/gcc/nios2-elf/4.1.2\libgcc.a(lib2-divmod.o)
                0x00004cfc                __divsi3
                0x00004d5c                __modsi3
                0x00004dbc                __udivsi3
                0x00004dc4                __umodsi3
 .text          0x00004dcc       0x18 c:/altera/12.0/nios2eds/bin/gnu/h-i686-mingw32/bin/../lib/gcc/nios2-elf/4.1.2/../../../../nios2-elf/lib\libc.a(lib_a-atoi.o)
                0x00004dcc                _atoi_r
                0x00004dd8                atoi
 .text          0x00004de4        0x0 c:/altera/12.0/nios2eds/bin/gnu/h-i686-mingw32/bin/../lib/gcc/nios2-elf/4.1.2/../../../../nios2-elf/lib\libc.a(lib_a-ctype_.o)
 .text          0x00004de4      0x124 c:/altera/12.0/nios2eds/bin/gnu/h-i686-mingw32/bin/../lib/gcc/nios2-elf/4.1.2/../../../../nios2-elf/lib\libc.a(lib_a-fclose.o)
                0x00004de4                _fclose_r
                0x00004ef4                fclose
 .text          0x00004f08      0x230 c:/altera/12.0/nios2eds/bin/gnu/h-i686-mingw32/bin/../lib/gcc/nios2-elf/4.1.2/../../../../nios2-elf/lib\libc.a(lib_a-fflush.o)
                0x00004f08                _fflush_r
                0x00005104                fflush
 .text          0x00005138       0x48 c:/altera/12.0/nios2eds/bin/gnu/h-i686-mingw32/bin/../lib/gcc/nios2-elf/4.1.2/../../../../nios2-elf/lib\libc.a(lib_a-fgetpos.o)
                0x00005138                _fgetpos_r
                0x00005164                fgetpos
 .text          0x00005180      0x2c0 c:/altera/12.0/nios2eds/bin/gnu/h-i686-mingw32/bin/../lib/gcc/nios2-elf/4.1.2/../../../../nios2-elf/lib\libc.a(lib_a-findfp.o)
                0x000051d8                __sfp_lock_acquire
                0x000051dc                __sfp_lock_release
                0x000051e0                __sinit_lock_acquire
                0x000051e4                __sinit_lock_release
                0x000051e8                __sinit
                0x0000529c                __fp_unlock_all
                0x000052b4                __fp_lock_all
                0x000052cc                _cleanup_r
                0x000052d8                _cleanup
                0x000052e8                __sfmoreglue
                0x00005350                __sfp
 .text          0x00005440      0x110 c:/altera/12.0/nios2eds/bin/gnu/h-i686-mingw32/bin/../lib/gcc/nios2-elf/4.1.2/../../../../nios2-elf/lib\libc.a(lib_a-fopen.o)
                0x00005440                _fopen_r
                0x00005534                fopen
 .text          0x00005550       0x60 c:/altera/12.0/nios2eds/bin/gnu/h-i686-mingw32/bin/../lib/gcc/nios2-elf/4.1.2/../../../../nios2-elf/lib\libc.a(lib_a-fprintf.o)
                0x00005550                fprintf
                0x0000557c                _fprintf_r
 .text          0x000055b0      0x23c c:/altera/12.0/nios2eds/bin/gnu/h-i686-mingw32/bin/../lib/gcc/nios2-elf/4.1.2/../../../../nios2-elf/lib\libc.a(lib_a-fread.o)
                0x000055b0                _fread_r
                0x000057ac                fread
 .text          0x000057ec      0x440 c:/altera/12.0/nios2eds/bin/gnu/h-i686-mingw32/bin/../lib/gcc/nios2-elf/4.1.2/../../../../nios2-elf/lib\libc.a(lib_a-freer.o)
                0x000057ec                _malloc_trim_r
                0x00005918                _free_r
 .text          0x00005c2c      0x460 c:/altera/12.0/nios2eds/bin/gnu/h-i686-mingw32/bin/../lib/gcc/nios2-elf/4.1.2/../../../../nios2-elf/lib\libc.a(lib_a-fseek.o)
                0x00005c2c                _fseek_r
                0x00006068                fseek
 .text          0x0000608c       0x74 c:/altera/12.0/nios2eds/bin/gnu/h-i686-mingw32/bin/../lib/gcc/nios2-elf/4.1.2/../../../../nios2-elf/lib\libc.a(lib_a-fstatr.o)
                0x0000608c                _fstat_r
 .text          0x00006100      0x10c c:/altera/12.0/nios2eds/bin/gnu/h-i686-mingw32/bin/../lib/gcc/nios2-elf/4.1.2/../../../../nios2-elf/lib\libc.a(lib_a-ftell.o)
                0x00006100                _ftell_r
                0x000061f8                ftell
 .text          0x0000620c      0x180 c:/altera/12.0/nios2eds/bin/gnu/h-i686-mingw32/bin/../lib/gcc/nios2-elf/4.1.2/../../../../nios2-elf/lib\libc.a(lib_a-fwalk.o)
                0x0000620c                _fwalk_reent
                0x000062d4                _fwalk
 .text          0x0000638c       0xdc c:/altera/12.0/nios2eds/bin/gnu/h-i686-mingw32/bin/../lib/gcc/nios2-elf/4.1.2/../../../../nios2-elf/lib\libc.a(lib_a-fwrite.o)
                0x0000638c                _fwrite_r
                0x00006428                fwrite
 .text          0x00006468      0x128 c:/altera/12.0/nios2eds/bin/gnu/h-i686-mingw32/bin/../lib/gcc/nios2-elf/4.1.2/../../../../nios2-elf/lib\libc.a(lib_a-getc.o)
                0x00006468                getc
                0x00006500                _getc_r
 .text          0x00006590        0x0 c:/altera/12.0/nios2eds/bin/gnu/h-i686-mingw32/bin/../lib/gcc/nios2-elf/4.1.2/../../../../nios2-elf/lib\libc.a(lib_a-impure.o)
 .text          0x00006590        0x0 c:/altera/12.0/nios2eds/bin/gnu/h-i686-mingw32/bin/../lib/gcc/nios2-elf/4.1.2/../../../../nios2-elf/lib\libc.a(lib_a-int_errno.o)
 .text          0x00006590      0x194 c:/altera/12.0/nios2eds/bin/gnu/h-i686-mingw32/bin/../lib/gcc/nios2-elf/4.1.2/../../../../nios2-elf/lib\libc.a(lib_a-makebuf.o)
                0x00006590                __smakebuf_r
 .text          0x00006724      0x740 c:/altera/12.0/nios2eds/bin/gnu/h-i686-mingw32/bin/../lib/gcc/nios2-elf/4.1.2/../../../../nios2-elf/lib\libc.a(lib_a-mallocr.o)
                0x00006724                _malloc_r
 .text          0x00006e64       0xa0 c:/altera/12.0/nios2eds/bin/gnu/h-i686-mingw32/bin/../lib/gcc/nios2-elf/4.1.2/../../../../nios2-elf/lib\libc.a(lib_a-memcpy.o)
                0x00006e64                memcpy
 .text          0x00006f04       0xe0 c:/altera/12.0/nios2eds/bin/gnu/h-i686-mingw32/bin/../lib/gcc/nios2-elf/4.1.2/../../../../nios2-elf/lib\libc.a(lib_a-memmove.o)
                0x00006f04                memmove
 .text          0x00006fe4       0x98 c:/altera/12.0/nios2eds/bin/gnu/h-i686-mingw32/bin/../lib/gcc/nios2-elf/4.1.2/../../../../nios2-elf/lib\libc.a(lib_a-memset.o)
                0x00006fe4                memset
 .text          0x0000707c       0x78 c:/altera/12.0/nios2eds/bin/gnu/h-i686-mingw32/bin/../lib/gcc/nios2-elf/4.1.2/../../../../nios2-elf/lib\libc.a(lib_a-openr.o)
                0x0000707c                _open_r
 .text          0x000070f4       0x80 c:/altera/12.0/nios2eds/bin/gnu/h-i686-mingw32/bin/../lib/gcc/nios2-elf/4.1.2/../../../../nios2-elf/lib\libc.a(lib_a-perror.o)
                0x000070f4                _perror_r
                0x00007160                perror
 .text          0x00007174       0x78 c:/altera/12.0/nios2eds/bin/gnu/h-i686-mingw32/bin/../lib/gcc/nios2-elf/4.1.2/../../../../nios2-elf/lib\libc.a(lib_a-printf.o)
                0x00007174                printf
                0x000071b8                _printf_r
 .text          0x000071ec      0x1ec c:/altera/12.0/nios2eds/bin/gnu/h-i686-mingw32/bin/../lib/gcc/nios2-elf/4.1.2/../../../../nios2-elf/lib\libc.a(lib_a-putc.o)
                0x000071ec                putc
                0x000072f0                _putc_r
 .text          0x000073d8       0x24 c:/altera/12.0/nios2eds/bin/gnu/h-i686-mingw32/bin/../lib/gcc/nios2-elf/4.1.2/../../../../nios2-elf/lib\libc.a(lib_a-putchar.o)
                0x000073d8                putchar
                0x000073f4                _putchar_r
 .text          0x000073fc       0xb4 c:/altera/12.0/nios2eds/bin/gnu/h-i686-mingw32/bin/../lib/gcc/nios2-elf/4.1.2/../../../../nios2-elf/lib\libc.a(lib_a-puts.o)
                0x000073fc                _puts_r
                0x0000749c                puts
 .text          0x000074b0      0x1e0 c:/altera/12.0/nios2eds/bin/gnu/h-i686-mingw32/bin/../lib/gcc/nios2-elf/4.1.2/../../../../nios2-elf/lib\libc.a(lib_a-refill.o)
                0x000074b0                __srefill_r
 .text          0x00007690       0x60 c:/altera/12.0/nios2eds/bin/gnu/h-i686-mingw32/bin/../lib/gcc/nios2-elf/4.1.2/../../../../nios2-elf/lib\libc.a(lib_a-rget.o)
                0x00007690                __srget_r
                0x000076dc                __srget
 .text          0x000076f0       0x70 c:/altera/12.0/nios2eds/bin/gnu/h-i686-mingw32/bin/../lib/gcc/nios2-elf/4.1.2/../../../../nios2-elf/lib\libc.a(lib_a-sbrkr.o)
                0x000076f0                _sbrk_r
 .text          0x00007760       0xd4 c:/altera/12.0/nios2eds/bin/gnu/h-i686-mingw32/bin/../lib/gcc/nios2-elf/4.1.2/../../../../nios2-elf/lib\libc.a(lib_a-sprintf.o)
                0x00007760                sprintf
                0x000077d4                _sprintf_r
 .text          0x00007834      0x114 c:/altera/12.0/nios2eds/bin/gnu/h-i686-mingw32/bin/../lib/gcc/nios2-elf/4.1.2/../../../../nios2-elf/lib\libc.a(lib_a-sscanf.o)
                0x0000783c                _sscanf_r
                0x000078c4                sscanf
 .text          0x00007948      0x14c c:/altera/12.0/nios2eds/bin/gnu/h-i686-mingw32/bin/../lib/gcc/nios2-elf/4.1.2/../../../../nios2-elf/lib\libc.a(lib_a-stdio.o)
                0x00007948                __sclose
                0x00007950                __sseek
                0x000079b8                __swrite
                0x00007a34                __sread
 .text          0x00007a94       0xb0 c:/altera/12.0/nios2eds/bin/gnu/h-i686-mingw32/bin/../lib/gcc/nios2-elf/4.1.2/../../../../nios2-elf/lib\libc.a(lib_a-strcasecmp.o)
                0x00007a94                strcasecmp
 .text          0x00007b44       0x90 c:/altera/12.0/nios2eds/bin/gnu/h-i686-mingw32/bin/../lib/gcc/nios2-elf/4.1.2/../../../../nios2-elf/lib\libc.a(lib_a-strcat.o)
                0x00007b44                strcat
 .text          0x00007bd4       0xe0 c:/altera/12.0/nios2eds/bin/gnu/h-i686-mingw32/bin/../lib/gcc/nios2-elf/4.1.2/../../../../nios2-elf/lib\libc.a(lib_a-strchr.o)
                0x00007bd4                strchr
 .text          0x00007cb4       0xbc c:/altera/12.0/nios2eds/bin/gnu/h-i686-mingw32/bin/../lib/gcc/nios2-elf/4.1.2/../../../../nios2-elf/lib\libc.a(lib_a-strcmp.o)
                0x00007cb4                strcmp
 .text          0x00007d70       0x8c c:/altera/12.0/nios2eds/bin/gnu/h-i686-mingw32/bin/../lib/gcc/nios2-elf/4.1.2/../../../../nios2-elf/lib\libc.a(lib_a-strcpy.o)
                0x00007d70                strcpy
 .text          0x00007dfc      0x674 c:/altera/12.0/nios2eds/bin/gnu/h-i686-mingw32/bin/../lib/gcc/nios2-elf/4.1.2/../../../../nios2-elf/lib\libc.a(lib_a-strerror.o)
                0x00007dfc                strerror
 .text          0x00008470       0x74 c:/altera/12.0/nios2eds/bin/gnu/h-i686-mingw32/bin/../lib/gcc/nios2-elf/4.1.2/../../../../nios2-elf/lib\libc.a(lib_a-strlen.o)
                0x00008470                strlen
 .text          0x000084e4       0xf0 c:/altera/12.0/nios2eds/bin/gnu/h-i686-mingw32/bin/../lib/gcc/nios2-elf/4.1.2/../../../../nios2-elf/lib\libc.a(lib_a-strncmp.o)
                0x000084e4                strncmp
 .text          0x000085d4       0xbc c:/altera/12.0/nios2eds/bin/gnu/h-i686-mingw32/bin/../lib/gcc/nios2-elf/4.1.2/../../../../nios2-elf/lib\libc.a(lib_a-strncpy.o)
                0x000085d4                strncpy
 .text          0x00008690      0x794 c:/altera/12.0/nios2eds/bin/gnu/h-i686-mingw32/bin/../lib/gcc/nios2-elf/4.1.2/../../../../nios2-elf/lib\libc.a(lib_a-strstr.o)
                0x000087c4                strstr
 .text          0x00008e24       0x18 c:/altera/12.0/nios2eds/bin/gnu/h-i686-mingw32/bin/../lib/gcc/nios2-elf/4.1.2/../../../../nios2-elf/lib\libc.a(lib_a-strtok.o)
                0x00008e24                strtok
 .text          0x00008e3c       0xac c:/altera/12.0/nios2eds/bin/gnu/h-i686-mingw32/bin/../lib/gcc/nios2-elf/4.1.2/../../../../nios2-elf/lib\libc.a(lib_a-strtok_r.o)
                0x00008e3c                __strtok_r
                0x00008ee0                strtok_r
 .text          0x00008ee8      0x268 c:/altera/12.0/nios2eds/bin/gnu/h-i686-mingw32/bin/../lib/gcc/nios2-elf/4.1.2/../../../../nios2-elf/lib\libc.a(lib_a-strtol.o)
                0x00008ee8                _strtol_r
                0x0000912c                strtol
 .text          0x00009150        0x8 c:/altera/12.0/nios2eds/bin/gnu/h-i686-mingw32/bin/../lib/gcc/nios2-elf/4.1.2/../../../../nios2-elf/lib\libc.a(lib_a-u_strerr.o)
                0x00009150                _user_strerror
 .text          0x00009158     0x1f28 c:/altera/12.0/nios2eds/bin/gnu/h-i686-mingw32/bin/../lib/gcc/nios2-elf/4.1.2/../../../../nios2-elf/lib\libc.a(lib_a-vfprintf.o)
                0x000091b0                ___vfprintf_internal_r
                0x0000b05c                __vfprintf_internal
 .text          0x0000b080     0x1780 c:/altera/12.0/nios2eds/bin/gnu/h-i686-mingw32/bin/../lib/gcc/nios2-elf/4.1.2/../../../../nios2-elf/lib\libc.a(lib_a-vfscanf.o)
                0x0000b080                __svfscanf_r
                0x0000c700                __svfscanf
                0x0000c724                _vfscanf_r
                0x0000c78c                vfscanf
 .text          0x0000c800      0x14c c:/altera/12.0/nios2eds/bin/gnu/h-i686-mingw32/bin/../lib/gcc/nios2-elf/4.1.2/../../../../nios2-elf/lib\libc.a(lib_a-wbuf.o)
                0x0000c800                __swbuf_r
                0x0000c930                __swbuf
 .text          0x0000c94c       0x78 c:/altera/12.0/nios2eds/bin/gnu/h-i686-mingw32/bin/../lib/gcc/nios2-elf/4.1.2/../../../../nios2-elf/lib\libc.a(lib_a-writer.o)
                0x0000c94c                _write_r
 .text          0x0000c9c4      0x13c c:/altera/12.0/nios2eds/bin/gnu/h-i686-mingw32/bin/../lib/gcc/nios2-elf/4.1.2/../../../../nios2-elf/lib\libc.a(lib_a-wsetup.o)
                0x0000c9c4                __swsetup_r
 .text          0x0000cb00       0x70 c:/altera/12.0/nios2eds/bin/gnu/h-i686-mingw32/bin/../lib/gcc/nios2-elf/4.1.2/../../../../nios2-elf/lib\libc.a(lib_a-closer.o)
                0x0000cb00                _close_r
 .text          0x0000cb70     0x17cc c:/altera/12.0/nios2eds/bin/gnu/h-i686-mingw32/bin/../lib/gcc/nios2-elf/4.1.2/../../../../nios2-elf/lib\libc.a(lib_a-dtoa.o)
                0x0000cd88                _dtoa_r
 .text          0x0000e33c       0xa0 c:/altera/12.0/nios2eds/bin/gnu/h-i686-mingw32/bin/../lib/gcc/nios2-elf/4.1.2/../../../../nios2-elf/lib\libc.a(lib_a-flags.o)
                0x0000e33c                __sflags
 .text          0x0000e3dc       0xbc c:/altera/12.0/nios2eds/bin/gnu/h-i686-mingw32/bin/../lib/gcc/nios2-elf/4.1.2/../../../../nios2-elf/lib\libc.a(lib_a-fputc.o)
                0x0000e3dc                fputc
                0x0000e440                _fputc_r
 .text          0x0000e498       0x90 c:/altera/12.0/nios2eds/bin/gnu/h-i686-mingw32/bin/../lib/gcc/nios2-elf/4.1.2/../../../../nios2-elf/lib\libc.a(lib_a-fputs.o)
                0x0000e498                _fputs_r
                0x0000e50c                fputs
 .text          0x0000e528      0x49c c:/altera/12.0/nios2eds/bin/gnu/h-i686-mingw32/bin/../lib/gcc/nios2-elf/4.1.2/../../../../nios2-elf/lib\libc.a(lib_a-fvwrite.o)
                0x0000e528                __sfvwrite_r
 .text          0x0000e9c4       0x70 c:/altera/12.0/nios2eds/bin/gnu/h-i686-mingw32/bin/../lib/gcc/nios2-elf/4.1.2/../../../../nios2-elf/lib\libc.a(lib_a-isattyr.o)
                0x0000e9c4                _isatty_r
 .text          0x0000ea34       0x2c c:/altera/12.0/nios2eds/bin/gnu/h-i686-mingw32/bin/../lib/gcc/nios2-elf/4.1.2/../../../../nios2-elf/lib\libc.a(lib_a-iswspace.o)
                0x0000ea34                iswspace
 .text          0x0000ea60       0xc4 c:/altera/12.0/nios2eds/bin/gnu/h-i686-mingw32/bin/../lib/gcc/nios2-elf/4.1.2/../../../../nios2-elf/lib\libc.a(lib_a-locale.o)
                0x0000ea60                __locale_charset
                0x0000ea68                _localeconv_r
                0x0000ea74                localeconv
                0x0000ea84                _setlocale_r
                0x0000eb08                setlocale
 .text          0x0000eb24       0x78 c:/altera/12.0/nios2eds/bin/gnu/h-i686-mingw32/bin/../lib/gcc/nios2-elf/4.1.2/../../../../nios2-elf/lib\libc.a(lib_a-lseekr.o)
                0x0000eb24                _lseek_r
 .text          0x0000eb9c       0xc0 c:/altera/12.0/nios2eds/bin/gnu/h-i686-mingw32/bin/../lib/gcc/nios2-elf/4.1.2/../../../../nios2-elf/lib\libc.a(lib_a-mbrtowc.o)
                0x0000eb9c                _mbrtowc_r
                0x0000ec1c                mbrtowc
 .text          0x0000ec5c       0x40 c:/altera/12.0/nios2eds/bin/gnu/h-i686-mingw32/bin/../lib/gcc/nios2-elf/4.1.2/../../../../nios2-elf/lib\libc.a(lib_a-mbtowc_r.o)
                0x0000ec5c                _mbtowc_r
 .text          0x0000ec9c       0xe4 c:/altera/12.0/nios2eds/bin/gnu/h-i686-mingw32/bin/../lib/gcc/nios2-elf/4.1.2/../../../../nios2-elf/lib\libc.a(lib_a-memchr.o)
                0x0000ec9c                memchr
 .text          0x0000ed80       0x74 c:/altera/12.0/nios2eds/bin/gnu/h-i686-mingw32/bin/../lib/gcc/nios2-elf/4.1.2/../../../../nios2-elf/lib\libc.a(lib_a-memcmp.o)
                0x0000ed80                memcmp
 .text          0x0000edf4      0xff4 c:/altera/12.0/nios2eds/bin/gnu/h-i686-mingw32/bin/../lib/gcc/nios2-elf/4.1.2/../../../../nios2-elf/lib\libc.a(lib_a-mprec.o)
                0x0000edf4                _Bfree
                0x0000ee1c                __hi0bits
                0x0000ee8c                __lo0bits
                0x0000ef50                __mcmp
                0x0000efb0                __ulp
                0x0000f030                __b2d
                0x0000f150                __ratio
                0x0000f200                _mprec_log10
                0x0000f294                __copybits
                0x0000f2ec                __any_on
                0x0000f374                _Balloc
                0x0000f430                __d2b
                0x0000f5ac                __mdiff
                0x0000f738                __lshift
                0x0000f884                __multiply
                0x0000fa6c                __i2b
                0x0000faa8                __multadd
                0x0000fba8                __pow5mult
                0x0000fcc8                __s2b
 .text          0x0000fde8       0x78 c:/altera/12.0/nios2eds/bin/gnu/h-i686-mingw32/bin/../lib/gcc/nios2-elf/4.1.2/../../../../nios2-elf/lib\libc.a(lib_a-readr.o)
                0x0000fde8                _read_r
 .text          0x0000fe60      0x5f4 c:/altera/12.0/nios2eds/bin/gnu/h-i686-mingw32/bin/../lib/gcc/nios2-elf/4.1.2/../../../../nios2-elf/lib\libc.a(lib_a-reallocr.o)
                0x0000fe60                _realloc_r
 .text          0x00010454       0x40 c:/altera/12.0/nios2eds/bin/gnu/h-i686-mingw32/bin/../lib/gcc/nios2-elf/4.1.2/../../../../nios2-elf/lib\libc.a(lib_a-s_isinfd.o)
                0x00010454                __isinfd
 .text          0x00010494       0x30 c:/altera/12.0/nios2eds/bin/gnu/h-i686-mingw32/bin/../lib/gcc/nios2-elf/4.1.2/../../../../nios2-elf/lib\libc.a(lib_a-s_isnand.o)
                0x00010494                __isnand
 .text          0x000104c4       0xc0 c:/altera/12.0/nios2eds/bin/gnu/h-i686-mingw32/bin/../lib/gcc/nios2-elf/4.1.2/../../../../nios2-elf/lib\libc.a(lib_a-sccl.o)
                0x000104c4                __sccl
 .text          0x00010584        0x8 c:/altera/12.0/nios2eds/bin/gnu/h-i686-mingw32/bin/../lib/gcc/nios2-elf/4.1.2/../../../../nios2-elf/lib\libc.a(lib_a-sf_nan.o)
                0x00010584                nanf
 .text          0x0001058c     0x166c c:/altera/12.0/nios2eds/bin/gnu/h-i686-mingw32/bin/../lib/gcc/nios2-elf/4.1.2/../../../../nios2-elf/lib\libc.a(lib_a-strtod.o)
                0x000105d4                _strtod_r
                0x00011ab8                strtof
                0x00011bdc                strtod
 .text          0x00011bf8      0x318 c:/altera/12.0/nios2eds/bin/gnu/h-i686-mingw32/bin/../lib/gcc/nios2-elf/4.1.2/../../../../nios2-elf/lib\libc.a(lib_a-strtoll_r.o)
                0x00011bf8                _strtoll_r
 .text          0x00011f10      0x254 c:/altera/12.0/nios2eds/bin/gnu/h-i686-mingw32/bin/../lib/gcc/nios2-elf/4.1.2/../../../../nios2-elf/lib\libc.a(lib_a-strtoul.o)
                0x00011f10                _strtoul_r
                0x00012140                strtoul
 .text          0x00012164      0x2f0 c:/altera/12.0/nios2eds/bin/gnu/h-i686-mingw32/bin/../lib/gcc/nios2-elf/4.1.2/../../../../nios2-elf/lib\libc.a(lib_a-strtoull_r.o)
                0x00012164                _strtoull_r
 .text          0x00012454      0x294 c:/altera/12.0/nios2eds/bin/gnu/h-i686-mingw32/bin/../lib/gcc/nios2-elf/4.1.2/../../../../nios2-elf/lib\libc.a(lib_a-ungetc.o)
                0x00012454                __submore
                0x00012530                _ungetc_r
                0x000126cc                ungetc
 .text          0x000126e8       0xb4 c:/altera/12.0/nios2eds/bin/gnu/h-i686-mingw32/bin/../lib/gcc/nios2-elf/4.1.2/../../../../nios2-elf/lib\libc.a(lib_a-callocr.o)
                0x000126e8                _calloc_r
 .text          0x0001279c      0x8f4 c:/altera/12.0/nios2eds/bin/gnu/h-i686-mingw32/bin/../lib/gcc/nios2-elf/4.1.2/../../../../nios2-elf/lib\libc.a(lib_a-gdtoa-gethex.o)
                0x000127c0                __hexdig_init
                0x000128d8                __gethex
 .text          0x00013090      0x294 c:/altera/12.0/nios2eds/bin/gnu/h-i686-mingw32/bin/../lib/gcc/nios2-elf/4.1.2/../../../../nios2-elf/lib\libc.a(lib_a-gdtoa-hexnan.o)
                0x000130dc                __hexnan
 .text          0x00013324       0x98 c:/altera/12.0/nios2eds/bin/gnu/h-i686-mingw32/bin/../lib/gcc/nios2-elf/4.1.2\libgcc.a(_muldi3.o)
                0x00013324                __muldi3
 .text          0x000133bc       0xa4 c:/altera/12.0/nios2eds/bin/gnu/h-i686-mingw32/bin/../lib/gcc/nios2-elf/4.1.2\libgcc.a(_fixunsdfsi.o)
                0x000133bc                __fixunsdfsi
 .text          0x00013460      0x5dc c:/altera/12.0/nios2eds/bin/gnu/h-i686-mingw32/bin/../lib/gcc/nios2-elf/4.1.2\libgcc.a(_udivdi3.o)
                0x00013460                __udivdi3
 .text          0x00013a3c      0x5b0 c:/altera/12.0/nios2eds/bin/gnu/h-i686-mingw32/bin/../lib/gcc/nios2-elf/4.1.2\libgcc.a(_umoddi3.o)
                0x00013a3c                __umoddi3
 .text          0x00013fec       0x78 c:/altera/12.0/nios2eds/bin/gnu/h-i686-mingw32/bin/../lib/gcc/nios2-elf/4.1.2\libgcc.a(_ne_sf.o)
                0x00013fec                __nesf2
 .text          0x00014064       0x78 c:/altera/12.0/nios2eds/bin/gnu/h-i686-mingw32/bin/../lib/gcc/nios2-elf/4.1.2\libgcc.a(_gt_sf.o)
                0x00014064                __gtsf2
 .text          0x000140dc       0x78 c:/altera/12.0/nios2eds/bin/gnu/h-i686-mingw32/bin/../lib/gcc/nios2-elf/4.1.2\libgcc.a(_lt_sf.o)
                0x000140dc                __ltsf2
 .text          0x00014154      0x504 c:/altera/12.0/nios2eds/bin/gnu/h-i686-mingw32/bin/../lib/gcc/nios2-elf/4.1.2\libgcc.a(_addsub_df.o)
                0x00014564                __subdf3
                0x000145e4                __adddf3
 .text          0x00014658      0x3c4 c:/altera/12.0/nios2eds/bin/gnu/h-i686-mingw32/bin/../lib/gcc/nios2-elf/4.1.2\libgcc.a(_mul_df.o)
                0x00014658                __muldf3
 .text          0x00014a1c      0x258 c:/altera/12.0/nios2eds/bin/gnu/h-i686-mingw32/bin/../lib/gcc/nios2-elf/4.1.2\libgcc.a(_div_df.o)
                0x00014a1c                __divdf3
 .text          0x00014c74       0x88 c:/altera/12.0/nios2eds/bin/gnu/h-i686-mingw32/bin/../lib/gcc/nios2-elf/4.1.2\libgcc.a(_eq_df.o)
                0x00014c74                __eqdf2
 .text          0x00014cfc       0x88 c:/altera/12.0/nios2eds/bin/gnu/h-i686-mingw32/bin/../lib/gcc/nios2-elf/4.1.2\libgcc.a(_ne_df.o)
                0x00014cfc                __nedf2
 .text          0x00014d84       0x88 c:/altera/12.0/nios2eds/bin/gnu/h-i686-mingw32/bin/../lib/gcc/nios2-elf/4.1.2\libgcc.a(_gt_df.o)
                0x00014d84                __gtdf2
 .text          0x00014e0c       0x88 c:/altera/12.0/nios2eds/bin/gnu/h-i686-mingw32/bin/../lib/gcc/nios2-elf/4.1.2\libgcc.a(_ge_df.o)
                0x00014e0c                __gedf2
 .text          0x00014e94       0x88 c:/altera/12.0/nios2eds/bin/gnu/h-i686-mingw32/bin/../lib/gcc/nios2-elf/4.1.2\libgcc.a(_lt_df.o)
                0x00014e94                __ltdf2
 .text          0x00014f1c       0x88 c:/altera/12.0/nios2eds/bin/gnu/h-i686-mingw32/bin/../lib/gcc/nios2-elf/4.1.2\libgcc.a(_le_df.o)
                0x00014f1c                __ledf2
 .text          0x00014fa4       0xf8 c:/altera/12.0/nios2eds/bin/gnu/h-i686-mingw32/bin/../lib/gcc/nios2-elf/4.1.2\libgcc.a(_si_to_df.o)
                0x00014fa4                __floatsidf
 .text          0x0001509c       0xd8 c:/altera/12.0/nios2eds/bin/gnu/h-i686-mingw32/bin/../lib/gcc/nios2-elf/4.1.2\libgcc.a(_df_to_si.o)
                0x0001509c                __fixdfsi
 .text          0x00015174       0x74 c:/altera/12.0/nios2eds/bin/gnu/h-i686-mingw32/bin/../lib/gcc/nios2-elf/4.1.2\libgcc.a(_df_to_sf.o)
                0x00015174                __truncdfsf2
 .text          0x000151e8        0x0 c:/altera/12.0/nios2eds/bin/gnu/h-i686-mingw32/bin/../lib/gcc/nios2-elf/4.1.2\libgcc.a(_thenan_df.o)
 .text          0x000151e8      0x194 c:/altera/12.0/nios2eds/bin/gnu/h-i686-mingw32/bin/../lib/gcc/nios2-elf/4.1.2\libgcc.a(_usi_to_df.o)
                0x000151e8                __floatunsidf
 .text          0x0001537c        0x0 c:/altera/12.0/nios2eds/bin/gnu/h-i686-mingw32/bin/../lib/gcc/nios2-elf/4.1.2\libgcc.a(_clz.o)
 .text          0x0001537c       0x80 c:/altera/12.0/nios2eds/bin/gnu/h-i686-mingw32/bin/../lib/gcc/nios2-elf/4.1.2\libgcc.a(_clzsi2.o)
                0x0001537c                __clzsi2
 .text          0x000153fc       0xc8 c:/altera/12.0/nios2eds/bin/gnu/h-i686-mingw32/bin/../lib/gcc/nios2-elf/4.1.2\libgcc.a(_unpack_sf.o)
                0x000153fc                __unpack_f
 .text          0x000154c4       0xa8 c:/altera/12.0/nios2eds/bin/gnu/h-i686-mingw32/bin/../lib/gcc/nios2-elf/4.1.2\libgcc.a(_fpcmp_parts_sf.o)
                0x000154c4                __fpcmp_parts_f
 .text          0x0001556c       0x2c c:/altera/12.0/nios2eds/bin/gnu/h-i686-mingw32/bin/../lib/gcc/nios2-elf/4.1.2\libgcc.a(_make_sf.o)
                0x0001556c                __make_fp
 .text          0x00015598      0x314 c:/altera/12.0/nios2eds/bin/gnu/h-i686-mingw32/bin/../lib/gcc/nios2-elf/4.1.2\libgcc.a(_pack_df.o)
                0x00015598                __pack_d
 .text          0x000158ac      0x138 c:/altera/12.0/nios2eds/bin/gnu/h-i686-mingw32/bin/../lib/gcc/nios2-elf/4.1.2\libgcc.a(_unpack_df.o)
                0x000158ac                __unpack_d
 .text          0x000159e4       0xc8 c:/altera/12.0/nios2eds/bin/gnu/h-i686-mingw32/bin/../lib/gcc/nios2-elf/4.1.2\libgcc.a(_fpcmp_parts_df.o)
                0x000159e4                __fpcmp_parts_d
 .text          0x00015aac      0x160 c:/altera/12.0/nios2eds/bin/gnu/h-i686-mingw32/bin/../lib/gcc/nios2-elf/4.1.2\libgcc.a(_pack_sf.o)
                0x00015aac                __pack_f
 .text          0x00015c0c       0x78 ../web_server_bsp/\libucosii_bsp.a(alt_dcache_flush.o)
                0x00015c0c                alt_dcache_flush
 .text          0x00015c84       0xd0 ../web_server_bsp/\libucosii_bsp.a(alt_flash_dev.o)
                0x00015c84                alt_flash_open_dev
                0x00015d00                alt_flash_close_dev
 .text          0x00015d54      0x134 ../web_server_bsp/\libucosii_bsp.a(alt_fstat.o)
                0x00015d54                fstat
 .text          0x00015e88      0x120 ../web_server_bsp/\libucosii_bsp.a(alt_isatty.o)
                0x00015e88                isatty
 .text          0x00015fa8       0xec ../web_server_bsp/\libucosii_bsp.a(alt_load.o)
                0x00015fa8                alt_load
 .text          0x00016094      0x150 ../web_server_bsp/\libucosii_bsp.a(alt_lseek.o)
                0x00016094                lseek
 .text          0x000161e4       0xc8 ../web_server_bsp/\libucosii_bsp.a(alt_main.o)
                0x000161e4                alt_main
 .text          0x000162ac      0x2c4 ../web_server_bsp/\libucosii_bsp.a(alt_open.o)
                0x00016388                open
 .text          0x00016570       0x60 ../web_server_bsp/\libucosii_bsp.a(alt_release_fd.o)
                0x00016570                alt_release_fd
 .text          0x000165d0       0xbc ../web_server_bsp/\libucosii_bsp.a(alt_sbrk.o)
                0x000165d0                sbrk
 .text          0x0001668c      0x1a8 ../web_server_bsp/\libucosii_bsp.a(alt_tick.o)
                0x0001668c                alt_alarm_stop
                0x00016724                alt_tick
 .text          0x00016834      0x118 ../web_server_bsp/\libucosii_bsp.a(alt_usleep.o)
                0x00016834                usleep
 .text          0x0001694c      0x108 ../web_server_bsp/\libucosii_bsp.a(alt_env_lock.o)
                0x0001694c                __env_lock
                0x000169f8                __env_unlock
 .text          0x00016a54      0x1d8 ../web_server_bsp/\libucosii_bsp.a(alt_malloc_lock.o)
                0x00016a54                __malloc_lock
                0x00016b5c                __malloc_unlock
 .text          0x00016c2c     0x2128 ../web_server_bsp/\libucosii_bsp.a(os_core.o)
                0x00016c2c                OSEventNameGet
                0x00016d5c                OSEventNameSet
                0x00016ea0                OSEventPendMulti
                0x00017554                OSInit
                0x000175a8                OSIntEnter
                0x00017624                OSIntExit
                0x00017724                OSSchedLock
                0x000177b0                OSSchedUnlock
                0x00017894                OSStart
                0x00017904                OSStatInit
                0x000179b0                OSTimeTick
                0x00017bf0                OSVersion
                0x00017c10                OS_Dummy
                0x00017c2c                OS_EventTaskRdy
                0x00017dc0                OS_EventTaskWait
                0x00017ed0                OS_EventTaskWaitMulti
                0x00018024                OS_EventTaskRemove
                0x000180dc                OS_EventTaskRemoveMulti
                0x000181e0                OS_EventWaitListInit
                0x000185ac                OS_MemClr
                0x00018600                OS_MemCopy
                0x0001866c                OS_Sched
                0x000187b0                OS_StrCopy
                0x00018830                OS_StrLen
                0x00018888                OS_TaskIdle
                0x000188e4                OS_TaskStat
                0x000189ac                OS_TaskStatStkChk
                0x00018a74                OS_TCBInit
 .text          0x00018d54      0x18c ../web_server_bsp/\libucosii_bsp.a(os_dbg.o)
                0x00018d54                OSDebugInit
 .text          0x00018ee0     0x193c ../web_server_bsp/\libucosii_bsp.a(os_flag.o)
                0x00018ee0                OSFlagAccept
                0x00019214                OSFlagCreate
                0x00019350                OSFlagDel
                0x000195f8                OSFlagNameGet
                0x0001973c                OSFlagNameSet
                0x00019890                OSFlagPend
                0x00019ed4                OSFlagPendGetFlagsRdy
                0x00019f3c                OSFlagPost
                0x0001a2e4                OSFlagQuery
                0x0001a57c                OS_FlagInit
                0x0001a770                OS_FlagUnlink
 .text          0x0001a81c      0xc8c ../web_server_bsp/\libucosii_bsp.a(os_mbox.o)
                0x0001a81c                OSMboxAccept
                0x0001a8c0                OSMboxCreate
                0x0001a9d4                OSMboxDel
                0x0001ac74                OSMboxPend
                0x0001af3c                OSMboxPendAbort
                0x0001b0b8                OSMboxPost
                0x0001b1ec                OSMboxPostOpt
                0x0001b378                OSMboxQuery
 .text          0x0001b4a8      0x808 ../web_server_bsp/\libucosii_bsp.a(os_mem.o)
                0x0001b4a8                OSMemCreate
                0x0001b6c4                OSMemGet
                0x0001b7c8                OSMemNameGet
                0x0001b8d4                OSMemNameSet
                0x0001b9f4                OSMemPut
                0x0001bae4                OSMemQuery
                0x0001bbe0                OS_MemInit
 .text          0x0001bcb0     0x1334 ../web_server_bsp/\libucosii_bsp.a(os_q.o)
                0x0001bcb0                OSQAccept
                0x0001be04                OSQCreate
                0x0001c018                OSQDel
                0x0001c318                OSQFlush
                0x0001c3e0                OSQPend
                0x0001c700                OSQPendAbort
                0x0001c87c                OSQPost
                0x0001c9fc                OSQPostFront
                0x0001cb84                OSQPostOpt
                0x0001cdb8                OSQQuery
                0x0001cf38                OS_QInit
 .text          0x0001cfe4      0xbc8 ../web_server_bsp/\libucosii_bsp.a(os_sem.o)
                0x0001cfe4                OSSemAccept
                0x0001d0a4                OSSemCreate
                0x0001d1b8                OSSemDel
                0x0001d458                OSSemPend
                0x0001d6d4                OSSemPendAbort
                0x0001d850                OSSemPost
                0x0001d978                OSSemQuery
                0x0001daa8                OSSemSet
 .text          0x0001dbac     0x1a40 ../web_server_bsp/\libucosii_bsp.a(os_task.o)
                0x0001dbac                OSTaskChangePrio
                0x0001e120                OSTaskCreate
                0x0001e2f4                OSTaskCreateExt
                0x0001e4f4                OSTaskDel
                0x0001e900                OSTaskDelReq
                0x0001ea70                OSTaskNameGet
                0x0001ec28                OSTaskNameSet
                0x0001edec                OSTaskResume
                0x0001f004                OSTaskStkChk
                0x0001f200                OSTaskSuspend
                0x0001f42c                OSTaskQuery
                0x0001f570                OS_TaskStkClr
 .text          0x0001f5ec      0x598 ../web_server_bsp/\libucosii_bsp.a(os_time.o)
                0x0001f5ec                OSTimeDly
                0x0001f738                OSTimeDlyHMSM
                0x0001f8ac                OSTimeDlyResume
                0x0001fabc                OSTimeGet
                0x0001fb20                OSTimeSet
 .text          0x0001fb84      0x31c ../web_server_bsp/\libucosii_bsp.a(alt_sys_init.o)
                0x0001fb84                alt_irq_init
                0x0001fbb8                alt_sys_init
 .text          0x0001fea0      0x8c8 ../web_server_bsp/\libucosii_bsp.a(altera_avalon_cfi_flash.o)
                0x0001fea0                alt_flash_cfi_init
                0x0001ff74                alt_flash_cfi_write
                0x00020234                alt_flash_cfi_get_info
                0x000202c4                alt_flash_cfi_read
                0x0002032c                alt_write_value_to_flash
                0x00020490                alt_flash_program_block
 .text          0x00020768     0x1448 ../web_server_bsp/\libucosii_bsp.a(altera_avalon_cfi_flash_table.o)
                0x00020768                alt_read_query_entry_8bit
                0x000207a8                alt_read_query_entry_16bit
                0x000207ec                alt_read_query_entry_32bit
                0x00020834                alt_write_flash_command_8bit_device_8bit_mode
                0x00020870                alt_write_flash_command_16bit_device_8bit_mode
                0x000208ec                alt_write_flash_command_32bit_device_8bit_mode
                0x00020934                alt_write_flash_command_16bit_device_16bit_mode
                0x00020978                alt_write_flash_command_32bit_device_16bit_mode
                0x000209c0                alt_write_flash_command_32bit_device_32bit_mode
                0x00020a08                alt_write_native_8bit
                0x00020a3c                alt_write_native_16bit
                0x00020a70                alt_write_native_32bit
                0x00020aa0                alt_set_flash_width_func
                0x00020c80                alt_set_flash_algorithm_func
                0x00020da8                alt_read_cfi_table
                0x00021328                alt_read_cfi_width
                0x00021ad4                alt_check_primary_table
 .text          0x00021bb0      0x148 ../web_server_bsp/\libucosii_bsp.a(altera_avalon_jtag_uart_fd.o)
                0x00021bb0                altera_avalon_jtag_uart_read_fd
                0x00021c08                altera_avalon_jtag_uart_write_fd
                0x00021c60                altera_avalon_jtag_uart_close_fd
                0x00021ca8                altera_avalon_jtag_uart_ioctl_fd
 .text          0x00021cf8      0x584 ../web_server_bsp/\libucosii_bsp.a(altera_avalon_jtag_uart_init.o)
                0x00021cf8                altera_avalon_jtag_uart_init
                0x00022208                altera_avalon_jtag_uart_close
 .text          0x0002227c       0xf4 ../web_server_bsp/\libucosii_bsp.a(altera_avalon_jtag_uart_ioctl.o)
                0x0002227c                altera_avalon_jtag_uart_ioctl
 .text          0x00022370      0x2c0 ../web_server_bsp/\libucosii_bsp.a(altera_avalon_jtag_uart_read.o)
                0x00022370                altera_avalon_jtag_uart_read
 .text          0x00022630      0x2dc ../web_server_bsp/\libucosii_bsp.a(altera_avalon_jtag_uart_write.o)
                0x00022630                altera_avalon_jtag_uart_write
 .text          0x0002290c      0xf3c ../web_server_bsp/\libucosii_bsp.a(altera_avalon_lcd_16207.o)
                0x000230e0                altera_avalon_lcd_16207_write
                0x000236e4                altera_avalon_lcd_16207_init
 .text          0x00023848       0x58 ../web_server_bsp/\libucosii_bsp.a(altera_avalon_lcd_16207_fd.o)
                0x00023848                altera_avalon_lcd_16207_write_fd
 .text          0x000238a0      0xde4 ../web_server_bsp/\libucosii_bsp.a(altera_avalon_sgdma.o)
                0x000238a0                alt_avalon_sgdma_do_async_transfer
                0x000239dc                alt_avalon_sgdma_do_sync_transfer
                0x00023b00                alt_avalon_sgdma_construct_mem_to_mem_desc
                0x00023b70                alt_avalon_sgdma_construct_mem_to_mem_desc_burst
                0x00023bf0                alt_avalon_sgdma_construct_stream_to_mem_desc
                0x00023c44                alt_avalon_sgdma_construct_stream_to_mem_desc_burst
                0x00023cb4                alt_avalon_sgdma_construct_mem_to_stream_desc
                0x00023d28                alt_avalon_sgdma_construct_mem_to_stream_desc_burst
                0x00023dac                alt_avalon_sgdma_register_callback
                0x00023dfc                alt_avalon_sgdma_start
                0x00023e50                alt_avalon_sgdma_stop
                0x00023ea8                alt_avalon_sgdma_check_descriptor_status
                0x00023f18                alt_avalon_sgdma_open
                0x00023fd0                alt_avalon_sgdma_construct_descriptor
                0x00024058                alt_avalon_sgdma_enable_desc_poll
                0x000240d4                alt_avalon_sgdma_disable_desc_poll
                0x00024130                alt_avalon_sgdma_construct_descriptor_burst
                0x000245d8                alt_avalon_sgdma_init
 .text          0x00024684      0x100 ../web_server_bsp/\libucosii_bsp.a(altera_avalon_timer_sc.o)
                0x000246f4                alt_avalon_timer_sc_init
 .text          0x00024784     0x5350 ../web_server_bsp/\libucosii_bsp.a(altera_avalon_tse.o)
                0x00024784                no_printf
                0x000247b0                tse_mac_initTransInfo2
                0x00024810                tse_mac_sTxWrite
                0x00024900                tse_mac_aRxRead
                0x000249a4                tse_mac_SwReset
                0x00024a38                tse_mac_setMIImode
                0x00024a90                tse_mac_setGMIImode
                0x00024ae4                alt_tse_phy_add_profile
                0x00024cbc                alt_tse_system_add_sys
                0x000256d0                alt_tse_sys_enable_mdio_sharing
                0x00025848                alt_tse_mac_get_common_speed
                0x00025888                alt_tse_mac_set_common_speed
                0x000258d0                alt_tse_get_system_index
                0x0002594c                alt_tse_get_mac_group_index
                0x000259cc                alt_tse_get_mac_info_index
                0x00025a58                alt_tse_get_mac_info
                0x00025b38                alt_tse_mac_set_speed
                0x00025c24                alt_tse_mac_set_duplex
                0x00025cbc                getPHYSpeed
                0x00026ad4                alt_tse_phy_rd_mdio_addr
                0x00026b1c                alt_tse_phy_wr_mdio_addr
                0x00026b70                alt_tse_phy_wr_mdio_reg
                0x00026c98                alt_tse_phy_rd_mdio_reg
                0x00026d5c                alt_tse_phy_add_profile_default
                0x00026fd4                alt_tse_phy_print_profile
                0x000271c4                alt_tse_mac_group_init
                0x000278d0                alt_tse_mac_get_phy
                0x00027ce8                alt_tse_mac_associate_phy
                0x00027f20                alt_tse_phy_cfg_pcs
                0x00028040                alt_tse_phy_init
                0x00028154                alt_tse_phy_restart_an
                0x00028304                alt_tse_phy_check_link
                0x00028448                alt_tse_phy_get_cap
                0x00028988                alt_tse_phy_set_adv_1000
                0x00028b1c                alt_tse_phy_set_adv_100
                0x00028d2c                alt_tse_phy_set_adv_10
                0x00028ec4                alt_tse_phy_get_common_speed
                0x000291e0                alt_tse_phy_set_common_speed
                0x000296c4                marvell_phy_cfg
                0x0002976c                marvell_cfg_gmii
                0x00029860                marvell_cfg_sgmii
                0x00029954                marvell_cfg_rgmii
                0x00029a54                DP83848C_link_status_read
 .text          0x00029ad4       0xf8 ../web_server_bsp/\libucosii_bsp.a(altera_avalon_uart_fd.o)
                0x00029ad4                altera_avalon_uart_read_fd
                0x00029b2c                altera_avalon_uart_write_fd
                0x00029b84                altera_avalon_uart_close_fd
 .text          0x00029bcc      0x57c ../web_server_bsp/\libucosii_bsp.a(altera_avalon_uart_init.o)
                0x00029bcc                altera_avalon_uart_init
                0x0002a0e8                altera_avalon_uart_close
 .text          0x0002a148      0x310 ../web_server_bsp/\libucosii_bsp.a(altera_avalon_uart_read.o)
                0x0002a148                altera_avalon_uart_read
 .text          0x0002a458      0x2a8 ../web_server_bsp/\libucosii_bsp.a(altera_avalon_uart_write.o)
                0x0002a458                altera_avalon_uart_write
 .text          0x0002a700      0xb70 ../web_server_bsp/\libucosii_bsp.a(altera_ro_zipfs.o)
                0x0002a974                check_directory_header
                0x0002aecc                alt_ro_zipfs_open
                0x0002af64                alt_ro_zipfs_read
                0x0002b060                alt_ro_zipfs_seek
                0x0002b1a8                alt_ro_zipfs_fstat
                0x0002b218                alt_ro_zipfs_check_valid
 .text          0x0002b270     0x1778 ../web_server_bsp/\libucosii_bsp.a(ins_tse_mac.o)
                0x0002b270                triple_speed_ethernet_init
                0x0002b3cc                prep_tse_mac
                0x0002b624                tse_mac_init
                0x0002c10c                tse_mac_raw_send
                0x0002c404                tse_sgdmaRx_isr
                0x0002c4ac                tse_sgdma_read_init
                0x0002c654                tse_mac_rcv
                0x0002c8a4                tse_mac_stats
                0x0002c8e4                tse_mac_close
 .text          0x0002c9e8       0x54 ../web_server_bsp/\libucosii_bsp.a(alt_iniche_close.o)
                0x0002c9e8                close
 .text          0x0002ca3c      0x144 ../web_server_bsp/\libucosii_bsp.a(alt_iniche_dev.o)
                0x0002ca3c                iniche_devices_init
 .text          0x0002cb80       0x78 ../web_server_bsp/\libucosii_bsp.a(alt_iniche_read.o)
                0x0002cb80                read
 .text          0x0002cbf8       0x70 ../web_server_bsp/\libucosii_bsp.a(alt_iniche_write.o)
                0x0002cbf8                write
 .text          0x0002cc68      0xedc ../web_server_bsp/\libucosii_bsp.a(ipnet.o)
                0x0002cc68                Netinit
                0x0002d2b4                fixup_subnet_mask
                0x0002d414                netclose
                0x0002d4fc                pktdemux
                0x0002d8d0                c_older
                0x0002d9a0                ip2mac
 .text          0x0002db44      0x4b0 ../web_server_bsp/\libucosii_bsp.a(ipstart.o)
                0x0002db44                ip_startup
                0x0002de28                exit_hook
                0x0002de94                ip_exit
                0x0002df64                if_netnumber
 .text          0x0002dff4     0x1010 ../web_server_bsp/\libucosii_bsp.a(igmp_cmn.o)
                0x0002dff4                igmp_init
                0x0002e0a4                igmp_input
                0x0002e19c                igmp_fasttimo
                0x0002e338                igmp_send
                0x0002e5e0                igmp_joingroup
                0x0002e84c                igmp_leavegroup
                0x0002e8c8                igmp_validate
                0x0002ec24                igmp_print_stats
 .text          0x0002f004      0xb50 ../web_server_bsp/\libucosii_bsp.a(bsdsock.o)
                0x0002f004                bsd_accept
                0x0002f13c                bsd_getpeername
                0x0002f268                bsd_getsockname
                0x0002f394                bsd_i_sockoptlen
                0x0002f54c                bsd_getsockopt
                0x0002f66c                bsd_ioctl
                0x0002f770                bsd_inet_ntoa
                0x0002f7a0                bsd_recvfrom
                0x0002f900                bsd_select
                0x0002fa68                bsd_setsockopt
 .text          0x0002fb54      0x118 ../web_server_bsp/\libucosii_bsp.a(cksum.o)
                0x0002fb54                ccksum
                0x0002fc04                cksum
 .text          0x0002fc6c      0xa9c ../web_server_bsp/\libucosii_bsp.a(in_utils.o)
                0x0002fc6c                do_trap
                0x0002fc98                nextarg
                0x0002fd14                hexdump
                0x0002fe5c                print_ipad
                0x0002fed0                print_uptime
                0x0002fffc                panic
                0x00030040                print_eth
                0x000301a4                uslash
                0x00030224                ns_printf
                0x000303a8                std_out
                0x000303ec                con_page
                0x000304dc                parse_args
 .text          0x00030708      0x1c8 ../web_server_bsp/\libucosii_bsp.a(netmain.o)
                0x00030708                netmain
                0x000307fc                tk_netmain
                0x00030884                tk_nettick
 .text          0x000308d0      0x5e8 ../web_server_bsp/\libucosii_bsp.a(tk_crnos.o)
                0x000308d0                TK_OSTimeDly
                0x000308fc                TK_OSTaskResume
                0x0003096c                tcp_sleep
                0x00030b0c                tcp_wakeup
                0x00030c10                TK_OSTaskQuery
                0x00030c84                tk_yield
                0x00030cb0                tk_stats
 .text          0x00030eb8     0x2f40 ../web_server_bsp/\libucosii_bsp.a(dhcpclnt.o)
                0x00030eb8                dhc_get_srv_ipaddr
                0x00030f48                dhc_init
                0x00031004                dhc_set_callback
                0x00031048                dhc_upcall
                0x00031878                dhc_buildheader
                0x00031a94                dhc_discover
                0x00031fac                dhc_rx_offer
                0x000320b0                dhc_request
                0x00032bec                dhc_setip
                0x00032e6c                dhc_resetip
                0x00032f50                dhc_decline
                0x00033134                dhc_extract_opts
                0x000333f0                dhc_second
                0x0003398c                dhc_halt
                0x00033a14                dhc_reclaim
                0x00033be4                dhc_state_init
                0x00033c44                dhc_alldone
                0x00033cd4                dhc_ifacedone
                0x00033d48                dhc_set_state
 .text          0x00033df8       0xcc ../web_server_bsp/\libucosii_bsp.a(dhcputil.o)
                0x00033df8                find_opt
 .text          0x00033ec4      0x79c ../web_server_bsp/\libucosii_bsp.a(pktalloc.o)
                0x00033ec4                pk_init
                0x00034154                pk_alloc
                0x00034230                pk_validate
                0x000344e8                pk_free
                0x00034594                pk_get_max_intrsafe_buf_len
                0x000345b4                dump_buf_estats
 .text          0x00034660      0x288 ../web_server_bsp/\libucosii_bsp.a(q.o)
                0x00034660                getq
                0x00034728                putq
                0x000347d8                qdel
 .text          0x000348e8      0x31c ../web_server_bsp/\libucosii_bsp.a(udp_open.o)
                0x000348e8                udp_open
                0x00034b20                udp_close
 .text          0x00034c04      0x194 ../web_server_bsp/\libucosii_bsp.a(asm_cksum.o)
                0x00034c04                asm_cksum
 .text          0x00034d98      0x2a0 ../web_server_bsp/\libucosii_bsp.a(brdutils.o)
                0x00034d98                dtrap
                0x00034dc8                kbhit
                0x00034e74                getch
                0x00034ed4                clock_init
                0x00034f10                clock_c
                0x00034f2c                cticks_hook
                0x00034f98                irq_Mask
                0x00034ff4                irq_Unmask
 .text          0x00035038      0x488 ../web_server_bsp/\libucosii_bsp.a(osportco.o)
                0x00035038                LOCK_NET_RESOURCE
                0x000350f8                UNLOCK_NET_RESOURCE
                0x00035180                TK_NEWTASK
                0x00035394                wait_app_sem
                0x00035448                post_app_sem
 .text          0x000354c0      0x568 ../web_server_bsp/\libucosii_bsp.a(targnios.o)
                0x000354c0                alt_iniche_init
                0x000356dc                pre_task_setup
                0x00035750                post_task_setup
                0x00035770                prep_armintcp
                0x000357a8                calloc2
                0x000357dc                npalloc
                0x000358d0                npfree
                0x00035988                ncpalloc
                0x000359dc                ncpfree
 .text          0x00035a28     0x197c ../web_server_bsp/\libucosii_bsp.a(nptcp.o)
                0x00035a28                pffindtype
                0x00035ac8                pffindproto
                0x00035b98                m_getnbuf
                0x00035d40                m_free
                0x00035e74                m_freem
                0x00035eb8                m_copy
                0x000361dc                m_adj
                0x000363ac                mbuf_len
                0x00036404                dtom
                0x000364ac                remque
                0x0003651c                insque
                0x00036598                nptcp_init
                0x000366bc                tcp_rcv
                0x000368a8                ip_output
                0x00036ea0                in_broadcast
                0x00036ee0                np_stripoptions
                0x00036fc8                so_icmpdu
                0x00037320                tcp_tick
 .text          0x000373a4      0xa2c ../web_server_bsp/\libucosii_bsp.a(rawsock.o)
                0x000373a4                rawip_lookup
                0x00037414                rawip_soinput
                0x000375e8                rawip_usrreq
 .text          0x00037dd0     0x17fc ../web_server_bsp/\libucosii_bsp.a(sockcall.o)
                0x00037dd0                DOMAIN_CHECK
                0x00037e1c                t_socket
                0x00037eac                t_bind
                0x00038028                t_listen
                0x0003810c                t_accept
                0x000383a4                t_connect
                0x0003864c                t_getpeername
                0x00038690                t_getsockname
                0x000388d0                t_setsockopt
                0x00038aac                t_getsockopt
                0x00038c50                t_recv
                0x00038d40                t_recvfrom
                0x00038e90                t_sendto
                0x000390bc                t_send
                0x000392e4                t_shutdown
                0x000393c8                t_socketclose
                0x00039530                t_errno
 .text          0x000395cc     0x2374 ../web_server_bsp/\libucosii_bsp.a(socket.o)
                0x000395cc                socreate
                0x00039798                sobind
                0x000397f4                solisten
                0x000398e4                sofree
                0x00039a14                soclose
                0x00039d08                soabort
                0x00039d58                soaccept
                0x00039df4                soconnect
                0x00039ec8                sodisconnect
                0x00039f68                sosend
                0x0003a570                soreceive
                0x0003ad54                soshutdown
                0x0003adfc                sorflush
                0x0003aefc                sosetopt
                0x0003b3bc                sogetopt
                0x0003b8fc                sohasoutofband
 .text          0x0003b940     0x1318 ../web_server_bsp/\libucosii_bsp.a(socket2.o)
                0x0003b940                soisconnecting
                0x0003b9ac                soisconnected
                0x0003baa8                soisdisconnecting
                0x0003bb34                soisdisconnected
                0x0003bbf0                sonewconn
                0x0003be0c                soqinsque
                0x0003beb8                soqremque
                0x0003bfd8                socantsendmore
                0x0003c028                socantrcvmore
                0x0003c078                sbselqueue
                0x0003c0b0                sbwait
                0x0003c118                sbwakeup
                0x0003c1b4                soreserve
                0x0003c234                sbreserve
                0x0003c294                sbrelease
                0x0003c2dc                sbappend
                0x0003c384                sbappendrecord
                0x0003c464                sbappendaddr
                0x0003c66c                sbcompress
                0x0003c854                sbflush
                0x0003c8e4                sbdrop
                0x0003cab4                sbdropend
                0x0003cbc4                sbdroprecord
 .text          0x0003cc58      0x914 ../web_server_bsp/\libucosii_bsp.a(soselect.o)
                0x0003cc58                t_select
                0x0003ce78                sock_selscan
                0x0003cfd0                sock_select
                0x0003d1e4                in_pcbnotify
                0x0003d2b0                tcp_notify
                0x0003d318                ifd_clr
                0x0003d408                ifd_set
                0x0003d47c                ifd_isset
                0x0003d4fc                ifd_get
 .text          0x0003d56c     0x2fe8 ../web_server_bsp/\libucosii_bsp.a(tcp_in.o)
                0x0003d56c                tcp_reass
                0x0003d974                tcp_input
                0x0003fec8                tcp_dooptions
                0x00040058                tcp_pulloutofband
                0x00040184                tcp_xmit_timer
                0x000403f0                ip4_tcpmss
                0x00040438                tcp_mss
 .text          0x00040554     0x1360 ../web_server_bsp/\libucosii_bsp.a(tcp_out.o)
                0x00040554                tcp_output
                0x000416d0                tcp_setpersist
 .text          0x000418b4      0x9e8 ../web_server_bsp/\libucosii_bsp.a(tcp_subr.o)
                0x000418b4                tcp_init
                0x0004190c                tcp_template
                0x00041a24                tcp_respond
                0x00041eac                tcp_newtcpcb
                0x00041fc4                tcp_drop
                0x00042070                tcp_close
                0x00042158                tcp_quench
                0x000421a4                tcp_putseq
                0x00042224                tcp_getseq
 .text          0x0004229c      0x798 ../web_server_bsp/\libucosii_bsp.a(tcp_timr.o)
                0x0004229c                tcp_slowtimo
                0x0004253c                tcp_canceltimers
                0x00042598                tcp_timers
 .text          0x00042a34      0x9ec ../web_server_bsp/\libucosii_bsp.a(tcp_usr.o)
                0x00042a34                tcp_usrreq
                0x00043138                tcp_attach
                0x0004326c                tcp_disconnect
                0x00043340                tcp_usrclosed
 .text          0x00043420       0x4c ../web_server_bsp/\libucosii_bsp.a(tcpport.o)
                0x00043420                tcpinit
 .text          0x0004346c      0xd20 ../web_server_bsp/\libucosii_bsp.a(udpsock.o)
                0x0004346c                udp_lookup
                0x000434dc                udp_soinput
                0x00043694                udp_usrreq
                0x00043918                udp4_sockbind
                0x00043c54                udp4_socksend
                0x00044030                udp4_sockaddr
 .text          0x0004418c      0x154 ../web_server_bsp/\libucosii_bsp.a(alt_alarm_start.o)
                0x0004418c                alt_alarm_start
 .text          0x000442e0      0x14c ../web_server_bsp/\libucosii_bsp.a(alt_busy_sleep.o)
                0x000442e0                alt_busy_sleep
 .text          0x0004442c      0x15c ../web_server_bsp/\libucosii_bsp.a(alt_close.o)
                0x0004442c                alt_close
 .text          0x00044588       0x44 ../web_server_bsp/\libucosii_bsp.a(alt_dcache_flush_all.o)
                0x00044588                alt_dcache_flush_all
 .text          0x000445cc       0x2c ../web_server_bsp/\libucosii_bsp.a(alt_dev.o)
 .text          0x000445f8      0x114 ../web_server_bsp/\libucosii_bsp.a(alt_dev_llist_insert.o)
                0x000445f8                alt_dev_llist_insert
 .text          0x0004470c       0x64 ../web_server_bsp/\libucosii_bsp.a(alt_do_ctors.o)
                0x0004470c                _do_ctors
 .text          0x00044770       0x64 ../web_server_bsp/\libucosii_bsp.a(alt_do_dtors.o)
                0x00044770                _do_dtors
 .text          0x000447d4        0x0 ../web_server_bsp/\libucosii_bsp.a(alt_errno.o)
 .text          0x000447d4       0x94 ../web_server_bsp/\libucosii_bsp.a(alt_find_dev.o)
                0x000447d4                alt_find_dev
 .text          0x00044868      0x120 ../web_server_bsp/\libucosii_bsp.a(alt_find_file.o)
                0x00044868                alt_find_file
 .text          0x00044988       0x90 ../web_server_bsp/\libucosii_bsp.a(alt_fs_reg.o)
                0x00044988                alt_fs_reg
 .text          0x00044a18       0xf4 ../web_server_bsp/\libucosii_bsp.a(alt_get_fd.o)
                0x00044a18                alt_get_fd
 .text          0x00044b0c       0x30 ../web_server_bsp/\libucosii_bsp.a(alt_icache_flush_all.o)
                0x00044b0c                alt_icache_flush_all
 .text          0x00044b3c      0x1d4 ../web_server_bsp/\libucosii_bsp.a(alt_iic.o)
                0x00044b3c                alt_ic_isr_register
                0x00044b8c                alt_ic_irq_enable
                0x00044c28                alt_ic_irq_disable
                0x00044cc8                alt_ic_irq_enabled
 .text          0x00044d10       0xf8 ../web_server_bsp/\libucosii_bsp.a(alt_iic_isr_register.o)
                0x00044d10                alt_iic_isr_register
 .text          0x00044e08      0x13c ../web_server_bsp/\libucosii_bsp.a(alt_io_redirect.o)
                0x00044ecc                alt_io_redirect
 .text          0x00044f44        0x0 ../web_server_bsp/\libucosii_bsp.a(alt_irq_entry.o)
 .text          0x00044f44        0x0 ../web_server_bsp/\libucosii_bsp.a(alt_irq_handler.o)
 .text          0x00044f44        0x0 ../web_server_bsp/\libucosii_bsp.a(alt_irq_vars.o)
 .text          0x00044f44      0x180 ../web_server_bsp/\libucosii_bsp.a(alt_read.o)
                0x00044f44                alt_read
 .text          0x000450c4       0x38 ../web_server_bsp/\libucosii_bsp.a(alt_remap_cached.o)
                0x000450c4                alt_remap_cached
 .text          0x000450fc       0x40 ../web_server_bsp/\libucosii_bsp.a(alt_remap_uncached.o)
                0x000450fc                alt_remap_uncached
 .text          0x0004513c       0x64 ../web_server_bsp/\libucosii_bsp.a(alt_uncached_malloc.o)
                0x0004513c                alt_uncached_malloc
 .text          0x000451a0      0x180 ../web_server_bsp/\libucosii_bsp.a(alt_write.o)
                0x000451a0                alt_write
 .text          0x00045320       0x20 ../web_server_bsp/\libucosii_bsp.a(altera_nios2_qsys_irq.o)
                0x00045320                altera_nios2_qsys_irq_init
 .text          0x00045340       0xd0 ../web_server_bsp/\libucosii_bsp.a(os_cpu_a.o)
                0x00045340                OSCtxSw
                0x00045340                OSIntCtxSw
                0x000453cc                OSStartHighRdy
                0x000453ec                OSStartTsk
 .text          0x00045410      0x424 ../web_server_bsp/\libucosii_bsp.a(os_cpu_c.o)
                0x00045410                OSTaskStkInit
                0x00045720                OSTaskCreateHook
                0x00045740                OSTaskDelHook
                0x00045760                OSTaskSwHook
                0x0004577c                OSTaskStatHook
                0x00045798                OSTimeTickHook
                0x000457c0                OSInitHookBegin
                0x000457dc                OSInitHookEnd
                0x000457f8                OSTaskIdleHook
                0x00045814                OSTCBInitHook
 .text          0x00045834      0x460 ../web_server_bsp/\libucosii_bsp.a(altera_avalon_cfi_flash_amd.o)
                0x00045834                alt_program_amd
                0x0004589c                alt_erase_block_amd
 .text          0x00045c94      0x460 ../web_server_bsp/\libucosii_bsp.a(altera_avalon_cfi_flash_intel.o)
                0x00045c94                alt_program_intel
                0x00045d18                alt_erase_block_intel
 .text          0x000460f4      0x3d4 ../web_server_bsp/\libucosii_bsp.a(allports.o)
                0x000460f4                netmain_init
                0x000461f0                icmp_port_du
                0x00046278                station_state
                0x000463c4                sysuptime
                0x00046400                packet_check
                0x0004644c                mcastlist
                0x00046470                prep_modules
 .text          0x000464c8      0x480 ../web_server_bsp/\libucosii_bsp.a(timeouts.o)
                0x000464c8                inet_timer
                0x00046724                in_timerset
                0x000468a0                in_timerkill
 .text          0x00046948       0xa4 ../web_server_bsp/\libucosii_bsp.a(tk_misc.o)
                0x00046948                create_apptasks
                0x0004696c                task_stats
 .text          0x000469ec       0xb0 ../web_server_bsp/\libucosii_bsp.a(alt_iniche_fcntl.o)
                0x000469ec                fcntl
 .text          0x00046a9c     0x14a0 ../web_server_bsp/\libucosii_bsp.a(et_arp.o)
                0x00046a9c                etainit
                0x00046af0                et_send
                0x00046c6c                arp_free_pending
                0x00046cf4                arp_send_pending
                0x00046d68                send_arp
                0x00047200                find_oldest_arp
                0x000473a8                make_arp_entry
                0x000474bc                arpReply
                0x00047750                arprcv
                0x000479b0                send_via_arp
                0x00047b58                cb_arpent_tmo
                0x00047c70                grat_arp
 .text          0x00047f3c      0x298 ../web_server_bsp/\libucosii_bsp.a(iface.o)
                0x00047f3c                if_getbynum
                0x00047fc0                isbcast
                0x000480a0                reg_type
                0x0004813c                if_killsocks
 .text          0x000481d4     0x22a4 ../web_server_bsp/\libucosii_bsp.a(ip.o)
                0x000481d4                ip_init
                0x000482d0                ip_bldhead
                0x00048474                ip_write_internal
                0x00048bf4                ip_write
                0x00048e3c                ip_write2
                0x000491ec                ip_raw_write
                0x000492c4                ip_fragment_lc
                0x0004974c                ip_fragment
                0x00049d70                ip_mymach
                0x00049e1c                ip_dump
                0x0004a0d4                iproute
                0x0004a340                ip_copypkt
 .text          0x0004a478     0x1d9c ../web_server_bsp/\libucosii_bsp.a(ip_reasm.o)
                0x0004a478                ip_reasm_match_frag_with_ire
                0x0004a548                ip_reasm_determine_type_of_frag
                0x0004a634                ip_reasm_check_mem_useage
                0x0004a6cc                ip_reasm_incr_mem_useage
                0x0004a774                ip_reasm_decr_mem_useage
                0x0004a814                ip_reasm_process_first_fragment
                0x0004aaf4                ip_reassm
                0x0004ab94                ip_reasm_compute_overlap
                0x0004b124                ip_reasm_process_subsequent_fragments
                0x0004b6b8                ip_reasm_find_ire
                0x0004b71c                ip_reasm_copy_queued_fragments_into_reassy_buffer
                0x0004ba78                ip_reasm_process_timer_tick
                0x0004bb5c                ip_reasm_delete_ire
                0x0004bd24                ip_reasm_mark_compact_rfq
                0x0004be6c                ipr_stats
                0x0004c1c0                ip_reasm_send_icmp_timex
 .text          0x0004c214      0xe3c ../web_server_bsp/\libucosii_bsp.a(ipdemux.o)
                0x0004c214                ip_rcv
                0x0004c614                ip_rcv_phase2
                0x0004cc20                ip_demux
 .text          0x0004d050      0x2f0 ../web_server_bsp/\libucosii_bsp.a(ipmc.o)
                0x0004d050                in_addmulti
                0x0004d1b8                in_delmulti
                0x0004d2d0                lookup_mcast
 .text          0x0004d340       0xe4 ../web_server_bsp/\libucosii_bsp.a(ipport.o)
                0x0004d340                prep_ifaces
                0x0004d3d4                netexit
                0x0004d3fc                evtmap_setup
 .text          0x0004d424      0x550 ../web_server_bsp/\libucosii_bsp.a(ipraw.o)
                0x0004d424                ip_raw_open
                0x0004d514                ip_raw_close
                0x0004d5d4                ip_raw_input
                0x0004d80c                ip_raw_alloc
                0x0004d8d8                ip_raw_free
                0x0004d918                ip_raw_maxalloc
 .text          0x0004d974      0x6f0 ../web_server_bsp/\libucosii_bsp.a(iproute.o)
                0x0004d974                rt_lookup
                0x0004daf8                add_route
                0x0004df20                del_route
 .text          0x0004e064      0xe3c ../web_server_bsp/\libucosii_bsp.a(udp.o)
                0x0004e064                udpdemux
                0x0004e8bc                udp_send
                0x0004eb74                udpswap
                0x0004eca4                udp_socket
                0x0004ed74                udp_alloc
                0x0004ee34                udp_maxalloc
                0x0004ee60                udp_free
 .text          0x0004eea0      0x2e8 ../web_server_bsp/\libucosii_bsp.a(igmp.o)
                0x0004eea0                igmpv1_input
 .text          0x0004f188      0x7c0 ../web_server_bsp/\libucosii_bsp.a(igmp2.o)
                0x0004f188                igmpv2_input
                0x0004f2e8                igmpv2_process_report
                0x0004f434                igmpv2_process_query
                0x0004f680                igmpv2_chk_set_timer
                0x0004f7d8                igmpv2_chk4_rtr_alert_opt
 .text          0x0004f948      0x8fc ../web_server_bsp/\libucosii_bsp.a(ipopt.o)
                0x0004f948                IPADDR_TO_NETP
                0x0004fa90                ip_setmoptions
                0x00050080                ip_getmoptions
                0x000501c0                ip_freemoptions
 .text          0x00050244      0x6ac ../web_server_bsp/\libucosii_bsp.a(u_mctest.o)
                0x00050244                u_mctest_init
                0x00050274                u_mctest_run
 .text          0x000508f0      0x38c ../web_server_bsp/\libucosii_bsp.a(dhcsetup.o)
                0x000508f0                dhc_setup
                0x00050b78                dhc_main_ipset
 .text          0x00050c7c      0x40c ../web_server_bsp/\libucosii_bsp.a(memdev.o)
                0x00050c7c                init_memdev
                0x00050cf4                md_fopen
                0x00050d1c                md_fclose
                0x00050d3c                md_fread
                0x00050ebc                md_fwrite
                0x00050f3c                md_fseek
                0x00050f68                md_ftell
                0x00050f8c                md_fgetc
                0x00051064                md_unlink
 .text          0x00051088      0x810 ../web_server_bsp/\libucosii_bsp.a(parseip.o)
                0x00051088                parse_ipad
                0x000513a4                inet_addr
                0x0005140c                hextoa
                0x0005147c                inet_pton
                0x00051528                inet_ntop
                0x000515b4                print46_addr
                0x00051614                inet46_addr
                0x000516d8                inet_setport
                0x0005174c                convert_ip
 .text          0x00051898      0x1cc ../web_server_bsp/\libucosii_bsp.a(tcpcksum.o)
                0x00051898                tcp_cksum
 .text          0x00051a64      0x900 ../web_server_bsp/\libucosii_bsp.a(in_pcb.o)
                0x00051a64                in_pcballoc
                0x00051af8                in_pcbdetach
                0x00051b4c                in_pcbbind
                0x00051da0                in_pcbconnect
                0x00051fb0                in_pcbdisconnect
                0x00052010                in_setsockaddr
                0x0005208c                in_setpeeraddr
                0x00052108                in_pcblookup
 .text          0x00052364     0x1a74 ../web_server_bsp/\libucosii_bsp.a(vfsfiles.o)
                0x00052364                set_vfopen_error
                0x0005238c                get_vfopen_error
                0x000523ac                vf_alloc_and_link_vop
                0x00052428                vf_alloc_buffer
                0x00052500                vf_free_buffer
                0x00052550                vfopen_locked
                0x000528b8                vfopen
                0x00052908                vfclose_locked
                0x00052ab0                vfclose
                0x00052af0                vfflush
                0x00052b38                vfgets
                0x00052c1c                vfeof
                0x00052c74                vunlink_flag_open_files
                0x00052cd0                vunlink
                0x00052ef0                vfread
                0x0005309c                vfwrite_locked
                0x00053484                vfwrite
                0x000534e4                vfseek
                0x00053660                vftell
                0x00053794                vgetc_locked
                0x000538b4                vgetc
                0x000538fc                vfslookup_locked
                0x00053a34                vfslookup
                0x00053a7c                strippath
                0x00053c64                isvfile_locked
                0x00053cc8                isvfile
                0x00053d10                vferror
                0x00053d7c                vclearerr
 .text          0x00053dd8       0x24 ../web_server_bsp/\libucosii_bsp.a(vfsport.o)
                0x00053dd8                prep_vfs
 .text          0x00053dfc        0x0 ../web_server_bsp/\libucosii_bsp.a(alt_exception_entry.o)
 .text          0x00053dfc      0x1b4 ../web_server_bsp/\libucosii_bsp.a(alt_fcntl.o)
                0x00053dfc                alt_fcntl
 .text          0x00053fb0       0x90 ../web_server_bsp/\libucosii_bsp.a(alt_icache_flush.o)
                0x00053fb0                alt_icache_flush
 .text          0x00054040     0x130c ../web_server_bsp/\libucosii_bsp.a(icmp.o)
                0x00054040                icmprcv
                0x00054c74                icmp_destun
                0x00054fc4                icmp_timex
                0x000552f8                icmp_du
 .text          0x0005534c       0x14 c:/altera/12.0/nios2eds/bin/gnu/h-i686-mingw32/bin/../lib/gcc/nios2-elf/4.1.2/../../../../nios2-elf/lib\libc.a(lib_a-atexit.o)
                0x0005534c                atexit
 .text          0x00055360       0x1c c:/altera/12.0/nios2eds/bin/gnu/h-i686-mingw32/bin/../lib/gcc/nios2-elf/4.1.2/../../../../nios2-elf/lib\libc.a(lib_a-calloc.o)
                0x00055360                calloc
 .text          0x0005537c       0x38 c:/altera/12.0/nios2eds/bin/gnu/h-i686-mingw32/bin/../lib/gcc/nios2-elf/4.1.2/../../../../nios2-elf/lib\libc.a(lib_a-exit.o)
                0x0005537c                exit
 .text          0x000553b4       0x28 c:/altera/12.0/nios2eds/bin/gnu/h-i686-mingw32/bin/../lib/gcc/nios2-elf/4.1.2/../../../../nios2-elf/lib\libc.a(lib_a-malloc.o)
                0x000553b4                free
                0x000553c8                malloc
 .text          0x000553dc       0x34 c:/altera/12.0/nios2eds/bin/gnu/h-i686-mingw32/bin/../lib/gcc/nios2-elf/4.1.2/../../../../nios2-elf/lib\libc.a(lib_a-vprintf.o)
                0x000553dc                _vprintf_r
                0x000553f0                vprintf
 .text          0x00055410       0x74 c:/altera/12.0/nios2eds/bin/gnu/h-i686-mingw32/bin/../lib/gcc/nios2-elf/4.1.2/../../../../nios2-elf/lib\libc.a(lib_a-vsprintf.o)
                0x00055410                _vsprintf_r
                0x00055460                vsprintf
 .text          0x00055484      0x134 c:/altera/12.0/nios2eds/bin/gnu/h-i686-mingw32/bin/../lib/gcc/nios2-elf/4.1.2/../../../../nios2-elf/lib\libc.a(lib_a-__atexit.o)
                0x00055484                __register_exitproc
 .text          0x000555b8      0x1b4 c:/altera/12.0/nios2eds/bin/gnu/h-i686-mingw32/bin/../lib/gcc/nios2-elf/4.1.2/../../../../nios2-elf/lib\libc.a(lib_a-__call_atexit.o)
                0x000555bc                __call_exitprocs
 .text          0x0005576c       0x6c ../web_server_bsp/\libucosii_bsp.a(alt_exit.o)
                0x000557ac                _exit
 *(.gnu.warning.*)
 *(.fini)
                0x000557d8                PROVIDE (__etext, ABSOLUTE (.))
                0x000557d8                PROVIDE (_etext, ABSOLUTE (.))
                0x000557d8                PROVIDE (etext, ABSOLUTE (.))
 *(.eh_frame_hdr)
                0x000557d8                . = ALIGN (0x4)
                0x000557d8                PROVIDE (__preinit_array_start, ABSOLUTE (.))
 *(.preinit_array)
                0x000557d8                PROVIDE (__preinit_array_end, ABSOLUTE (.))
                0x000557d8                PROVIDE (__init_array_start, ABSOLUTE (.))
 *(.init_array)
                0x000557d8                PROVIDE (__init_array_end, ABSOLUTE (.))
                0x000557d8                PROVIDE (__fini_array_start, ABSOLUTE (.))
 *(.fini_array)
                0x000557d8                PROVIDE (__fini_array_end, ABSOLUTE (.))
 *(.eh_frame)
 .eh_frame      0x000557d8       0x40 c:/altera/12.0/nios2eds/bin/gnu/h-i686-mingw32/bin/../lib/gcc/nios2-elf/4.1.2\libgcc.a(_udivdi3.o)
 .eh_frame      0x00055818       0x2c c:/altera/12.0/nios2eds/bin/gnu/h-i686-mingw32/bin/../lib/gcc/nios2-elf/4.1.2\libgcc.a(_umoddi3.o)
                                 0x40 (size before relaxing)
 *(.gcc_except_table)
 *(.dynamic)
                0x00055844                PROVIDE (__CTOR_LIST__, ABSOLUTE (.))
 *(.ctors)
 *(SORT(.ctors.*))
 .ctors.65535   0x00055844        0x4 c:/altera/12.0/nios2eds/bin/gnu/h-i686-mingw32/bin/../lib/gcc/nios2-elf/4.1.2/../../../../nios2-elf/lib\libc.a(lib_a-__call_atexit.o)
                0x00055848                PROVIDE (__CTOR_END__, ABSOLUTE (.))
                0x00055848                PROVIDE (__DTOR_LIST__, ABSOLUTE (.))
 *(.dtors)
 *(SORT(.dtors.*))
                0x00055848                PROVIDE (__DTOR_END__, ABSOLUTE (.))
 *(.jcr)
                0x00055848                . = ALIGN (0x4)

.rodata         0x00055848     0x62e0
                0x00055848                PROVIDE (__ram_rodata_start, ABSOLUTE (.))
                0x00055848                . = ALIGN (0x4)
 *(.rodata .rodata.* .gnu.linkonce.r.*)
 .rodata        0x00055848      0x654 obj/default/alt_error_handler.o
 .rodata        0x00055e9c      0x888 obj/default/http.o
 .rodata        0x00056724      0x218 obj/default/network_utilities.o
 .rodata        0x0005693c      0x1ac obj/default/srec_flash.o
 .rodata        0x00056ae8       0x20 obj/default/tse_my_system.o
 .rodata        0x00056b08       0x64 obj/default/web_server.o
 .rodata        0x00056b6c      0x281 c:/altera/12.0/nios2eds/bin/gnu/h-i686-mingw32/bin/../lib/gcc/nios2-elf/4.1.2/../../../../nios2-elf/lib\libc.a(lib_a-ctype_.o)
                0x00056b6c                _ctype_
 *fill*         0x00056ded        0x3 00
 .rodata.str1.4
                0x00056df0        0x2 c:/altera/12.0/nios2eds/bin/gnu/h-i686-mingw32/bin/../lib/gcc/nios2-elf/4.1.2/../../../../nios2-elf/lib\libc.a(lib_a-impure.o)
                                  0x4 (size before relaxing)
 *fill*         0x00056df2        0x2 00
 .rodata.str1.4
                0x00056df4        0x3 c:/altera/12.0/nios2eds/bin/gnu/h-i686-mingw32/bin/../lib/gcc/nios2-elf/4.1.2/../../../../nios2-elf/lib\libc.a(lib_a-perror.o)
                                  0x4 (size before relaxing)
 *fill*         0x00056df7        0x1 00
 .rodata.str1.4
                0x00056df8        0x2 c:/altera/12.0/nios2eds/bin/gnu/h-i686-mingw32/bin/../lib/gcc/nios2-elf/4.1.2/../../../../nios2-elf/lib\libc.a(lib_a-puts.o)
                                  0x4 (size before relaxing)
 *fill*         0x00056dfa        0x2 00
 .rodata.str1.4
                0x00056dfc      0x7a2 c:/altera/12.0/nios2eds/bin/gnu/h-i686-mingw32/bin/../lib/gcc/nios2-elf/4.1.2/../../../../nios2-elf/lib\libc.a(lib_a-strerror.o)
                                0x7a8 (size before relaxing)
 *fill*         0x0005759e        0x2 00
 .rodata.str1.4
                0x000575a0       0x5e c:/altera/12.0/nios2eds/bin/gnu/h-i686-mingw32/bin/../lib/gcc/nios2-elf/4.1.2/../../../../nios2-elf/lib\libc.a(lib_a-vfprintf.o)
                                 0x60 (size before relaxing)
 .rodata        0x000575fe       0x20 c:/altera/12.0/nios2eds/bin/gnu/h-i686-mingw32/bin/../lib/gcc/nios2-elf/4.1.2/../../../../nios2-elf/lib\libc.a(lib_a-vfprintf.o)
 *fill*         0x0005761e        0x2 00
 .rodata.str1.4
                0x00057620        0x5 c:/altera/12.0/nios2eds/bin/gnu/h-i686-mingw32/bin/../lib/gcc/nios2-elf/4.1.2/../../../../nios2-elf/lib\libc.a(lib_a-vfscanf.o)
                                  0x8 (size before relaxing)
 *fill*         0x00057625        0x1 00
 .rodata        0x00057626       0x22 c:/altera/12.0/nios2eds/bin/gnu/h-i686-mingw32/bin/../lib/gcc/nios2-elf/4.1.2/../../../../nios2-elf/lib\libc.a(lib_a-vfscanf.o)
 .rodata.str1.4
                0x00057648       0x10 c:/altera/12.0/nios2eds/bin/gnu/h-i686-mingw32/bin/../lib/gcc/nios2-elf/4.1.2/../../../../nios2-elf/lib\libc.a(lib_a-dtoa.o)
                                 0x14 (size before relaxing)
 .rodata.str1.4
                0x00057658        0xf c:/altera/12.0/nios2eds/bin/gnu/h-i686-mingw32/bin/../lib/gcc/nios2-elf/4.1.2/../../../../nios2-elf/lib\libc.a(lib_a-locale.o)
                                 0x18 (size before relaxing)
 *fill*         0x00057667        0x1 00
 .rodata        0x00057668       0x30 c:/altera/12.0/nios2eds/bin/gnu/h-i686-mingw32/bin/../lib/gcc/nios2-elf/4.1.2/../../../../nios2-elf/lib\libc.a(lib_a-locale.o)
 .rodata.str1.4
                0x00000000        0x4 c:/altera/12.0/nios2eds/bin/gnu/h-i686-mingw32/bin/../lib/gcc/nios2-elf/4.1.2/../../../../nios2-elf/lib\libc.a(lib_a-mbrtowc.o)
 .rodata        0x00057698      0x124 c:/altera/12.0/nios2eds/bin/gnu/h-i686-mingw32/bin/../lib/gcc/nios2-elf/4.1.2/../../../../nios2-elf/lib\libc.a(lib_a-mprec.o)
                0x00057698                __mprec_tens
                0x00057760                __mprec_bigtens
                0x00057788                __mprec_tinytens
 .rodata.str1.4
                0x000577bc        0xf c:/altera/12.0/nios2eds/bin/gnu/h-i686-mingw32/bin/../lib/gcc/nios2-elf/4.1.2/../../../../nios2-elf/lib\libc.a(lib_a-strtod.o)
                                 0x10 (size before relaxing)
 *fill*         0x000577cb        0x1 00
 .rodata        0x000577cc       0x28 c:/altera/12.0/nios2eds/bin/gnu/h-i686-mingw32/bin/../lib/gcc/nios2-elf/4.1.2/../../../../nios2-elf/lib\libc.a(lib_a-strtod.o)
 .rodata.str1.4
                0x000577f4       0x1c c:/altera/12.0/nios2eds/bin/gnu/h-i686-mingw32/bin/../lib/gcc/nios2-elf/4.1.2/../../../../nios2-elf/lib\libc.a(lib_a-gdtoa-gethex.o)
 .rodata        0x00057810       0x14 c:/altera/12.0/nios2eds/bin/gnu/h-i686-mingw32/bin/../lib/gcc/nios2-elf/4.1.2\libgcc.a(_thenan_df.o)
                0x00057810                __thenan_df
 .rodata        0x00057824      0x100 c:/altera/12.0/nios2eds/bin/gnu/h-i686-mingw32/bin/../lib/gcc/nios2-elf/4.1.2\libgcc.a(_clz.o)
                0x00057824                __clz_tab
 .rodata        0x00057924       0x10 ../web_server_bsp/\libucosii_bsp.a(alt_main.o)